12-12 14:50:04.230   265  7333 E mm-camera-sensor: sunny_f13s01l_eeprom_format_afdata:296 AF : macro 662 infinity 358 (no starting DAC set to infinity)
12-12 14:50:04.230   265  7333 E mm-camera-sensor: sunny_f13s01l_eeprom_format_calibration_data:624 Verified PDAF
12-12 14:50:04.231   265  7333 E mm-camera-sensor: sunny_f13s01l_eeprom_format_pdafgain:527 PD_conversion_coeff 19923
12-12 14:50:04.231   265  7338 E mm-camera: Init Laser Sensor Interface!
12-12 14:50:04.231   265  7338 E mm-camera: Open sensor module library: /system/lib64/hw/sensors.hal.tof.so!
12-12 14:50:04.231   265  7338 E mm-camera: Failed opening /system/lib64/hw/sensors.hal.tof.so. Try opening /system/lib/hw/sensors.hal.tof.so
12-12 14:50:04.231   265  7338 E mm-camera: Failure opening sensor library! Error: dlopen failed: library "/system/lib/hw/sensors.hal.tof.so" not found
12-12 14:50:04.231   265  7338 E mm-camera: Failure initializing laser sensor. Error: 4
12-12 14:50:04.231   265  7338 E mm-camera: gyro_port_init , EXIT 
12-12 14:50:04.299   265  7333 E mm-camera-sensor: actuator_load_lib:412 name=dw9800w, mode=camera
12-12 14:50:04.300   265  7333 E mm-camera-sensor: actuator_load_lib:412 name=dw9800w, mode=camcorder
12-12 14:50:04.301   265  7333 E mm-camera-sensor: eeprom_do_af_calibration:610 turn on Cal af(1)
12-12 14:50:04.301   265  7333 E mm-camera-sensor: eeprom_do_af_calibration:613 is_afc 1
12-12 14:50:04.301   265  7333 E mm-camera-sensor: module_sensor_start_session:745 failed
12-12 14:50:04.301   265  7352 E mm-camera: sensor_thread_func thread_id is 7352
12-12 14:50:04.301   265  7333 E mm-camera-sensor: module_sensor_start_session:751 failed
12-12 14:50:04.301   265   265 E mm-camera: Tuning lib open failed: dlopen failed: library "libmmcamera_tuning.so" not found
12-12 14:50:04.345   265  7363 E mm-camera: mct_pipeline_stop_session_thread thread_id is 7363
12-12 14:50:04.345   265  7364 E mm-camera: mct_pipeline_stop_session_thread thread_id is 7364
12-12 14:50:04.345   265  7365 E mm-camera: mct_pipeline_stop_session_thread thread_id is 7365
12-12 14:50:04.345   265  7366 E mm-camera: mct_pipeline_stop_session_thread thread_id is 7366
12-12 14:50:04.348   265  7371 E mm-camera: mct_pipeline_stop_session_thread thread_id is 7371
12-12 14:50:04.348   265  7366 E mm-camera: gyro_port_deinit: Deinit Gyro port
12-12 14:50:04.348   265  7366 E mm-camera: gyro_port_deinit: Deinit DSPS
12-12 14:50:04.349   265  7366 E mm-camera: gyro_port_deinit: DSPS deinited
12-12 14:50:04.351   265  7372 E mm-camera: mct_pipeline_stop_session_thread thread_id is 7372
12-12 14:50:04.351   265   265 E mm-camera: mct_pipeline_stop_session: left modules: 5
12-12 14:50:04.351   265   265 E mm-camera: mct_pipeline_stop_session: left modules: 4
12-12 14:50:04.351   265   265 E mm-camera: mct_pipeline_stop_session: left modules: 3
12-12 14:50:04.352   265  7372 E hdr     : Session id 0x2 stopped
12-12 14:50:04.352   265   265 E mm-camera: mct_pipeline_stop_session: left modules: 2
12-12 14:50:04.353   265   265 E mm-camera: mct_pipeline_stop_session: left modules: 1
12-12 14:50:04.370   265   265 E mm-camera: mct_pipeline_stop_session: left modules: 0
12-12 14:50:04.370   265  7352 E mm-camera: Got some events
12-12 14:50:04.378   265  7375 E mm-camera: isp_tintless_get_version: lib returned version 3.61 err=0
12-12 14:50:04.379   265  7379 E mm-camera: isp_tintless_main_loop thread_id is 7379
12-12 14:50:04.379   265  7378 E hdr     : Session id 0x1 started
12-12 14:50:04.383   265  7376 E mm-camera-CORE: af_init: updated HAF func table
12-12 14:50:04.383   265  7376 E mm-camera: gyro_port_init: Init DSPS
12-12 14:50:04.384   265  7376 E mm-camera: gyro_port_init: DSPS inited
12-12 14:50:04.385   265  7373 E mm-camera-sensor: eeprom_load_library:709 e_ctrl->eeprom_lib.func_tbl =0xb3f11004
12-12 14:50:04.386   265  7376 E mm-camera: Init Laser Sensor Interface!
12-12 14:50:04.386   265  7376 E mm-camera: Open sensor module library: /system/lib64/hw/sensors.hal.tof.so!
12-12 14:50:04.386   265  7376 E mm-camera: Failed opening /system/lib64/hw/sensors.hal.tof.so. Try opening /system/lib/hw/sensors.hal.tof.so
12-12 14:50:04.386   265  7376 E mm-camera: Failure opening sensor library! Error: dlopen failed: library "/system/lib/hw/sensors.hal.tof.so" not found
12-12 14:50:04.386   265  7376 E mm-camera: Failure initializing laser sensor. Error: 4
12-12 14:50:04.386   265  7376 E mm-camera: gyro_port_init , EXIT 
12-12 14:50:04.498   265  7373 E mm-camera-sensor: module_sensor_start_session:745 failed
12-12 14:50:04.498   265  7373 E mm-camera-sensor: module_sensor_start_session:751 failed
12-12 14:50:04.498   265   265 E mm-camera-sensor: module_sensor_query_mod:3944 led flash is not supported for this sensor.
12-12 14:50:04.499   265   265 E mm-camera: Tuning lib open failed: dlopen failed: library "libmmcamera_tuning.so" not found
12-12 14:50:04.500   265  7410 E mm-camera-sensor: module_sensor_query_mod:3944 led flash is not supported for this sensor.
12-12 14:50:04.500  7220  7220 E QCameraHWI_Mem: int qcamera::QCameraMemory::alloc(int, int, int) : No memory pool available
12-12 14:50:04.501  7220  7220 E QCameraParameters: int32_t qcamera::QCameraParameters::initDefaultParameters(): supported flash modes cnt is 0!!!
12-12 14:50:04.501   265  7409 E mm-camera: sensor_thread_func thread_id is 7409
12-12 14:50:04.527  7220  7220 E OneplusCamera: void qcamera::PerfLock::release(): not acquired
12-12 14:50:04.536  7220  7220 E QCameraPostProc: int32_t qcamera::QCameraPostProcessor::deinit(): Jpeg closed, rc = 0, mJpegClientHandle = 200
12-12 14:50:04.537  7220  7220 E OneplusCamera: void qcamera::PerfLock::release(): fail
12-12 14:50:04.537  7220  7220 E OneplusCamera: void qcamera::PerfLock::release(): not acquired
12-12 14:50:04.537   265  7424 E mm-camera: mct_pipeline_stop_session_thread thread_id is 7424
12-12 14:50:04.538   265  7425 E mm-camera: mct_pipeline_stop_session_thread thread_id is 7425
12-12 14:50:04.538   265  7426 E mm-camera: mct_pipeline_stop_session_thread thread_id is 7426
12-12 14:50:04.539   265  7427 E mm-camera: mct_pipeline_stop_session_thread thread_id is 7427
12-12 14:50:04.540   265  7431 E mm-camera: mct_pipeline_stop_session_thread thread_id is 7431
12-12 14:50:04.541   265  7427 E mm-camera: gyro_port_deinit: Deinit Gyro port
12-12 14:50:04.541   265  7427 E mm-camera: gyro_port_deinit: Deinit DSPS
12-12 14:50:04.542   265  7427 E mm-camera: gyro_port_deinit: DSPS deinited
12-12 14:50:04.544   265  7432 E mm-camera: mct_pipeline_stop_session_thread thread_id is 7432
12-12 14:50:04.544   265   265 E mm-camera: mct_pipeline_stop_session: left modules: 5
12-12 14:50:04.544   265   265 E mm-camera: mct_pipeline_stop_session: left modules: 4
12-12 14:50:04.544   265   265 E mm-camera: mct_pipeline_stop_session: left modules: 3
12-12 14:50:04.544   265  7432 E hdr     : Session id 0x1 stopped
12-12 14:50:04.544   265   265 E mm-camera: mct_pipeline_stop_session: left modules: 2
12-12 14:50:04.544   265   265 E mm-camera: mct_pipeline_stop_session: left modules: 1
12-12 14:50:04.562   265   265 E mm-camera: mct_pipeline_stop_session: left modules: 0
12-12 14:50:04.562   265  7409 E mm-camera: Got some events
12-12 14:50:04.642  7389  7389 E MOD.AmbientApiClientImp: This application will not run unless you install Ambient services
12-12 14:50:04.681  7220  7220 E audio_route: Control 'SLIMBUS_0_RX Port Mixer INT_BT_SCO_TX' doesn't exist - skipping
12-12 14:50:04.682  7220  7220 E audio_route: Control 'INTERNAL_BT_SCO_RX Audio Mixer Multimedia6' doesn't exist - skipping
12-12 14:50:04.682  7220  7220 E audio_route: Control 'MultiMedia4 Mixer MI2S_TX' doesn't exist - skipping
12-12 14:50:04.683  7220  7220 E audio_route: Control 'RX4 DSM MUX' doesn't exist - skipping
12-12 14:50:04.684  7220  7220 E audio_route: Control 'RX6 DSM MUX' doesn't exist - skipping
12-12 14:50:04.690  7220  7220 E audio_route: Control 'RX4 DSM MUX' doesn't exist - skipping
12-12 14:50:04.690  7220  7220 E audio_route: Control 'RX6 DSM MUX' doesn't exist - skipping
12-12 14:50:04.700  7220  7220 E Diag_Lib:  Diag_LSM_Init: Failed to open handle to diag driver, error = 2
12-12 14:50:04.700  7220  7220 E Diag_Lib:  diagpkt_tbl_reg: Registration failed.
12-12 14:50:04.701  7220  7220 E msm8974_platform: hw_util_open Opening device /dev/snd/hwC0D1000
12-12 14:50:04.701  7220  7220 E msm8974_platform: hw_util_open success
12-12 14:50:04.701  7220  7220 E msm8974_platform:  send_codec_cal cal sent for anc_cal
12-12 14:50:04.701  7220  7220 E ACDB-LOADER: ACDB -> send_codec_cal
12-12 14:50:04.701  7220  7220 E msm8974_platform:  send_codec_cal cal sent for mad_cal
12-12 14:50:04.701  7220  7220 E msm8974_platform:  send_codec_cal cal sent for mbhc_cal
12-12 14:50:04.703  7220  7220 E audio_hw_primary: Amplifier initialization failed
12-12 14:50:04.727  7220  7220 E ACDB-LOADER: Error: ACDB AudProc vol returned = -19
12-12 14:50:04.732  7220  7220 E ACDB-LOADER: Error: ACDB AudProc vol returned = -19
12-12 14:50:04.744  7220  7445 E AudioFlinger: no wake lock to update!
12-12 14:50:04.745  7220  7220 E MonoPipe: Failed to fetch local time frequency when constructing a MonoPipe (res = -32).  getNextWriteTimestamp calls will be non-functional
12-12 14:50:04.746  7220  7447 E AudioFlinger: no wake lock to update!
12-12 14:50:04.747  7220  7449 E AudioFlinger: no wake lock to update!
12-12 14:50:04.750  7220  7220 E AudioFlinger: not enough memory for pipe buffer size=24576
12-12 14:50:04.757  7220  7220 E SoundTriggerHwService: couldn't load sound trigger module sound_trigger.primary (No such file or directory)
12-12 14:50:04.757  7220  7220 E RadioService: couldn't load radio module radio.primary (No such file or directory)
12-12 14:50:04.758  5620  5620 E MediaPlayer-JNI: JNIMediaPlayerFactory: bIsQCMediaPlayerPresent 0
12-12 14:50:04.758  5620  5620 E MediaPlayer-JNI: JNIMediaPlayerFactory: bIsQCMediaPlayerPresent 0
12-12 14:50:04.759  7220  7454 E bt_a2dp_hw: adev_set_parameters: ERROR: set param called even when stream out is null
12-12 14:50:04.883  7220  7453 E OMX     : FAILED to allocate omx component 'OMX.qcom.video.encoder.hevc' err=NotImplemented(0x80001006)
12-12 14:50:04.891  7220  7453 E OMXNodeInstance: getParameter(13:qcom.decoder.avc, ??(0x7f000044)) ERROR: UnsupportedSetting(0x80001019)
12-12 14:50:04.891  7220  7453 E OMXNodeInstance: getParameter(13:qcom.decoder.avc, ??(0x7f000044)) ERROR: UnsupportedSetting(0x80001019)
12-12 14:50:04.900  7220  7453 E OMXNodeInstance: getParameter(14:qcom.decoder.avc.secure, ??(0x7f000044)) ERROR: UnsupportedSetting(0x80001019)
12-12 14:50:04.900  7220  7453 E OMXNodeInstance: getParameter(14:qcom.decoder.avc.secure, ??(0x7f000044)) ERROR: UnsupportedSetting(0x80001019)
12-12 14:50:04.907  7220  7453 E OMXNodeInstance: getParameter(15:qcom.decoder.mpeg4, ??(0x7f000044)) ERROR: UnsupportedSetting(0x80001019)
12-12 14:50:04.907  7220  7453 E OMXNodeInstance: getParameter(15:qcom.decoder.mpeg4, ??(0x7f000044)) ERROR: UnsupportedSetting(0x80001019)
12-12 14:50:04.912  7220  7453 E OMXNodeInstance: getParameter(16:qcom.decoder.mpeg2, ??(0x7f000044)) ERROR: UnsupportedSetting(0x80001019)
12-12 14:50:04.912  7220  7453 E OMXNodeInstance: getParameter(16:qcom.decoder.mpeg2, ??(0x7f000044)) ERROR: UnsupportedSetting(0x80001019)
12-12 14:50:04.918  7220  7453 E OMXNodeInstance: getParameter(17:qcom.decoder.mpeg2.secure, ??(0x7f000044)) ERROR: UnsupportedSetting(0x80001019)
12-12 14:50:04.918  7220  7453 E OMXNodeInstance: getParameter(17:qcom.decoder.mpeg2.secure, ??(0x7f000044)) ERROR: UnsupportedSetting(0x80001019)
12-12 14:50:04.923  7220  7453 E OMXNodeInstance: getParameter(18:qcom.decoder.h263, ??(0x7f000044)) ERROR: UnsupportedSetting(0x80001019)
12-12 14:50:04.923  7220  7453 E OMXNodeInstance: getParameter(18:qcom.decoder.h263, ??(0x7f000044)) ERROR: UnsupportedSetting(0x80001019)
12-12 14:50:04.928  7220  7453 E OMXNodeInstance: getParameter(19:qcom.decoder.vc1, ??(0x7f000044)) ERROR: UnsupportedSetting(0x80001019)
12-12 14:50:04.928  7220  7453 E OMXNodeInstance: getParameter(19:qcom.decoder.vc1, ??(0x7f000044)) ERROR: UnsupportedSetting(0x80001019)
12-12 14:50:04.929  7220  7453 E OMX     : FAILED to allocate omx component 'OMX.qcom.video.decoder.vc1.secure' err=InvalidComponentName(0x80001002)
12-12 14:50:04.936  7220  7453 E OMXNodeInstance: getParameter(1a:qcom.decoder.divx, ??(0x7f000044)) ERROR: UnsupportedSetting(0x80001019)
12-12 14:50:04.936  7220  7453 E OMXNodeInstance: getParameter(1a:qcom.decoder.divx, ??(0x7f000044)) ERROR: UnsupportedSetting(0x80001019)
12-12 14:50:04.941  7220  7453 E OMXNodeInstance: getParameter(1b:qcom.decoder.divx311, ??(0x7f000044)) ERROR: UnsupportedSetting(0x80001019)
12-12 14:50:04.941  7220  7453 E OMXNodeInstance: getParameter(1b:qcom.decoder.divx311, ??(0x7f000044)) ERROR: UnsupportedSetting(0x80001019)
12-12 14:50:04.946  7220  7453 E OMXNodeInstance: getParameter(1c:qcom.decoder.divx4, ??(0x7f000044)) ERROR: UnsupportedSetting(0x80001019)
12-12 14:50:04.946  7220  7453 E OMXNodeInstance: getParameter(1c:qcom.decoder.divx4, ??(0x7f000044)) ERROR: UnsupportedSetting(0x80001019)
12-12 14:50:04.950  7220  7453 E OMXNodeInstance: getParameter(1d:qcom.decoder.vp8, ??(0x7f000044)) ERROR: UnsupportedSetting(0x80001019)
12-12 14:50:04.951  7220  7453 E OMXNodeInstance: getParameter(1d:qcom.decoder.vp8, ??(0x7f000044)) ERROR: UnsupportedSetting(0x80001019)
12-12 14:50:04.953  7220  7453 E OMX     : FAILED to allocate omx component 'OMX.qcom.video.decoder.hevc' err=NotImplemented(0x80001006)
12-12 14:50:04.954  7220  7453 E OMX     : FAILED to allocate omx component 'OMX.qcom.video.decoder.hevc.secure' err=InvalidComponentName(0x80001002)
12-12 14:50:05.147  7220  7454 E bt_a2dp_hw: adev_set_parameters: ERROR: set param called even when stream out is null
12-12 14:50:06.036  7707  7720 E art     : Failed sending reply to debugger: Broken pipe
12-12 14:50:06.242  7747  7747 E MOD.AmbientApiClientImp: This application will not run unless you install Ambient services
12-12 14:50:06.270  7287  7287 F libc    : Fatal signal 6 (SIGABRT), code -6 in tid 7287 (ndroid.systemui)
12-12 14:50:06.372   247   247 F DEBUG   : *** *** *** *** *** *** *** *** *** *** *** *** *** *** *** ***
12-12 14:50:06.372   247   247 F DEBUG   : CM Version: 'unknown'
12-12 14:50:06.372   247   247 F DEBUG   : Build fingerprint: 'OnePlus/OnePlus/OnePlus:5.1.1/LMY47V/1441677661:user/release-keys'
12-12 14:50:06.372   247   247 F DEBUG   : Revision: '0'
12-12 14:50:06.372   247   247 F DEBUG   : ABI: 'arm'
12-12 14:50:06.372   247   247 F DEBUG   : pid: 7287, tid: 7287, name: ndroid.systemui  >>> com.android.systemui <<<
12-12 14:50:06.372   247   247 F DEBUG   : signal 6 (SIGABRT), code -6 (SI_TKILL), fault addr --------
12-12 14:50:06.396   247   247 F DEBUG   : Abort message: 'art/runtime/indirect_reference_table.cc:115] JNI ERROR (app bug): local reference table overflow (max=512)'
12-12 14:50:06.396   247   247 E DEBUG   : AM write failed: Broken pipe
12-12 14:50:06.396   247   247 F DEBUG   :     r0 00000000  r1 00001c77  r2 00000006  r3 00000000
12-12 14:50:06.396   247   247 F DEBUG   :     r4 b6f51b88  r5 00000006  r6 b6f51b38  r7 0000010c
12-12 14:50:06.396   247   247 F DEBUG   :     r8 b4e3f828  r9 b4e3de58  sl b7f96e60  fp b4e255a4
12-12 14:50:06.396   247   247 F DEBUG   :     ip 00000000  sp bedc75d8  lr b6ca8e81  pc b6cab5e4  cpsr 20070010
12-12 14:50:06.413   247   247 F DEBUG   : 
12-12 14:50:06.413   247   247 F DEBUG   : backtrace:
12-12 14:50:06.413   247   247 F DEBUG   :     #00 pc 0004a5e4  /system/lib/libc.so (tgkill+12)
12-12 14:50:06.413   247   247 F DEBUG   :     #01 pc 00047e7d  /system/lib/libc.so (pthread_kill+36)
12-12 14:50:06.413   247   247 F DEBUG   :     #02 pc 0001bc03  /system/lib/libc.so (raise+10)
12-12 14:50:06.413   247   247 F DEBUG   :     #03 pc 000184ad  /system/lib/libc.so (__libc_android_abort+36)
12-12 14:50:06.413   247   247 F DEBUG   :     #04 pc 0001650c  /system/lib/libc.so (abort+4)
12-12 14:50:06.413   247   247 F DEBUG   :     #05 pc 00315d81  /system/lib/libart.so (_ZN3art7Runtime5AbortEv+212)
12-12 14:50:06.413   247   247 F DEBUG   :     #06 pc 000f3bed  /system/lib/libart.so (_ZN3art10LogMessageD2Ev+1296)
12-12 14:50:06.413   247   247 F DEBUG   :     #07 pc 000f0c53  /system/lib/libart.so (_ZN3art7BarrierD2Ev+182)
12-12 14:50:06.413   247   247 F DEBUG   :     #08 pc 0033c279  /system/lib/libart.so (_ZN3art10ThreadList4DumpERNSt3__113basic_ostreamIcNS1_11char_traitsIcEEEE+144)
12-12 14:50:06.413   247   247 F DEBUG   :     #09 pc 00315e43  /system/lib/libart.so (_ZN3art7Runtime5AbortEv+406)
12-12 14:50:06.413   247   247 F DEBUG   :     #10 pc 000f3bed  /system/lib/libart.so (_ZN3art10LogMessageD2Ev+1296)
12-12 14:50:06.414   247   247 F DEBUG   :     #11 pc 001cffc9  /system/lib/libart.so (_ZN3art22IndirectReferenceTable3AddEjPNS_6mirror6ObjectE+228)
12-12 14:50:06.414   247   247 F DEBUG   :     #12 pc 0019fd37  /system/lib/libart.so (_ZN3art2gc4Heap21AddFinalizerReferenceEPNS_6ThreadEPPNS_6mirror6ObjectE+338)
12-12 14:50:06.414   247   247 F DEBUG   :     #13 pc 003abc9b  /system/lib/libart.so (artAllocObjectFromCodeRosAlloc+318)
12-12 14:50:06.414   247   247 F DEBUG   :     #14 pc 000e7dfd  /system/lib/libart.so (art_quick_alloc_object_rosalloc+28)
12-12 14:50:06.414   247   247 F DEBUG   :     #15 pc 73dc2d45  /data/dalvik-cache/arm/system@framework@boot.oat (offset 0x1fe2000)
12-12 14:50:06.763  7801  7801 E ConfigUpdater: ignoring update request
12-12 14:50:06.768  7801  7801 E ConfigUpdater: ignoring update request
12-12 14:50:06.776  7801  7801 E ConfigUpdater: ignoring update request
12-12 14:50:06.779  7801  7801 E ConfigUpdater: ignoring update request
12-12 14:50:06.783  7801  7801 E ConfigUpdater: ignoring update request
12-12 14:50:06.794  7801  7801 E ConfigUpdater: ignoring update request
12-12 14:50:06.798  7801  7801 E ConfigUpdater: ignoring update request
12-12 14:50:06.818   247   247 F DEBUG   : 
12-12 14:50:06.818   247   247 F DEBUG   : Tombstone written to: /data/tombstones/tombstone_02
12-12 14:50:07.976  7988  7997 E art     : Failed sending reply to debugger: Broken pipe
12-12 14:50:08.114  7934  7934 E Finsky  : [1] com.google.android.finsky.wear.bp.a(847): onConnectionFailed: ConnectionResult{statusCode=API_UNAVAILABLE, resolution=null, message=null}
12-12 14:50:08.546  4230  4230 E ctxmgr  : [FencePendingIntentCache]Expected to find a PendingIntent for pendingIntentKey=937387ed-f7cc-4be9-86af-c52e8ef99aff
12-12 14:50:08.546  4230  4230 E ctxmgr  : [FencePendingIntentCache]Expected to find a PendingIntent for pendingIntentKey=937387ed-f7cc-4be9-86af-c52e8ef99aff
12-12 14:50:08.546  4230  4230 E ctxmgr  : [FencePendingIntentCache]Expected to find a PendingIntent for pendingIntentKey=937387ed-f7cc-4be9-86af-c52e8ef99aff
12-12 14:50:08.578  8038  8038 E libcrashlytics: Failed to find any usable unwinding libraries on the device, falling back to simple unwinding
12-12 14:50:08.649  7842  7842 F libc    : Fatal signal 6 (SIGABRT), code -6 in tid 7842 (ndroid.systemui)
12-12 14:50:08.729  8038  8038 E com.rstudioz.habits: Already started
12-12 14:50:08.729  8038  8038 E com.rstudioz.habits: org.solovyev.android.checkout.Check$AssertionException: Already started
12-12 14:50:08.729  8038  8038 E com.rstudioz.habits: 	at org.solovyev.android.checkout.Check.isFalse(Check.java)
12-12 14:50:08.729  8038  8038 E com.rstudioz.habits: 	at org.solovyev.android.checkout.Checkout.start(Checkout.java)
12-12 14:50:08.729  8038  8038 E com.rstudioz.habits: 	at org.solovyev.android.checkout.Checkout.start(Checkout.java)
12-12 14:50:08.729  8038  8038 E com.rstudioz.habits: 	at gui.services.CacheService.onStartCommand(CacheService.java)
12-12 14:50:08.729  8038  8038 E com.rstudioz.habits: 	at android.app.ActivityThread.handleServiceArgs(ActivityThread.java:3056)
12-12 14:50:08.729  8038  8038 E com.rstudioz.habits: 	at android.app.ActivityThread.-wrap17(ActivityThread.java)
12-12 14:50:08.729  8038  8038 E com.rstudioz.habits: 	at android.app.ActivityThread$H.handleMessage(ActivityThread.java:1461)
12-12 14:50:08.729  8038  8038 E com.rstudioz.habits: 	at android.os.Handler.dispatchMessage(Handler.java:102)
12-12 14:50:08.729  8038  8038 E com.rstudioz.habits: 	at android.os.Looper.loop(Looper.java:148)
12-12 14:50:08.729  8038  8038 E com.rstudioz.habits: 	at android.app.ActivityThread.main(ActivityThread.java:5475)
12-12 14:50:08.729  8038  8038 E com.rstudioz.habits: 	at java.lang.reflect.Method.invoke(Native Method)
12-12 14:50:08.729  8038  8038 E com.rstudioz.habits: 	at com.android.internal.os.ZygoteInit$MethodAndArgsCaller.run(ZygoteInit.java:726)
12-12 14:50:08.729  8038  8038 E com.rstudioz.habits: 	at com.android.internal.os.ZygoteInit.main(ZygoteInit.java:616)
12-12 14:50:08.729  8038  8038 E com.rstudioz.habits: 	at de.robv.android.xposed.XposedBridge.main(XposedBridge.java:102)
12-12 14:50:08.750   247   247 F DEBUG   : *** *** *** *** *** *** *** *** *** *** *** *** *** *** *** ***
12-12 14:50:08.750   247   247 F DEBUG   : CM Version: 'unknown'
12-12 14:50:08.750   247   247 F DEBUG   : Build fingerprint: 'OnePlus/OnePlus/OnePlus:5.1.1/LMY47V/1441677661:user/release-keys'
12-12 14:50:08.750   247   247 F DEBUG   : Revision: '0'
12-12 14:50:08.750   247   247 F DEBUG   : ABI: 'arm'
12-12 14:50:08.750   247   247 F DEBUG   : pid: 7842, tid: 7842, name: ndroid.systemui  >>> com.android.systemui <<<
12-12 14:50:08.751   247   247 F DEBUG   : signal 6 (SIGABRT), code -6 (SI_TKILL), fault addr --------
12-12 14:50:08.773   247   247 F DEBUG   : Abort message: 'art/runtime/indirect_reference_table.cc:115] JNI ERROR (app bug): local reference table overflow (max=512)'
12-12 14:50:08.773   247   247 E DEBUG   : AM write failed: Broken pipe
12-12 14:50:08.773   247   247 F DEBUG   :     r0 00000000  r1 00001ea2  r2 00000006  r3 00000000
12-12 14:50:08.773   247   247 F DEBUG   :     r4 b6f51b88  r5 00000006  r6 b6f51b38  r7 0000010c
12-12 14:50:08.773   247   247 F DEBUG   :     r8 b4e3f828  r9 b4e3de58  sl fc4ebf40  fp b4e255a4
12-12 14:50:08.773   247   247 F DEBUG   :     ip 00000000  sp bedc75d8  lr b6ca8e81  pc b6cab5e4  cpsr 20070010
12-12 14:50:08.789   247   247 F DEBUG   : 
12-12 14:50:08.789   247   247 F DEBUG   : backtrace:
12-12 14:50:08.789   247   247 F DEBUG   :     #00 pc 0004a5e4  /system/lib/libc.so (tgkill+12)
12-12 14:50:08.789   247   247 F DEBUG   :     #01 pc 00047e7d  /system/lib/libc.so (pthread_kill+36)
12-12 14:50:08.789   247   247 F DEBUG   :     #02 pc 0001bc03  /system/lib/libc.so (raise+10)
12-12 14:50:08.789   247   247 F DEBUG   :     #03 pc 000184ad  /system/lib/libc.so (__libc_android_abort+36)
12-12 14:50:08.789   247   247 F DEBUG   :     #04 pc 0001650c  /system/lib/libc.so (abort+4)
12-12 14:50:08.789   247   247 F DEBUG   :     #05 pc 00315d81  /system/lib/libart.so (_ZN3art7Runtime5AbortEv+212)
12-12 14:50:08.789   247   247 F DEBUG   :     #06 pc 000f3bed  /system/lib/libart.so (_ZN3art10LogMessageD2Ev+1296)
12-12 14:50:08.789   247   247 F DEBUG   :     #07 pc 000f0c53  /system/lib/libart.so (_ZN3art7BarrierD2Ev+182)
12-12 14:50:08.789   247   247 F DEBUG   :     #08 pc 0033c279  /system/lib/libart.so (_ZN3art10ThreadList4DumpERNSt3__113basic_ostreamIcNS1_11char_traitsIcEEEE+144)
12-12 14:50:08.790   247   247 F DEBUG   :     #09 pc 00315e43  /system/lib/libart.so (_ZN3art7Runtime5AbortEv+406)
12-12 14:50:08.790   247   247 F DEBUG   :     #10 pc 000f3bed  /system/lib/libart.so (_ZN3art10LogMessageD2Ev+1296)
12-12 14:50:08.790   247   247 F DEBUG   :     #11 pc 001cffc9  /system/lib/libart.so (_ZN3art22IndirectReferenceTable3AddEjPNS_6mirror6ObjectE+228)
12-12 14:50:08.790   247   247 F DEBUG   :     #12 pc 0019fd37  /system/lib/libart.so (_ZN3art2gc4Heap21AddFinalizerReferenceEPNS_6ThreadEPPNS_6mirror6ObjectE+338)
12-12 14:50:08.790   247   247 F DEBUG   :     #13 pc 003abc9b  /system/lib/libart.so (artAllocObjectFromCodeRosAlloc+318)
12-12 14:50:08.790   247   247 F DEBUG   :     #14 pc 000e7dfd  /system/lib/libart.so (art_quick_alloc_object_rosalloc+28)
12-12 14:50:08.790   247   247 F DEBUG   :     #15 pc 73dc2d45  /data/dalvik-cache/arm/system@framework@boot.oat (offset 0x1fe2000)
12-12 14:50:08.796  4230  5842 E ctxmgr  : [TimeFilter.Builder]startTimeMillis must be >= 0.  Clamping to 0.
12-12 14:50:09.194   247   247 F DEBUG   : 
12-12 14:50:09.194   247   247 F DEBUG   : Tombstone written to: /data/tombstones/tombstone_03
12-12 14:50:09.222  8147  8153 E art     : Failed sending reply to debugger: Broken pipe
12-12 14:50:09.342  8147  8147 E LeanData.Utils: nuibun1
12-12 14:50:09.345  4230  5842 E ctxmgr  : [FenceManager]Could not remove all geofences. status=Status{statusCode=unknown status code: 1000, resolution=null}
12-12 14:50:09.354  8147  8147 E LeanData.Utils: nuibun2
12-12 14:50:09.878  8194  8234 E Logger  : Deleted 0 outdated logs
12-12 14:50:10.122  8194  8194 E MediaPlayer-JNI: JNIMediaPlayerFactory: bIsQCMediaPlayerPresent 0
12-12 14:50:10.122  8194  8194 E MediaPlayer-JNI: JNIMediaPlayerFactory: bIsQCMediaPlayerPresent 0
12-12 14:50:10.534  5091  8010 E GeofenceHelper: Failed: remove geofences by PendingIntent
12-12 14:50:10.907  8162  8162 F libc    : Fatal signal 6 (SIGABRT), code -6 in tid 8162 (ndroid.systemui)
12-12 14:50:11.008   247   247 F DEBUG   : *** *** *** *** *** *** *** *** *** *** *** *** *** *** *** ***
12-12 14:50:11.008   247   247 F DEBUG   : CM Version: 'unknown'
12-12 14:50:11.008   247   247 F DEBUG   : Build fingerprint: 'OnePlus/OnePlus/OnePlus:5.1.1/LMY47V/1441677661:user/release-keys'
12-12 14:50:11.008   247   247 F DEBUG   : Revision: '0'
12-12 14:50:11.008   247   247 F DEBUG   : ABI: 'arm'
12-12 14:50:11.009   247   247 F DEBUG   : pid: 8162, tid: 8162, name: ndroid.systemui  >>> com.android.systemui <<<
12-12 14:50:11.009   247   247 F DEBUG   : signal 6 (SIGABRT), code -6 (SI_TKILL), fault addr --------
12-12 14:50:11.030   247   247 F DEBUG   : Abort message: 'art/runtime/indirect_reference_table.cc:115] JNI ERROR (app bug): local reference table overflow (max=512)'
12-12 14:50:11.030   247   247 E DEBUG   : AM write failed: Broken pipe
12-12 14:50:11.030   247   247 F DEBUG   :     r0 00000000  r1 00001fe2  r2 00000006  r3 00000000
12-12 14:50:11.030   247   247 F DEBUG   :     r4 b6f51b88  r5 00000006  r6 b6f51b38  r7 0000010c
12-12 14:50:11.030   247   247 F DEBUG   :     r8 b4e3f828  r9 b4e3de58  sl ffffff40  fp b4e255a4
12-12 14:50:11.030   247   247 F DEBUG   :     ip 00000000  sp bedc75d8  lr b6ca8e81  pc b6cab5e4  cpsr 20070010
12-12 14:50:11.050   247   247 F DEBUG   : 
12-12 14:50:11.050   247   247 F DEBUG   : backtrace:
12-12 14:50:11.050   247   247 F DEBUG   :     #00 pc 0004a5e4  /system/lib/libc.so (tgkill+12)
12-12 14:50:11.050   247   247 F DEBUG   :     #01 pc 00047e7d  /system/lib/libc.so (pthread_kill+36)
12-12 14:50:11.050   247   247 F DEBUG   :     #02 pc 0001bc03  /system/lib/libc.so (raise+10)
12-12 14:50:11.051   247   247 F DEBUG   :     #03 pc 000184ad  /system/lib/libc.so (__libc_android_abort+36)
12-12 14:50:11.051   247   247 F DEBUG   :     #04 pc 0001650c  /system/lib/libc.so (abort+4)
12-12 14:50:11.051   247   247 F DEBUG   :     #05 pc 00315d81  /system/lib/libart.so (_ZN3art7Runtime5AbortEv+212)
12-12 14:50:11.051   247   247 F DEBUG   :     #06 pc 000f3bed  /system/lib/libart.so (_ZN3art10LogMessageD2Ev+1296)
12-12 14:50:11.051   247   247 F DEBUG   :     #07 pc 000f0c53  /system/lib/libart.so (_ZN3art7BarrierD2Ev+182)
12-12 14:50:11.051   247   247 F DEBUG   :     #08 pc 0033c279  /system/lib/libart.so (_ZN3art10ThreadList4DumpERNSt3__113basic_ostreamIcNS1_11char_traitsIcEEEE+144)
12-12 14:50:11.051   247   247 F DEBUG   :     #09 pc 00315e43  /system/lib/libart.so (_ZN3art7Runtime5AbortEv+406)
12-12 14:50:11.051   247   247 F DEBUG   :     #10 pc 000f3bed  /system/lib/libart.so (_ZN3art10LogMessageD2Ev+1296)
12-12 14:50:11.051   247   247 F DEBUG   :     #11 pc 001cffc9  /system/lib/libart.so (_ZN3art22IndirectReferenceTable3AddEjPNS_6mirror6ObjectE+228)
12-12 14:50:11.051   247   247 F DEBUG   :     #12 pc 0019fd37  /system/lib/libart.so (_ZN3art2gc4Heap21AddFinalizerReferenceEPNS_6ThreadEPPNS_6mirror6ObjectE+338)
12-12 14:50:11.051   247   247 F DEBUG   :     #13 pc 003abc9b  /system/lib/libart.so (artAllocObjectFromCodeRosAlloc+318)
12-12 14:50:11.051   247   247 F DEBUG   :     #14 pc 000e7dfd  /system/lib/libart.so (art_quick_alloc_object_rosalloc+28)
12-12 14:50:11.051   247   247 F DEBUG   :     #15 pc 73dc2d45  /data/dalvik-cache/arm/system@framework@boot.oat (offset 0x1fe2000)
12-12 14:50:11.463  8302  8334 E Gmail.LabelManager: Unable to get label ^i for account account:269698668
12-12 14:50:11.463  8302  8334 E Gmail   : Couldn't find label: ^i
12-12 14:50:11.472   247   247 F DEBUG   : 
12-12 14:50:11.472   247   247 F DEBUG   : Tombstone written to: /data/tombstones/tombstone_04
12-12 14:50:11.574  8302  8354 E Gmail.LabelManager: Unable to get label ^i for account account:269698668
12-12 14:50:11.574  8302  8354 E Gmail   : Couldn't find label: ^i
12-12 14:50:11.589  8302  8323 E Gmail.LabelManager: Unable to get label ^i for account account:269698668
12-12 14:50:11.589  8302  8323 E Gmail   : Couldn't find label: ^i
12-12 14:50:13.173  8367  8367 F libc    : Fatal signal 6 (SIGABRT), code -6 in tid 8367 (ndroid.systemui)
12-12 14:50:13.274   247   247 F DEBUG   : *** *** *** *** *** *** *** *** *** *** *** *** *** *** *** ***
12-12 14:50:13.275   247   247 F DEBUG   : CM Version: 'unknown'
12-12 14:50:13.275   247   247 F DEBUG   : Build fingerprint: 'OnePlus/OnePlus/OnePlus:5.1.1/LMY47V/1441677661:user/release-keys'
12-12 14:50:13.275   247   247 F DEBUG   : Revision: '0'
12-12 14:50:13.275   247   247 F DEBUG   : ABI: 'arm'
12-12 14:50:13.275   247   247 F DEBUG   : pid: 8367, tid: 8367, name: ndroid.systemui  >>> com.android.systemui <<<
12-12 14:50:13.275   247   247 E DEBUG   : AM write failed: Broken pipe
12-12 14:50:13.275   247   247 F DEBUG   : signal 6 (SIGABRT), code -6 (SI_TKILL), fault addr --------
12-12 14:50:13.299   247   247 F DEBUG   : Abort message: 'art/runtime/indirect_reference_table.cc:115] JNI ERROR (app bug): local reference table overflow (max=512)'
12-12 14:50:13.299   247   247 F DEBUG   :     r0 00000000  r1 000020af  r2 00000006  r3 00000000
12-12 14:50:13.299   247   247 F DEBUG   :     r4 b6f51b88  r5 00000006  r6 b6f51b38  r7 0000010c
12-12 14:50:13.299   247   247 F DEBUG   :     r8 b4e3f828  r9 b4e3de58  sl b7dfe760  fp b4e255a4
12-12 14:50:13.299   247   247 F DEBUG   :     ip 00000000  sp bedc75d8  lr b6ca8e81  pc b6cab5e4  cpsr 20070010
12-12 14:50:13.316   247   247 F DEBUG   : 
12-12 14:50:13.316   247   247 F DEBUG   : backtrace:
12-12 14:50:13.316   247   247 F DEBUG   :     #00 pc 0004a5e4  /system/lib/libc.so (tgkill+12)
12-12 14:50:13.316   247   247 F DEBUG   :     #01 pc 00047e7d  /system/lib/libc.so (pthread_kill+36)
12-12 14:50:13.316   247   247 F DEBUG   :     #02 pc 0001bc03  /system/lib/libc.so (raise+10)
12-12 14:50:13.316   247   247 F DEBUG   :     #03 pc 000184ad  /system/lib/libc.so (__libc_android_abort+36)
12-12 14:50:13.316   247   247 F DEBUG   :     #04 pc 0001650c  /system/lib/libc.so (abort+4)
12-12 14:50:13.316   247   247 F DEBUG   :     #05 pc 00315d81  /system/lib/libart.so (_ZN3art7Runtime5AbortEv+212)
12-12 14:50:13.316   247   247 F DEBUG   :     #06 pc 000f3bed  /system/lib/libart.so (_ZN3art10LogMessageD2Ev+1296)
12-12 14:50:13.316   247   247 F DEBUG   :     #07 pc 000f0c53  /system/lib/libart.so (_ZN3art7BarrierD2Ev+182)
12-12 14:50:13.316   247   247 F DEBUG   :     #08 pc 0033c279  /system/lib/libart.so (_ZN3art10ThreadList4DumpERNSt3__113basic_ostreamIcNS1_11char_traitsIcEEEE+144)
12-12 14:50:13.316   247   247 F DEBUG   :     #09 pc 00315e43  /system/lib/libart.so (_ZN3art7Runtime5AbortEv+406)
12-12 14:50:13.316   247   247 F DEBUG   :     #10 pc 000f3bed  /system/lib/libart.so (_ZN3art10LogMessageD2Ev+1296)
12-12 14:50:13.316   247   247 F DEBUG   :     #11 pc 001cffc9  /system/lib/libart.so (_ZN3art22IndirectReferenceTable3AddEjPNS_6mirror6ObjectE+228)
12-12 14:50:13.316   247   247 F DEBUG   :     #12 pc 0019fd37  /system/lib/libart.so (_ZN3art2gc4Heap21AddFinalizerReferenceEPNS_6ThreadEPPNS_6mirror6ObjectE+338)
12-12 14:50:13.316   247   247 F DEBUG   :     #13 pc 003abc9b  /system/lib/libart.so (artAllocObjectFromCodeRosAlloc+318)
12-12 14:50:13.316   247   247 F DEBUG   :     #14 pc 000e7dfd  /system/lib/libart.so (art_quick_alloc_object_rosalloc+28)
12-12 14:50:13.316   247   247 F DEBUG   :     #15 pc 73dc2d45  /data/dalvik-cache/arm/system@framework@boot.oat (offset 0x1fe2000)
12-12 14:50:13.701   247   247 F DEBUG   : 
12-12 14:50:13.701   247   247 F DEBUG   : Tombstone written to: /data/tombstones/tombstone_05
12-12 14:50:15.115  4662  6429 E RemoteViewsAdapter: Error: widget's RemoteViewsFactory returns more view types than  indicated by getViewTypeCount() 
12-12 14:50:15.118  4662  6429 E RemoteViewsAdapter: Error: widget's RemoteViewsFactory returns more view types than  indicated by getViewTypeCount() 
12-12 14:50:15.122  4662  6429 E RemoteViewsAdapter: Error: widget's RemoteViewsFactory returns more view types than  indicated by getViewTypeCount() 
12-12 14:50:15.544  8591  8591 F libc    : Fatal signal 6 (SIGABRT), code -6 in tid 8591 (ndroid.systemui)
12-12 14:50:15.645   247   247 F DEBUG   : *** *** *** *** *** *** *** *** *** *** *** *** *** *** *** ***
12-12 14:50:15.645   247   247 F DEBUG   : CM Version: 'unknown'
12-12 14:50:15.645   247   247 E DEBUG   : AM write failed: Broken pipe
12-12 14:50:15.645   247   247 F DEBUG   : Build fingerprint: 'OnePlus/OnePlus/OnePlus:5.1.1/LMY47V/1441677661:user/release-keys'
12-12 14:50:15.645   247   247 F DEBUG   : Revision: '0'
12-12 14:50:15.645   247   247 F DEBUG   : ABI: 'arm'
12-12 14:50:15.645   247   247 F DEBUG   : pid: 8591, tid: 8591, name: ndroid.systemui  >>> com.android.systemui <<<
12-12 14:50:15.645   247   247 F DEBUG   : signal 6 (SIGABRT), code -6 (SI_TKILL), fault addr --------
12-12 14:50:15.669   247   247 F DEBUG   : Abort message: 'art/runtime/indirect_reference_table.cc:115] JNI ERROR (app bug): local reference table overflow (max=512)'
12-12 14:50:15.669   247   247 F DEBUG   :     r0 00000000  r1 0000218f  r2 00000006  r3 00000000
12-12 14:50:15.669   247   247 F DEBUG   :     r4 b6f51b88  r5 00000006  r6 b6f51b38  r7 0000010c
12-12 14:50:15.669   247   247 F DEBUG   :     r8 b4e3f828  r9 b4e3de58  sl fbd6ef40  fp b4e255a4
12-12 14:50:15.670   247   247 F DEBUG   :     ip 00000000  sp bedc75d8  lr b6ca8e81  pc b6cab5e4  cpsr 20070010
12-12 14:50:15.675  4679  8767 E ActivityThread: Failed to find provider info for com.android.contacts.metadata
12-12 14:50:15.688   247   247 F DEBUG   : 
12-12 14:50:15.688   247   247 F DEBUG   : backtrace:
12-12 14:50:15.688   247   247 F DEBUG   :     #00 pc 0004a5e4  /system/lib/libc.so (tgkill+12)
12-12 14:50:15.688   247   247 F DEBUG   :     #01 pc 00047e7d  /system/lib/libc.so (pthread_kill+36)
12-12 14:50:15.688   247   247 F DEBUG   :     #02 pc 0001bc03  /system/lib/libc.so (raise+10)
12-12 14:50:15.688   247   247 F DEBUG   :     #03 pc 000184ad  /system/lib/libc.so (__libc_android_abort+36)
12-12 14:50:15.688   247   247 F DEBUG   :     #04 pc 0001650c  /system/lib/libc.so (abort+4)
12-12 14:50:15.688   247   247 F DEBUG   :     #05 pc 00315d81  /system/lib/libart.so (_ZN3art7Runtime5AbortEv+212)
12-12 14:50:15.688   247   247 F DEBUG   :     #06 pc 000f3bed  /system/lib/libart.so (_ZN3art10LogMessageD2Ev+1296)
12-12 14:50:15.688   247   247 F DEBUG   :     #07 pc 000f0c53  /system/lib/libart.so (_ZN3art7BarrierD2Ev+182)
12-12 14:50:15.688   247   247 F DEBUG   :     #08 pc 0033c279  /system/lib/libart.so (_ZN3art10ThreadList4DumpERNSt3__113basic_ostreamIcNS1_11char_traitsIcEEEE+144)
12-12 14:50:15.688   247   247 F DEBUG   :     #09 pc 00315e43  /system/lib/libart.so (_ZN3art7Runtime5AbortEv+406)
12-12 14:50:15.688   247   247 F DEBUG   :     #10 pc 000f3bed  /system/lib/libart.so (_ZN3art10LogMessageD2Ev+1296)
12-12 14:50:15.688   247   247 F DEBUG   :     #11 pc 001cffc9  /system/lib/libart.so (_ZN3art22IndirectReferenceTable3AddEjPNS_6mirror6ObjectE+228)
12-12 14:50:15.688   247   247 F DEBUG   :     #12 pc 0019fd37  /system/lib/libart.so (_ZN3art2gc4Heap21AddFinalizerReferenceEPNS_6ThreadEPPNS_6mirror6ObjectE+338)
12-12 14:50:15.688   247   247 F DEBUG   :     #13 pc 003abc9b  /system/lib/libart.so (artAllocObjectFromCodeRosAlloc+318)
12-12 14:50:15.688   247   247 F DEBUG   :     #14 pc 000e7dfd  /system/lib/libart.so (art_quick_alloc_object_rosalloc+28)
12-12 14:50:15.688   247   247 F DEBUG   :     #15 pc 73dc2d45  /data/dalvik-cache/arm/system@framework@boot.oat (offset 0x1fe2000)
12-12 14:50:15.954  7220  7455 E bt_a2dp_hw: adev_set_parameters: ERROR: set param called even when stream out is null
12-12 14:50:16.164   247   247 F DEBUG   : 
12-12 14:50:16.164   247   247 F DEBUG   : Tombstone written to: /data/tombstones/tombstone_06
12-12 14:50:16.309  7220  7455 E bt_a2dp_hw: adev_set_parameters: ERROR: set param called even when stream out is null
12-12 14:50:16.557  7220  7455 E bt_a2dp_hw: adev_set_parameters: ERROR: set param called even when stream out is null
12-12 14:50:16.932  4230  4230 E ctxmgr  : [BaseServerTask]Server task (WriteInterestRecordTask) got error response null.
12-12 14:50:16.932  4230  4230 E ctxmgr  : com.android.volley.NoConnectionError: java.net.ConnectException: failed to connect to www.googleapis.com/74.125.200.95 (port 443) after 60000ms: isConnected failed: ECONNREFUSED (Connection refused)
12-12 14:50:16.932  4230  4230 E ctxmgr  : 	at com.android.volley.toolbox.BasicNetwork.performRequest(:com.google.android.gms:151)
12-12 14:50:16.932  4230  4230 E ctxmgr  : 	at ksy.performRequest(:com.google.android.gms:63)
12-12 14:50:16.932  4230  4230 E ctxmgr  : 	at com.android.volley.NetworkDispatcher.run(:com.google.android.gms:113)
12-12 14:50:16.932  4230  4230 E ctxmgr  : Caused by: java.net.ConnectException: failed to connect to www.googleapis.com/74.125.200.95 (port 443) after 60000ms: isConnected failed: ECONNREFUSED (Connection refused)
12-12 14:50:16.932  4230  4230 E ctxmgr  : 	at libcore.io.IoBridge.isConnected(IoBridge.java:234)
12-12 14:50:16.932  4230  4230 E ctxmgr  : 	at libcore.io.IoBridge.connectErrno(IoBridge.java:171)
12-12 14:50:16.932  4230  4230 E ctxmgr  : 	at libcore.io.IoBridge.connect(IoBridge.java:122)
12-12 14:50:16.932  4230  4230 E ctxmgr  : 	at java.net.PlainSocketImpl.connect(PlainSocketImpl.java:183)
12-12 14:50:16.932  4230  4230 E ctxmgr  : 	at java.net.PlainSocketImpl.connect(PlainSocketImpl.java:452)
12-12 14:50:16.932  4230  4230 E ctxmgr  : 	at java.net.Socket.connect(Socket.java:884)
12-12 14:50:16.932  4230  4230 E ctxmgr  : 	at com.android.okhttp.internal.Platform.connectSocket(Platform.java:117)
12-12 14:50:16.932  4230  4230 E ctxmgr  : 	at com.android.okhttp.internal.http.SocketConnector.connectRawSocket(SocketConnector.java:160)
12-12 14:50:16.932  4230  4230 E ctxmgr  : 	at com.android.okhttp.internal.http.SocketConnector.connectTls(SocketConnector.java:79)
12-12 14:50:16.932  4230  4230 E ctxmgr  : 	at com.android.okhttp.Connection.connect(Connection.java:143)
12-12 14:50:16.932  4230  4230 E ctxmgr  : 	at com.android.okhttp.Connection.connectAndSetOwner(Connection.java:185)
12-12 14:50:16.932  4230  4230 E ctxmgr  : 	at com.android.okhttp.OkHttpClient$1.connectAndSetOwner(OkHttpClient.java:128)
12-12 14:50:16.932  4230  4230 E ctxmgr  : 	at com.android.okhttp.internal.http.HttpEngine.nextConnection(HttpEngine.java:341)
12-12 14:50:16.932  4230  4230 E ctxmgr  : 	at com.android.okhttp.internal.http.HttpEngine.connect(HttpEngine.java:330)
12-12 14:50:16.932  4230  4230 E ctxmgr  : 	at com.android.okhttp.internal.http.HttpEngine.sendRequest(HttpEngine.java:248)
12-12 14:50:16.932  4230  4230 E ctxmgr  : 	at com.android.okhttp.internal.huc.HttpURLConnectionImpl.execute(HttpURLConnectionImpl.java:437)
12-12 14:50:16.932  4230  4230 E ctxmgr  : 	at com.android.okhttp.internal.huc.HttpURLConnectionImpl.connect(HttpURLConnectionImpl.java:114)
12-12 14:50:16.932  4230  4230 E ctxmgr  : 	at com.android.okhttp.internal.huc.HttpURLConnectionImpl.getOutputStream(HttpURLConnectionImpl.java:245)
12-12 14:50:16.932  4230  4230 E ctxmgr  : 	at com.android.okhttp.internal.huc.DelegatingHttpsURLConnection.getOutputStream(DelegatingHttpsURLConnection.java:218)
12-12 14:50:16.932  4230  4230 E ctxmgr  : 	at com.android.okhttp.internal.huc.HttpsURLConnectionImpl.getOutputStream(HttpsURLConnectionImpl.java)
12-12 14:50:16.932  4230  4230 E ctxmgr  : 	at rpm.a(:com.google.android.gms:949)
12-12 14:50:16.932  4230  4230 E ctxmgr  : 	at rpm.a(:com.google.android.gms:767)
12-12 14:50:16.932  4230  4230 E ctxmgr  : 	at rpm.execute(:com.google.android.gms:675)
12-12 14:50:16.932  4230  4230 E ctxmgr  : 	at rpm.execute(:com.google.android.gms:659)
12-12 14:50:16.932  4230  4230 E ctxmgr  : 	at com.android.volley.toolbox.HttpClientStack.performRequest(:com.google.android.gms:87)
12-12 14:50:16.932  4230  4230 E ctxmgr  : 	at ksx.performRequest(:com.google.android.gms:59)
12-12 14:50:16.932  4230  4230 E ctxmgr  : 	at com.android.volley.toolbox.BasicNetwork.performRequest(:com.google.android.gms:96)
12-12 14:50:16.932  4230  4230 E ctxmgr  : 	... 2 more
12-12 14:50:16.932  4230  4230 E ctxmgr  : Caused by: android.system.ErrnoException: isConnected failed: ECONNREFUSED (Connection refused)
12-12 14:50:16.932  4230  4230 E ctxmgr  : 	at libcore.io.IoBridge.isConnected(IoBridge.java:223)
12-12 14:50:16.932  4230  4230 E ctxmgr  : 	... 28 more
12-12 14:50:17.174  4230  5842 E ctxmgr  : [SyncServerInterestRecordsOperation]Failure response from WriteInterestRecord. StatusCode = -1
12-12 14:50:18.672  8821  8821 F libc    : Fatal signal 6 (SIGABRT), code -6 in tid 8821 (ndroid.systemui)
12-12 14:50:18.774   247   247 F DEBUG   : *** *** *** *** *** *** *** *** *** *** *** *** *** *** *** ***
12-12 14:50:18.774   247   247 F DEBUG   : CM Version: 'unknown'
12-12 14:50:18.774   247   247 F DEBUG   : Build fingerprint: 'OnePlus/OnePlus/OnePlus:5.1.1/LMY47V/1441677661:user/release-keys'
12-12 14:50:18.774   247   247 F DEBUG   : Revision: '0'
12-12 14:50:18.774   247   247 F DEBUG   : ABI: 'arm'
12-12 14:50:18.774   247   247 F DEBUG   : pid: 8821, tid: 8821, name: ndroid.systemui  >>> com.android.systemui <<<
12-12 14:50:18.774   247   247 F DEBUG   : signal 6 (SIGABRT), code -6 (SI_TKILL), fault addr --------
12-12 14:50:18.843   247   247 F DEBUG   : Abort message: 'art/runtime/indirect_reference_table.cc:115] JNI ERROR (app bug): local reference table overflow (max=512)'
12-12 14:50:18.843   247   247 E DEBUG   : AM write failed: Broken pipe
12-12 14:50:18.843   247   247 F DEBUG   :     r0 00000000  r1 00002275  r2 00000006  r3 00000000
12-12 14:50:18.843   247   247 F DEBUG   :     r4 b6f51b88  r5 00000006  r6 b6f51b38  r7 0000010c
12-12 14:50:18.844   247   247 F DEBUG   :     r8 b4e3f828  r9 b4e3de58  sl b7fac3e0  fp b4e255a4
12-12 14:50:18.844   247   247 F DEBUG   :     ip 00000000  sp bedc75d8  lr b6ca8e81  pc b6cab5e4  cpsr 20070010
12-12 14:50:18.871   247   247 F DEBUG   : 
12-12 14:50:18.871   247   247 F DEBUG   : backtrace:
12-12 14:50:18.871   247   247 F DEBUG   :     #00 pc 0004a5e4  /system/lib/libc.so (tgkill+12)
12-12 14:50:18.871   247   247 F DEBUG   :     #01 pc 00047e7d  /system/lib/libc.so (pthread_kill+36)
12-12 14:50:18.871   247   247 F DEBUG   :     #02 pc 0001bc03  /system/lib/libc.so (raise+10)
12-12 14:50:18.871   247   247 F DEBUG   :     #03 pc 000184ad  /system/lib/libc.so (__libc_android_abort+36)
12-12 14:50:18.871   247   247 F DEBUG   :     #04 pc 0001650c  /system/lib/libc.so (abort+4)
12-12 14:50:18.871   247   247 F DEBUG   :     #05 pc 00315d81  /system/lib/libart.so (_ZN3art7Runtime5AbortEv+212)
12-12 14:50:18.871   247   247 F DEBUG   :     #06 pc 000f3bed  /system/lib/libart.so (_ZN3art10LogMessageD2Ev+1296)
12-12 14:50:18.872   247   247 F DEBUG   :     #07 pc 000f0c53  /system/lib/libart.so (_ZN3art7BarrierD2Ev+182)
12-12 14:50:18.872   247   247 F DEBUG   :     #08 pc 0033c279  /system/lib/libart.so (_ZN3art10ThreadList4DumpERNSt3__113basic_ostreamIcNS1_11char_traitsIcEEEE+144)
12-12 14:50:18.872   247   247 F DEBUG   :     #09 pc 00315e43  /system/lib/libart.so (_ZN3art7Runtime5AbortEv+406)
12-12 14:50:18.872   247   247 F DEBUG   :     #10 pc 000f3bed  /system/lib/libart.so (_ZN3art10LogMessageD2Ev+1296)
12-12 14:50:18.872   247   247 F DEBUG   :     #11 pc 001cffc9  /system/lib/libart.so (_ZN3art22IndirectReferenceTable3AddEjPNS_6mirror6ObjectE+228)
12-12 14:50:18.872   247   247 F DEBUG   :     #12 pc 0019fd37  /system/lib/libart.so (_ZN3art2gc4Heap21AddFinalizerReferenceEPNS_6ThreadEPPNS_6mirror6ObjectE+338)
12-12 14:50:18.872   247   247 F DEBUG   :     #13 pc 003abc9b  /system/lib/libart.so (artAllocObjectFromCodeRosAlloc+318)
12-12 14:50:18.872   247   247 F DEBUG   :     #14 pc 000e7dfd  /system/lib/libart.so (art_quick_alloc_object_rosalloc+28)
12-12 14:50:18.872   247   247 F DEBUG   :     #15 pc 73dc2d45  /data/dalvik-cache/arm/system@framework@boot.oat (offset 0x1fe2000)
12-12 14:50:19.339   247   247 F DEBUG   : 
12-12 14:50:19.339   247   247 F DEBUG   : Tombstone written to: /data/tombstones/tombstone_07
12-12 14:50:22.141  8961  8961 F libc    : Fatal signal 6 (SIGABRT), code -6 in tid 8961 (ndroid.systemui)
12-12 14:50:22.244   247   247 F DEBUG   : *** *** *** *** *** *** *** *** *** *** *** *** *** *** *** ***
12-12 14:50:22.244   247   247 F DEBUG   : CM Version: 'unknown'
12-12 14:50:22.245   247   247 F DEBUG   : Build fingerprint: 'OnePlus/OnePlus/OnePlus:5.1.1/LMY47V/1441677661:user/release-keys'
12-12 14:50:22.245   247   247 F DEBUG   : Revision: '0'
12-12 14:50:22.245   247   247 F DEBUG   : ABI: 'arm'
12-12 14:50:22.246   247   247 F DEBUG   : pid: 8961, tid: 8961, name: ndroid.systemui  >>> com.android.systemui <<<
12-12 14:50:22.246   247   247 E DEBUG   : AM write failed: Broken pipe
12-12 14:50:22.247   247   247 F DEBUG   : signal 6 (SIGABRT), code -6 (SI_TKILL), fault addr --------
12-12 14:50:22.308   247   247 F DEBUG   : Abort message: 'art/runtime/indirect_reference_table.cc:115] JNI ERROR (app bug): local reference table overflow (max=512)'
12-12 14:50:22.308   247   247 F DEBUG   :     r0 00000000  r1 00002301  r2 00000006  r3 00000000
12-12 14:50:22.308   247   247 F DEBUG   :     r4 b6f51b88  r5 00000006  r6 b6f51b38  r7 0000010c
12-12 14:50:22.308   247   247 F DEBUG   :     r8 b4e3f828  r9 b4e3de58  sl b3f77ca0  fp b4e255a4
12-12 14:50:22.308   247   247 F DEBUG   :     ip 00000000  sp bedc75d8  lr b6ca8e81  pc b6cab5e4  cpsr 20070010
12-12 14:50:22.336   247   247 F DEBUG   : 
12-12 14:50:22.336   247   247 F DEBUG   : backtrace:
12-12 14:50:22.336   247   247 F DEBUG   :     #00 pc 0004a5e4  /system/lib/libc.so (tgkill+12)
12-12 14:50:22.336   247   247 F DEBUG   :     #01 pc 00047e7d  /system/lib/libc.so (pthread_kill+36)
12-12 14:50:22.336   247   247 F DEBUG   :     #02 pc 0001bc03  /system/lib/libc.so (raise+10)
12-12 14:50:22.336   247   247 F DEBUG   :     #03 pc 000184ad  /system/lib/libc.so (__libc_android_abort+36)
12-12 14:50:22.336   247   247 F DEBUG   :     #04 pc 0001650c  /system/lib/libc.so (abort+4)
12-12 14:50:22.336   247   247 F DEBUG   :     #05 pc 00315d81  /system/lib/libart.so (_ZN3art7Runtime5AbortEv+212)
12-12 14:50:22.336   247   247 F DEBUG   :     #06 pc 000f3bed  /system/lib/libart.so (_ZN3art10LogMessageD2Ev+1296)
12-12 14:50:22.336   247   247 F DEBUG   :     #07 pc 000f0c53  /system/lib/libart.so (_ZN3art7BarrierD2Ev+182)
12-12 14:50:22.337   247   247 F DEBUG   :     #08 pc 0033c279  /system/lib/libart.so (_ZN3art10ThreadList4DumpERNSt3__113basic_ostreamIcNS1_11char_traitsIcEEEE+144)
12-12 14:50:22.337   247   247 F DEBUG   :     #09 pc 00315e43  /system/lib/libart.so (_ZN3art7Runtime5AbortEv+406)
12-12 14:50:22.337   247   247 F DEBUG   :     #10 pc 000f3bed  /system/lib/libart.so (_ZN3art10LogMessageD2Ev+1296)
12-12 14:50:22.337   247   247 F DEBUG   :     #11 pc 001cffc9  /system/lib/libart.so (_ZN3art22IndirectReferenceTable3AddEjPNS_6mirror6ObjectE+228)
12-12 14:50:22.337   247   247 F DEBUG   :     #12 pc 0019fd37  /system/lib/libart.so (_ZN3art2gc4Heap21AddFinalizerReferenceEPNS_6ThreadEPPNS_6mirror6ObjectE+338)
12-12 14:50:22.337   247   247 F DEBUG   :     #13 pc 003abc9b  /system/lib/libart.so (artAllocObjectFromCodeRosAlloc+318)
12-12 14:50:22.337   247   247 F DEBUG   :     #14 pc 000e7dfd  /system/lib/libart.so (art_quick_alloc_object_rosalloc+28)
12-12 14:50:22.337   247   247 F DEBUG   :     #15 pc 73dc2d45  /data/dalvik-cache/arm/system@framework@boot.oat (offset 0x1fe2000)
12-12 14:50:22.870   247   247 F DEBUG   : 
12-12 14:50:22.870   247   247 F DEBUG   : Tombstone written to: /data/tombstones/tombstone_08
12-12 14:50:22.968  7220  7454 E bt_a2dp_hw: adev_set_parameters: ERROR: set param called even when stream out is null
12-12 14:50:25.524  9078  9078 F libc    : Fatal signal 6 (SIGABRT), code -6 in tid 9078 (ndroid.systemui)
12-12 14:50:25.626   247   247 F DEBUG   : *** *** *** *** *** *** *** *** *** *** *** *** *** *** *** ***
12-12 14:50:25.626   247   247 F DEBUG   : CM Version: 'unknown'
12-12 14:50:25.626   247   247 F DEBUG   : Build fingerprint: 'OnePlus/OnePlus/OnePlus:5.1.1/LMY47V/1441677661:user/release-keys'
12-12 14:50:25.626   247   247 F DEBUG   : Revision: '0'
12-12 14:50:25.626   247   247 F DEBUG   : ABI: 'arm'
12-12 14:50:25.626   247   247 F DEBUG   : pid: 9078, tid: 9078, name: ndroid.systemui  >>> com.android.systemui <<<
12-12 14:50:25.626   247   247 F DEBUG   : signal 6 (SIGABRT), code -6 (SI_TKILL), fault addr --------
