--------- beginning of system
12-12 14:49:26.062  2163  2163 E AppSgstMgrService: no app suggest provider found
12-12 14:49:26.074  2163  2163 E BrokerableCMSystemService: Setting brokered service connection org.cyanogenmod.platform.internal.ThemeManagerServiceBroker$2@983267c
12-12 14:49:26.074  2163  2163 E BrokerableCMSystemService: Setting brokered service connection org.cyanogenmod.platform.internal.ThemeManagerServiceBroker$2@2795b05
12-12 14:49:26.076  2163  2163 E BrokerableCMSystemService: Setting brokered service connection org.cyanogenmod.platform.internal.IconCacheManagerServiceBroker$2@245775a
12-12 14:49:26.076  2163  2163 E BrokerableCMSystemService: Setting brokered service connection org.cyanogenmod.platform.internal.IconCacheManagerServiceBroker$2@b8d6d8b
12-12 14:49:26.080  2163  2163 E BrokerableCMSystemService: Setting brokered service connection org.cyanogenmod.platform.internal.LiveLockScreenServiceBroker$2@71a2e68
12-12 14:49:26.080  2163  2163 E BrokerableCMSystemService: Setting brokered service connection org.cyanogenmod.platform.internal.LiveLockScreenServiceBroker$2@cb9a281
12-12 14:49:26.117  2163  2163 E LockSettingsStorage: Cannot read file java.io.FileNotFoundException: /data/system/gatekeeper.gesture.key: open failed: ENOENT (No such file or directory)
12-12 14:49:26.117  2163  2163 E LockSettingsStorage: Cannot read file java.io.FileNotFoundException: /data/system/gesture.key: open failed: ENOENT (No such file or directory)
12-12 14:49:26.117  2163  2163 E LockSettingsStorage: Cannot read file java.io.FileNotFoundException: /data/system/cm_gesture.key: open failed: ENOENT (No such file or directory)
12-12 14:49:26.145  2163  2163 E WifiService: Invoking mWifiStateMachine.setWifiEnabled
12-12 14:49:27.281  2163  2163 E NetdConnector: NDC Command {3 bandwidth enable} took too long (614ms)
12-12 14:49:28.019  2163  2163 E NetdConnector: NDC Command {6 strict enable} took too long (737ms)
12-12 14:49:28.019  2163  3670 E NetdConnector: NDC Command {7 interface clearaddrs wlan0} took too long (736ms)
--------- beginning of crash
12-12 14:49:28.484  3744  3744 F libc    : Fatal signal 6 (SIGABRT), code -6 in tid 3744 (ndroid.systemui)
12-12 14:49:28.586   247   247 F DEBUG   : *** *** *** *** *** *** *** *** *** *** *** *** *** *** *** ***
12-12 14:49:28.586   247   247 F DEBUG   : CM Version: 'unknown'
12-12 14:49:28.586   247   247 F DEBUG   : Build fingerprint: 'OnePlus/OnePlus/OnePlus:5.1.1/LMY47V/1441677661:user/release-keys'
12-12 14:49:28.586   247   247 F DEBUG   : Revision: '0'
12-12 14:49:28.586   247   247 F DEBUG   : ABI: 'arm'
12-12 14:49:28.586   247   247 F DEBUG   : pid: 3744, tid: 3744, name: ndroid.systemui  >>> com.android.systemui <<<
12-12 14:49:28.586   247   247 F DEBUG   : signal 6 (SIGABRT), code -6 (SI_TKILL), fault addr --------
12-12 14:49:28.610   247   247 F DEBUG   : Abort message: 'art/runtime/indirect_reference_table.cc:115] JNI ERROR (app bug): local reference table overflow (max=512)'
12-12 14:49:28.610   247   247 F DEBUG   :     r0 00000000  r1 00000ea0  r2 00000006  r3 00000000
12-12 14:49:28.610   247   247 F DEBUG   :     r4 b6f51b88  r5 00000006  r6 b6f51b38  r7 0000010c
12-12 14:49:28.610   247   247 F DEBUG   :     r8 b4e3f828  r9 b4e3de58  sl 7fcf98a0  fp b4e255a4
12-12 14:49:28.610   247   247 F DEBUG   :     ip 00000000  sp bedc75d8  lr b6ca8e81  pc b6cab5e4  cpsr 20070010
12-12 14:49:28.628   247   247 F DEBUG   : 
12-12 14:49:28.628   247   247 F DEBUG   : backtrace:
12-12 14:49:28.628   247   247 F DEBUG   :     #00 pc 0004a5e4  /system/lib/libc.so (tgkill+12)
12-12 14:49:28.628   247   247 F DEBUG   :     #01 pc 00047e7d  /system/lib/libc.so (pthread_kill+36)
12-12 14:49:28.628   247   247 F DEBUG   :     #02 pc 0001bc03  /system/lib/libc.so (raise+10)
12-12 14:49:28.628   247   247 F DEBUG   :     #03 pc 000184ad  /system/lib/libc.so (__libc_android_abort+36)
12-12 14:49:28.628   247   247 F DEBUG   :     #04 pc 0001650c  /system/lib/libc.so (abort+4)
12-12 14:49:28.628   247   247 F DEBUG   :     #05 pc 00315d81  /system/lib/libart.so (_ZN3art7Runtime5AbortEv+212)
12-12 14:49:28.628   247   247 F DEBUG   :     #06 pc 000f3bed  /system/lib/libart.so (_ZN3art10LogMessageD2Ev+1296)
12-12 14:49:28.629   247   247 F DEBUG   :     #07 pc 000f0c53  /system/lib/libart.so (_ZN3art7BarrierD2Ev+182)
12-12 14:49:28.629   247   247 F DEBUG   :     #08 pc 0033c279  /system/lib/libart.so (_ZN3art10ThreadList4DumpERNSt3__113basic_ostreamIcNS1_11char_traitsIcEEEE+144)
12-12 14:49:28.629   247   247 F DEBUG   :     #09 pc 00315e43  /system/lib/libart.so (_ZN3art7Runtime5AbortEv+406)
12-12 14:49:28.629   247   247 F DEBUG   :     #10 pc 000f3bed  /system/lib/libart.so (_ZN3art10LogMessageD2Ev+1296)
12-12 14:49:28.629   247   247 F DEBUG   :     #11 pc 001cffc9  /system/lib/libart.so (_ZN3art22IndirectReferenceTable3AddEjPNS_6mirror6ObjectE+228)
12-12 14:49:28.629   247   247 F DEBUG   :     #12 pc 0019fd37  /system/lib/libart.so (_ZN3art2gc4Heap21AddFinalizerReferenceEPNS_6ThreadEPPNS_6mirror6ObjectE+338)
12-12 14:49:28.629   247   247 F DEBUG   :     #13 pc 003abc9b  /system/lib/libart.so (artAllocObjectFromCodeRosAlloc+318)
12-12 14:49:28.629   247   247 F DEBUG   :     #14 pc 000e7dfd  /system/lib/libart.so (art_quick_alloc_object_rosalloc+28)
12-12 14:49:28.629   247   247 F DEBUG   :     #15 pc 73dc2d45  /data/dalvik-cache/arm/system@framework@boot.oat (offset 0x1fe2000)
12-12 14:49:29.048   247   247 F DEBUG   : 
12-12 14:49:29.048   247   247 F DEBUG   : Tombstone written to: /data/tombstones/tombstone_09
12-12 14:49:31.097  2163  2163 E BrokerableCMSystemService: No implementation service found
12-12 14:49:31.130  2163  2163 E InputMethodManagerService: Ignoring updateSystemUiLocked due to an invalid token. uid:1000 token:null
12-12 14:49:31.372  2163  2163 E LocationManagerService: Hardware Activity-Recognition not supported.
12-12 14:49:31.598  4393  4393 E ActivityThread: Failed to find provider info for com.sec.badge
12-12 14:49:32.548  2163  3685 E ConnectivityService: Failed to find Messenger in unregisterNetworkFactory
12-12 14:49:32.562  2163  3685 E ConnectivityService: Failed to find Messenger in unregisterNetworkFactory
12-12 14:49:34.101  4194  4194 F libc    : Fatal signal 6 (SIGABRT), code -6 in tid 4194 (ndroid.systemui)
12-12 14:49:34.206   247   247 F DEBUG   : *** *** *** *** *** *** *** *** *** *** *** *** *** *** *** ***
12-12 14:49:34.206   247   247 F DEBUG   : CM Version: 'unknown'
12-12 14:49:34.206   247   247 F DEBUG   : Build fingerprint: 'OnePlus/OnePlus/OnePlus:5.1.1/LMY47V/1441677661:user/release-keys'
12-12 14:49:34.206   247   247 F DEBUG   : Revision: '0'
12-12 14:49:34.206   247   247 F DEBUG   : ABI: 'arm'
12-12 14:49:34.206   247   247 F DEBUG   : pid: 4194, tid: 4194, name: ndroid.systemui  >>> com.android.systemui <<<
12-12 14:49:34.206   247   247 F DEBUG   : signal 6 (SIGABRT), code -6 (SI_TKILL), fault addr --------
12-12 14:49:34.253   247   247 F DEBUG   : Abort message: 'art/runtime/indirect_reference_table.cc:115] JNI ERROR (app bug): local reference table overflow (max=512)'
12-12 14:49:34.253   247   247 F DEBUG   :     r0 00000000  r1 00001062  r2 00000006  r3 00000000
12-12 14:49:34.253   247   247 F DEBUG   :     r4 b6f51b88  r5 00000006  r6 b6f51b38  r7 0000010c
12-12 14:49:34.253   247   247 F DEBUG   :     r8 b4e3f828  r9 b4e3de58  sl ffd7efa0  fp b4e255a4
12-12 14:49:34.253   247   247 F DEBUG   :     ip 00000000  sp bedc75d8  lr b6ca8e81  pc b6cab5e4  cpsr 20070010
12-12 14:49:34.270   247   247 F DEBUG   : 
12-12 14:49:34.270   247   247 F DEBUG   : backtrace:
12-12 14:49:34.271   247   247 F DEBUG   :     #00 pc 0004a5e4  /system/lib/libc.so (tgkill+12)
12-12 14:49:34.271   247   247 F DEBUG   :     #01 pc 00047e7d  /system/lib/libc.so (pthread_kill+36)
12-12 14:49:34.271   247   247 F DEBUG   :     #02 pc 0001bc03  /system/lib/libc.so (raise+10)
12-12 14:49:34.271   247   247 F DEBUG   :     #03 pc 000184ad  /system/lib/libc.so (__libc_android_abort+36)
12-12 14:49:34.271   247   247 F DEBUG   :     #04 pc 0001650c  /system/lib/libc.so (abort+4)
12-12 14:49:34.271   247   247 F DEBUG   :     #05 pc 00315d81  /system/lib/libart.so (_ZN3art7Runtime5AbortEv+212)
12-12 14:49:34.271   247   247 F DEBUG   :     #06 pc 000f3bed  /system/lib/libart.so (_ZN3art10LogMessageD2Ev+1296)
12-12 14:49:34.271   247   247 F DEBUG   :     #07 pc 000f0c53  /system/lib/libart.so (_ZN3art7BarrierD2Ev+182)
12-12 14:49:34.271   247   247 F DEBUG   :     #08 pc 0033c279  /system/lib/libart.so (_ZN3art10ThreadList4DumpERNSt3__113basic_ostreamIcNS1_11char_traitsIcEEEE+144)
12-12 14:49:34.271   247   247 F DEBUG   :     #09 pc 00315e43  /system/lib/libart.so (_ZN3art7Runtime5AbortEv+406)
12-12 14:49:34.271   247   247 F DEBUG   :     #10 pc 000f3bed  /system/lib/libart.so (_ZN3art10LogMessageD2Ev+1296)
12-12 14:49:34.271   247   247 F DEBUG   :     #11 pc 001cffc9  /system/lib/libart.so (_ZN3art22IndirectReferenceTable3AddEjPNS_6mirror6ObjectE+228)
12-12 14:49:34.271   247   247 F DEBUG   :     #12 pc 0019fd37  /system/lib/libart.so (_ZN3art2gc4Heap21AddFinalizerReferenceEPNS_6ThreadEPPNS_6mirror6ObjectE+338)
12-12 14:49:34.271   247   247 F DEBUG   :     #13 pc 003abc9b  /system/lib/libart.so (artAllocObjectFromCodeRosAlloc+318)
12-12 14:49:34.271   247   247 F DEBUG   :     #14 pc 000e7dfd  /system/lib/libart.so (art_quick_alloc_object_rosalloc+28)
12-12 14:49:34.271   247   247 F DEBUG   :     #15 pc 73dc2d45  /data/dalvik-cache/arm/system@framework@boot.oat (offset 0x1fe2000)
12-12 14:49:34.909   247   247 F DEBUG   : 
12-12 14:49:34.909   247   247 F DEBUG   : Tombstone written to: /data/tombstones/tombstone_00
12-12 14:49:36.793  4855  4918 E ActivityThread: Failed to find provider info for com.google.android.gm.exchange.bundled.directory.provider
12-12 14:49:37.343  5520  5520 F libc    : Fatal signal 6 (SIGABRT), code -6 in tid 5520 (ndroid.systemui)
12-12 14:49:37.447   247   247 F DEBUG   : *** *** *** *** *** *** *** *** *** *** *** *** *** *** *** ***
12-12 14:49:37.447   247   247 F DEBUG   : CM Version: 'unknown'
12-12 14:49:37.447   247   247 F DEBUG   : Build fingerprint: 'OnePlus/OnePlus/OnePlus:5.1.1/LMY47V/1441677661:user/release-keys'
12-12 14:49:37.447   247   247 F DEBUG   : Revision: '0'
12-12 14:49:37.447   247   247 F DEBUG   : ABI: 'arm'
12-12 14:49:37.448   247   247 F DEBUG   : pid: 5520, tid: 5520, name: ndroid.systemui  >>> com.android.systemui <<<
12-12 14:49:37.448   247   247 F DEBUG   : signal 6 (SIGABRT), code -6 (SI_TKILL), fault addr --------
12-12 14:49:37.479   247   247 F DEBUG   : Abort message: 'art/runtime/indirect_reference_table.cc:115] JNI ERROR (app bug): local reference table overflow (max=512)'
12-12 14:49:37.479   247   247 F DEBUG   :     r0 00000000  r1 00001590  r2 00000006  r3 00000000
12-12 14:49:37.480   247   247 F DEBUG   :     r4 b6f51b88  r5 00000006  r6 b6f51b38  r7 0000010c
12-12 14:49:37.480   247   247 F DEBUG   :     r8 b4e3f828  r9 b4e3de58  sl b7ff6e80  fp b4e255a4
12-12 14:49:37.480   247   247 F DEBUG   :     ip 00000000  sp bedc75d8  lr b6ca8e81  pc b6cab5e4  cpsr 20070010
12-12 14:49:37.501   247   247 F DEBUG   : 
12-12 14:49:37.501   247   247 F DEBUG   : backtrace:
12-12 14:49:37.501   247   247 F DEBUG   :     #00 pc 0004a5e4  /system/lib/libc.so (tgkill+12)
12-12 14:49:37.501   247   247 F DEBUG   :     #01 pc 00047e7d  /system/lib/libc.so (pthread_kill+36)
12-12 14:49:37.501   247   247 F DEBUG   :     #02 pc 0001bc03  /system/lib/libc.so (raise+10)
12-12 14:49:37.501   247   247 F DEBUG   :     #03 pc 000184ad  /system/lib/libc.so (__libc_android_abort+36)
12-12 14:49:37.501   247   247 F DEBUG   :     #04 pc 0001650c  /system/lib/libc.so (abort+4)
12-12 14:49:37.501   247   247 F DEBUG   :     #05 pc 00315d81  /system/lib/libart.so (_ZN3art7Runtime5AbortEv+212)
12-12 14:49:37.501   247   247 F DEBUG   :     #06 pc 000f3bed  /system/lib/libart.so (_ZN3art10LogMessageD2Ev+1296)
12-12 14:49:37.501   247   247 F DEBUG   :     #07 pc 000f0c53  /system/lib/libart.so (_ZN3art7BarrierD2Ev+182)
12-12 14:49:37.502   247   247 F DEBUG   :     #08 pc 0033c279  /system/lib/libart.so (_ZN3art10ThreadList4DumpERNSt3__113basic_ostreamIcNS1_11char_traitsIcEEEE+144)
12-12 14:49:37.502   247   247 F DEBUG   :     #09 pc 00315e43  /system/lib/libart.so (_ZN3art7Runtime5AbortEv+406)
12-12 14:49:37.502   247   247 F DEBUG   :     #10 pc 000f3bed  /system/lib/libart.so (_ZN3art10LogMessageD2Ev+1296)
12-12 14:49:37.502   247   247 F DEBUG   :     #11 pc 001cffc9  /system/lib/libart.so (_ZN3art22IndirectReferenceTable3AddEjPNS_6mirror6ObjectE+228)
12-12 14:49:37.502   247   247 F DEBUG   :     #12 pc 0019fd37  /system/lib/libart.so (_ZN3art2gc4Heap21AddFinalizerReferenceEPNS_6ThreadEPPNS_6mirror6ObjectE+338)
12-12 14:49:37.502   247   247 F DEBUG   :     #13 pc 003abc9b  /system/lib/libart.so (artAllocObjectFromCodeRosAlloc+318)
12-12 14:49:37.502   247   247 F DEBUG   :     #14 pc 000e7dfd  /system/lib/libart.so (art_quick_alloc_object_rosalloc+28)
12-12 14:49:37.502   247   247 F DEBUG   :     #15 pc 73dc2d45  /data/dalvik-cache/arm/system@framework@boot.oat (offset 0x1fe2000)
12-12 14:49:38.190   247   247 F DEBUG   : 
12-12 14:49:38.190   247   247 F DEBUG   : Tombstone written to: /data/tombstones/tombstone_01
12-12 14:49:40.375  5882  5882 F libc    : Fatal signal 6 (SIGABRT), code -6 in tid 5882 (ndroid.systemui)
12-12 14:49:40.477   247   247 F DEBUG   : *** *** *** *** *** *** *** *** *** *** *** *** *** *** *** ***
12-12 14:49:40.477   247   247 F DEBUG   : CM Version: 'unknown'
12-12 14:49:40.477   247   247 F DEBUG   : Build fingerprint: 'OnePlus/OnePlus/OnePlus:5.1.1/LMY47V/1441677661:user/release-keys'
12-12 14:49:40.477   247   247 F DEBUG   : Revision: '0'
12-12 14:49:40.477   247   247 F DEBUG   : ABI: 'arm'
12-12 14:49:40.477   247   247 F DEBUG   : pid: 5882, tid: 5882, name: ndroid.systemui  >>> com.android.systemui <<<
12-12 14:49:40.477   247   247 F DEBUG   : signal 6 (SIGABRT), code -6 (SI_TKILL), fault addr --------
12-12 14:49:40.503   247   247 F DEBUG   : Abort message: 'art/runtime/indirect_reference_table.cc:115] JNI ERROR (app bug): local reference table overflow (max=512)'
12-12 14:49:40.503   247   247 F DEBUG   :     r0 00000000  r1 000016fa  r2 00000006  r3 00000000
12-12 14:49:40.503   247   247 F DEBUG   :     r4 b6f51b88  r5 00000006  r6 b6f51b38  r7 0000010c
12-12 14:49:40.503   247   247 F DEBUG   :     r8 b4e3f828  r9 b4e3de58  sl b3edbfa0  fp b4e255a4
12-12 14:49:40.503   247   247 F DEBUG   :     ip 00000000  sp bedc75d8  lr b6ca8e81  pc b6cab5e4  cpsr 20070010
12-12 14:49:40.529   247   247 F DEBUG   : 
12-12 14:49:40.529   247   247 F DEBUG   : backtrace:
12-12 14:49:40.529   247   247 F DEBUG   :     #00 pc 0004a5e4  /system/lib/libc.so (tgkill+12)
12-12 14:49:40.530   247   247 F DEBUG   :     #01 pc 00047e7d  /system/lib/libc.so (pthread_kill+36)
12-12 14:49:40.530   247   247 F DEBUG   :     #02 pc 0001bc03  /system/lib/libc.so (raise+10)
12-12 14:49:40.530   247   247 F DEBUG   :     #03 pc 000184ad  /system/lib/libc.so (__libc_android_abort+36)
12-12 14:49:40.530   247   247 F DEBUG   :     #04 pc 0001650c  /system/lib/libc.so (abort+4)
12-12 14:49:40.530   247   247 F DEBUG   :     #05 pc 00315d81  /system/lib/libart.so (_ZN3art7Runtime5AbortEv+212)
12-12 14:49:40.530   247   247 F DEBUG   :     #06 pc 000f3bed  /system/lib/libart.so (_ZN3art10LogMessageD2Ev+1296)
12-12 14:49:40.530   247   247 F DEBUG   :     #07 pc 000f0c53  /system/lib/libart.so (_ZN3art7BarrierD2Ev+182)
12-12 14:49:40.530   247   247 F DEBUG   :     #08 pc 0033c279  /system/lib/libart.so (_ZN3art10ThreadList4DumpERNSt3__113basic_ostreamIcNS1_11char_traitsIcEEEE+144)
12-12 14:49:40.530   247   247 F DEBUG   :     #09 pc 00315e43  /system/lib/libart.so (_ZN3art7Runtime5AbortEv+406)
12-12 14:49:40.530   247   247 F DEBUG   :     #10 pc 000f3bed  /system/lib/libart.so (_ZN3art10LogMessageD2Ev+1296)
12-12 14:49:40.530   247   247 F DEBUG   :     #11 pc 001cffc9  /system/lib/libart.so (_ZN3art22IndirectReferenceTable3AddEjPNS_6mirror6ObjectE+228)
12-12 14:49:40.530   247   247 F DEBUG   :     #12 pc 0019fd37  /system/lib/libart.so (_ZN3art2gc4Heap21AddFinalizerReferenceEPNS_6ThreadEPPNS_6mirror6ObjectE+338)
12-12 14:49:40.530   247   247 F DEBUG   :     #13 pc 003abc9b  /system/lib/libart.so (artAllocObjectFromCodeRosAlloc+318)
12-12 14:49:40.530   247   247 F DEBUG   :     #14 pc 000e7dfd  /system/lib/libart.so (art_quick_alloc_object_rosalloc+28)
12-12 14:49:40.530   247   247 F DEBUG   :     #15 pc 73dc2d45  /data/dalvik-cache/arm/system@framework@boot.oat (offset 0x1fe2000)
12-12 14:49:41.007   247   247 F DEBUG   : 
12-12 14:49:41.007   247   247 F DEBUG   : Tombstone written to: /data/tombstones/tombstone_02
12-12 14:49:43.302  6182  6182 F libc    : Fatal signal 6 (SIGABRT), code -6 in tid 6182 (ndroid.systemui)
12-12 14:49:43.403   247   247 F DEBUG   : *** *** *** *** *** *** *** *** *** *** *** *** *** *** *** ***
12-12 14:49:43.403   247   247 F DEBUG   : CM Version: 'unknown'
12-12 14:49:43.403   247   247 F DEBUG   : Build fingerprint: 'OnePlus/OnePlus/OnePlus:5.1.1/LMY47V/1441677661:user/release-keys'
12-12 14:49:43.403   247   247 F DEBUG   : Revision: '0'
12-12 14:49:43.403   247   247 F DEBUG   : ABI: 'arm'
12-12 14:49:43.403   247   247 F DEBUG   : pid: 6182, tid: 6182, name: ndroid.systemui  >>> com.android.systemui <<<
12-12 14:49:43.403   247   247 F DEBUG   : signal 6 (SIGABRT), code -6 (SI_TKILL), fault addr --------
12-12 14:49:43.426   247   247 F DEBUG   : Abort message: 'art/runtime/indirect_reference_table.cc:115] JNI ERROR (app bug): local reference table overflow (max=512)'
12-12 14:49:43.426   247   247 F DEBUG   :     r0 00000000  r1 00001826  r2 00000006  r3 00000000
12-12 14:49:43.426   247   247 F DEBUG   :     r4 b6f51b88  r5 00000006  r6 b6f51b38  r7 0000010c
12-12 14:49:43.426   247   247 F DEBUG   :     r8 b4e3f828  r9 b4e3de58  sl b3bffc80  fp b4e255a4
12-12 14:49:43.426   247   247 F DEBUG   :     ip 00000000  sp bedc75d8  lr b6ca8e81  pc b6cab5e4  cpsr 20070010
12-12 14:49:43.442   247   247 F DEBUG   : 
12-12 14:49:43.442   247   247 F DEBUG   : backtrace:
12-12 14:49:43.442   247   247 F DEBUG   :     #00 pc 0004a5e4  /system/lib/libc.so (tgkill+12)
12-12 14:49:43.442   247   247 F DEBUG   :     #01 pc 00047e7d  /system/lib/libc.so (pthread_kill+36)
12-12 14:49:43.442   247   247 F DEBUG   :     #02 pc 0001bc03  /system/lib/libc.so (raise+10)
12-12 14:49:43.442   247   247 F DEBUG   :     #03 pc 000184ad  /system/lib/libc.so (__libc_android_abort+36)
12-12 14:49:43.442   247   247 F DEBUG   :     #04 pc 0001650c  /system/lib/libc.so (abort+4)
12-12 14:49:43.442   247   247 F DEBUG   :     #05 pc 00315d81  /system/lib/libart.so (_ZN3art7Runtime5AbortEv+212)
12-12 14:49:43.442   247   247 F DEBUG   :     #06 pc 000f3bed  /system/lib/libart.so (_ZN3art10LogMessageD2Ev+1296)
12-12 14:49:43.443   247   247 F DEBUG   :     #07 pc 000f0c53  /system/lib/libart.so (_ZN3art7BarrierD2Ev+182)
12-12 14:49:43.443   247   247 F DEBUG   :     #08 pc 0033c279  /system/lib/libart.so (_ZN3art10ThreadList4DumpERNSt3__113basic_ostreamIcNS1_11char_traitsIcEEEE+144)
12-12 14:49:43.443   247   247 F DEBUG   :     #09 pc 00315e43  /system/lib/libart.so (_ZN3art7Runtime5AbortEv+406)
12-12 14:49:43.443   247   247 F DEBUG   :     #10 pc 000f3bed  /system/lib/libart.so (_ZN3art10LogMessageD2Ev+1296)
12-12 14:49:43.443   247   247 F DEBUG   :     #11 pc 001cffc9  /system/lib/libart.so (_ZN3art22IndirectReferenceTable3AddEjPNS_6mirror6ObjectE+228)
12-12 14:49:43.443   247   247 F DEBUG   :     #12 pc 0019fd37  /system/lib/libart.so (_ZN3art2gc4Heap21AddFinalizerReferenceEPNS_6ThreadEPPNS_6mirror6ObjectE+338)
12-12 14:49:43.443   247   247 F DEBUG   :     #13 pc 003abc9b  /system/lib/libart.so (artAllocObjectFromCodeRosAlloc+318)
12-12 14:49:43.443   247   247 F DEBUG   :     #14 pc 000e7dfd  /system/lib/libart.so (art_quick_alloc_object_rosalloc+28)
12-12 14:49:43.443   247   247 F DEBUG   :     #15 pc 73dc2d45  /data/dalvik-cache/arm/system@framework@boot.oat (offset 0x1fe2000)
12-12 14:49:43.841   247   247 F DEBUG   : 
12-12 14:49:43.841   247   247 F DEBUG   : Tombstone written to: /data/tombstones/tombstone_03
12-12 14:49:45.718  6320  6320 F libc    : Fatal signal 6 (SIGABRT), code -6 in tid 6320 (ndroid.systemui)
12-12 14:49:45.823   247   247 F DEBUG   : *** *** *** *** *** *** *** *** *** *** *** *** *** *** *** ***
12-12 14:49:45.823   247   247 F DEBUG   : CM Version: 'unknown'
12-12 14:49:45.823   247   247 F DEBUG   : Build fingerprint: 'OnePlus/OnePlus/OnePlus:5.1.1/LMY47V/1441677661:user/release-keys'
12-12 14:49:45.823   247   247 F DEBUG   : Revision: '0'
12-12 14:49:45.823   247   247 F DEBUG   : ABI: 'arm'
12-12 14:49:45.823   247   247 F DEBUG   : pid: 6320, tid: 6320, name: ndroid.systemui  >>> com.android.systemui <<<
12-12 14:49:45.823   247   247 F DEBUG   : signal 6 (SIGABRT), code -6 (SI_TKILL), fault addr --------
12-12 14:49:45.871   247   247 F DEBUG   : Abort message: 'art/runtime/indirect_reference_table.cc:115] JNI ERROR (app bug): local reference table overflow (max=512)'
12-12 14:49:45.871   247   247 F DEBUG   :     r0 00000000  r1 000018b0  r2 00000006  r3 00000000
12-12 14:49:45.871   247   247 F DEBUG   :     r4 b6f51b88  r5 00000006  r6 b6f51b38  r7 0000010c
12-12 14:49:45.871   247   247 F DEBUG   :     r8 b4e3f828  r9 b4e3de58  sl fffe9fe0  fp b4e255a4
12-12 14:49:45.871   247   247 F DEBUG   :     ip 00000000  sp bedc75d8  lr b6ca8e81  pc b6cab5e4  cpsr 20070010
12-12 14:49:45.896   247   247 F DEBUG   : 
12-12 14:49:45.896   247   247 F DEBUG   : backtrace:
12-12 14:49:45.896   247   247 F DEBUG   :     #00 pc 0004a5e4  /system/lib/libc.so (tgkill+12)
12-12 14:49:45.896   247   247 F DEBUG   :     #01 pc 00047e7d  /system/lib/libc.so (pthread_kill+36)
12-12 14:49:45.896   247   247 F DEBUG   :     #02 pc 0001bc03  /system/lib/libc.so (raise+10)
12-12 14:49:45.896   247   247 F DEBUG   :     #03 pc 000184ad  /system/lib/libc.so (__libc_android_abort+36)
12-12 14:49:45.896   247   247 F DEBUG   :     #04 pc 0001650c  /system/lib/libc.so (abort+4)
12-12 14:49:45.896   247   247 F DEBUG   :     #05 pc 00315d81  /system/lib/libart.so (_ZN3art7Runtime5AbortEv+212)
12-12 14:49:45.897   247   247 F DEBUG   :     #06 pc 000f3bed  /system/lib/libart.so (_ZN3art10LogMessageD2Ev+1296)
12-12 14:49:45.897   247   247 F DEBUG   :     #07 pc 000f0c53  /system/lib/libart.so (_ZN3art7BarrierD2Ev+182)
12-12 14:49:45.897   247   247 F DEBUG   :     #08 pc 0033c279  /system/lib/libart.so (_ZN3art10ThreadList4DumpERNSt3__113basic_ostreamIcNS1_11char_traitsIcEEEE+144)
12-12 14:49:45.897   247   247 F DEBUG   :     #09 pc 00315e43  /system/lib/libart.so (_ZN3art7Runtime5AbortEv+406)
12-12 14:49:45.897   247   247 F DEBUG   :     #10 pc 000f3bed  /system/lib/libart.so (_ZN3art10LogMessageD2Ev+1296)
12-12 14:49:45.897   247   247 F DEBUG   :     #11 pc 001cffc9  /system/lib/libart.so (_ZN3art22IndirectReferenceTable3AddEjPNS_6mirror6ObjectE+228)
12-12 14:49:45.897   247   247 F DEBUG   :     #12 pc 0019fd37  /system/lib/libart.so (_ZN3art2gc4Heap21AddFinalizerReferenceEPNS_6ThreadEPPNS_6mirror6ObjectE+338)
12-12 14:49:45.897   247   247 F DEBUG   :     #13 pc 003abc9b  /system/lib/libart.so (artAllocObjectFromCodeRosAlloc+318)
12-12 14:49:45.897   247   247 F DEBUG   :     #14 pc 000e7dfd  /system/lib/libart.so (art_quick_alloc_object_rosalloc+28)
12-12 14:49:45.897   247   247 F DEBUG   :     #15 pc 73dc2d45  /data/dalvik-cache/arm/system@framework@boot.oat (offset 0x1fe2000)
12-12 14:49:46.188  2163  3685 E ConnectivityService: Unexpected mtu value: 0, wlan0
12-12 14:49:46.445   247   247 F DEBUG   : 
12-12 14:49:46.445   247   247 F DEBUG   : Tombstone written to: /data/tombstones/tombstone_04
12-12 14:49:47.904  6510  6510 F libc    : Fatal signal 6 (SIGABRT), code -6 in tid 6510 (ndroid.systemui)
12-12 14:49:48.005   247   247 F DEBUG   : *** *** *** *** *** *** *** *** *** *** *** *** *** *** *** ***
12-12 14:49:48.005   247   247 F DEBUG   : CM Version: 'unknown'
12-12 14:49:48.005   247   247 F DEBUG   : Build fingerprint: 'OnePlus/OnePlus/OnePlus:5.1.1/LMY47V/1441677661:user/release-keys'
12-12 14:49:48.005   247   247 F DEBUG   : Revision: '0'
12-12 14:49:48.005   247   247 F DEBUG   : ABI: 'arm'
12-12 14:49:48.005   247   247 F DEBUG   : pid: 6510, tid: 6510, name: ndroid.systemui  >>> com.android.systemui <<<
12-12 14:49:48.005   247   247 F DEBUG   : signal 6 (SIGABRT), code -6 (SI_TKILL), fault addr --------
12-12 14:49:48.028   247   247 F DEBUG   : Abort message: 'art/runtime/indirect_reference_table.cc:115] JNI ERROR (app bug): local reference table overflow (max=512)'
12-12 14:49:48.028   247   247 F DEBUG   :     r0 00000000  r1 0000196e  r2 00000006  r3 00000000
12-12 14:49:48.028   247   247 F DEBUG   :     r4 b6f51b88  r5 00000006  r6 b6f51b38  r7 0000010c
12-12 14:49:48.028   247   247 F DEBUG   :     r8 b4e3f828  r9 b4e3de58  sl fc5edfe0  fp b4e255a4
12-12 14:49:48.028   247   247 F DEBUG   :     ip 00000000  sp bedc75d8  lr b6ca8e81  pc b6cab5e4  cpsr 20070010
12-12 14:49:48.045   247   247 F DEBUG   : 
12-12 14:49:48.045   247   247 F DEBUG   : backtrace:
12-12 14:49:48.045   247   247 F DEBUG   :     #00 pc 0004a5e4  /system/lib/libc.so (tgkill+12)
12-12 14:49:48.045   247   247 F DEBUG   :     #01 pc 00047e7d  /system/lib/libc.so (pthread_kill+36)
12-12 14:49:48.045   247   247 F DEBUG   :     #02 pc 0001bc03  /system/lib/libc.so (raise+10)
12-12 14:49:48.045   247   247 F DEBUG   :     #03 pc 000184ad  /system/lib/libc.so (__libc_android_abort+36)
12-12 14:49:48.045   247   247 F DEBUG   :     #04 pc 0001650c  /system/lib/libc.so (abort+4)
12-12 14:49:48.046   247   247 F DEBUG   :     #05 pc 00315d81  /system/lib/libart.so (_ZN3art7Runtime5AbortEv+212)
12-12 14:49:48.046   247   247 F DEBUG   :     #06 pc 000f3bed  /system/lib/libart.so (_ZN3art10LogMessageD2Ev+1296)
12-12 14:49:48.046   247   247 F DEBUG   :     #07 pc 000f0c53  /system/lib/libart.so (_ZN3art7BarrierD2Ev+182)
12-12 14:49:48.046   247   247 F DEBUG   :     #08 pc 0033c279  /system/lib/libart.so (_ZN3art10ThreadList4DumpERNSt3__113basic_ostreamIcNS1_11char_traitsIcEEEE+144)
12-12 14:49:48.046   247   247 F DEBUG   :     #09 pc 00315e43  /system/lib/libart.so (_ZN3art7Runtime5AbortEv+406)
12-12 14:49:48.046   247   247 F DEBUG   :     #10 pc 000f3bed  /system/lib/libart.so (_ZN3art10LogMessageD2Ev+1296)
12-12 14:49:48.046   247   247 F DEBUG   :     #11 pc 001cffc9  /system/lib/libart.so (_ZN3art22IndirectReferenceTable3AddEjPNS_6mirror6ObjectE+228)
12-12 14:49:48.046   247   247 F DEBUG   :     #12 pc 0019fd37  /system/lib/libart.so (_ZN3art2gc4Heap21AddFinalizerReferenceEPNS_6ThreadEPPNS_6mirror6ObjectE+338)
12-12 14:49:48.046   247   247 F DEBUG   :     #13 pc 003abc9b  /system/lib/libart.so (artAllocObjectFromCodeRosAlloc+318)
12-12 14:49:48.046   247   247 F DEBUG   :     #14 pc 000e7dfd  /system/lib/libart.so (art_quick_alloc_object_rosalloc+28)
12-12 14:49:48.046   247   247 F DEBUG   :     #15 pc 73dc2d45  /data/dalvik-cache/arm/system@framework@boot.oat (offset 0x1fe2000)
12-12 14:49:49.296   247   247 F DEBUG   : 
12-12 14:49:49.296   247   247 F DEBUG   : Tombstone written to: /data/tombstones/tombstone_05
12-12 14:49:51.091  6773  6773 F libc    : Fatal signal 6 (SIGABRT), code -6 in tid 6773 (ndroid.systemui)
12-12 14:49:51.194   247   247 F DEBUG   : *** *** *** *** *** *** *** *** *** *** *** *** *** *** *** ***
12-12 14:49:51.194   247   247 F DEBUG   : CM Version: 'unknown'
12-12 14:49:51.194   247   247 F DEBUG   : Build fingerprint: 'OnePlus/OnePlus/OnePlus:5.1.1/LMY47V/1441677661:user/release-keys'
12-12 14:49:51.194   247   247 F DEBUG   : Revision: '0'
12-12 14:49:51.195   247   247 F DEBUG   : ABI: 'arm'
12-12 14:49:51.196   247   247 F DEBUG   : pid: 6773, tid: 6773, name: ndroid.systemui  >>> com.android.systemui <<<
12-12 14:49:51.196   247   247 F DEBUG   : signal 6 (SIGABRT), code -6 (SI_TKILL), fault addr --------
12-12 14:49:51.222   247   247 F DEBUG   : Abort message: 'art/runtime/indirect_reference_table.cc:115] JNI ERROR (app bug): local reference table overflow (max=512)'
12-12 14:49:51.222   247   247 F DEBUG   :     r0 00000000  r1 00001a75  r2 00000006  r3 00000000
12-12 14:49:51.222   247   247 F DEBUG   :     r4 b6f51b88  r5 00000006  r6 b6f51b38  r7 0000010c
12-12 14:49:51.222   247   247 F DEBUG   :     r8 b4e3f828  r9 b4e3de58  sl b7b67660  fp b4e255a4
12-12 14:49:51.223   247   247 F DEBUG   :     ip 00000000  sp bedc75d8  lr b6ca8e81  pc b6cab5e4  cpsr 20070010
12-12 14:49:51.242   247   247 F DEBUG   : 
12-12 14:49:51.242   247   247 F DEBUG   : backtrace:
12-12 14:49:51.242   247   247 F DEBUG   :     #00 pc 0004a5e4  /system/lib/libc.so (tgkill+12)
12-12 14:49:51.242   247   247 F DEBUG   :     #01 pc 00047e7d  /system/lib/libc.so (pthread_kill+36)
12-12 14:49:51.242   247   247 F DEBUG   :     #02 pc 0001bc03  /system/lib/libc.so (raise+10)
12-12 14:49:51.242   247   247 F DEBUG   :     #03 pc 000184ad  /system/lib/libc.so (__libc_android_abort+36)
12-12 14:49:51.243   247   247 F DEBUG   :     #04 pc 0001650c  /system/lib/libc.so (abort+4)
12-12 14:49:51.243   247   247 F DEBUG   :     #05 pc 00315d81  /system/lib/libart.so (_ZN3art7Runtime5AbortEv+212)
12-12 14:49:51.243   247   247 F DEBUG   :     #06 pc 000f3bed  /system/lib/libart.so (_ZN3art10LogMessageD2Ev+1296)
12-12 14:49:51.243   247   247 F DEBUG   :     #07 pc 000f0c53  /system/lib/libart.so (_ZN3art7BarrierD2Ev+182)
12-12 14:49:51.243   247   247 F DEBUG   :     #08 pc 0033c279  /system/lib/libart.so (_ZN3art10ThreadList4DumpERNSt3__113basic_ostreamIcNS1_11char_traitsIcEEEE+144)
12-12 14:49:51.243   247   247 F DEBUG   :     #09 pc 00315e43  /system/lib/libart.so (_ZN3art7Runtime5AbortEv+406)
12-12 14:49:51.243   247   247 F DEBUG   :     #10 pc 000f3bed  /system/lib/libart.so (_ZN3art10LogMessageD2Ev+1296)
12-12 14:49:51.243   247   247 F DEBUG   :     #11 pc 001cffc9  /system/lib/libart.so (_ZN3art22IndirectReferenceTable3AddEjPNS_6mirror6ObjectE+228)
12-12 14:49:51.243   247   247 F DEBUG   :     #12 pc 0019fd37  /system/lib/libart.so (_ZN3art2gc4Heap21AddFinalizerReferenceEPNS_6ThreadEPPNS_6mirror6ObjectE+338)
12-12 14:49:51.243   247   247 F DEBUG   :     #13 pc 003abc9b  /system/lib/libart.so (artAllocObjectFromCodeRosAlloc+318)
12-12 14:49:51.243   247   247 F DEBUG   :     #14 pc 000e7dfd  /system/lib/libart.so (art_quick_alloc_object_rosalloc+28)
12-12 14:49:51.243   247   247 F DEBUG   :     #15 pc 73dc2d45  /data/dalvik-cache/arm/system@framework@boot.oat (offset 0x1fe2000)
12-12 14:49:51.665   247   247 F DEBUG   : 
12-12 14:49:51.665   247   247 F DEBUG   : Tombstone written to: /data/tombstones/tombstone_06
12-12 14:49:53.319  6933  6933 F libc    : Fatal signal 6 (SIGABRT), code -6 in tid 6933 (ndroid.systemui)
12-12 14:49:53.420   247   247 F DEBUG   : *** *** *** *** *** *** *** *** *** *** *** *** *** *** *** ***
12-12 14:49:53.420   247   247 F DEBUG   : CM Version: 'unknown'
12-12 14:49:53.420   247   247 F DEBUG   : Build fingerprint: 'OnePlus/OnePlus/OnePlus:5.1.1/LMY47V/1441677661:user/release-keys'
12-12 14:49:53.420   247   247 F DEBUG   : Revision: '0'
12-12 14:49:53.420   247   247 F DEBUG   : ABI: 'arm'
12-12 14:49:53.421   247   247 F DEBUG   : pid: 6933, tid: 6933, name: ndroid.systemui  >>> com.android.systemui <<<
12-12 14:49:53.421   247   247 F DEBUG   : signal 6 (SIGABRT), code -6 (SI_TKILL), fault addr --------
12-12 14:49:53.455   247   247 F DEBUG   : Abort message: 'art/runtime/indirect_reference_table.cc:115] JNI ERROR (app bug): local reference table overflow (max=512)'
12-12 14:49:53.455   247   247 F DEBUG   :     r0 00000000  r1 00001b15  r2 00000006  r3 00000000
12-12 14:49:53.455   247   247 F DEBUG   :     r4 b6f51b88  r5 00000006  r6 b6f51b38  r7 0000010c
12-12 14:49:53.455   247   247 F DEBUG   :     r8 b4e3f828  r9 b4e3de58  sl b3feb660  fp b4e255a4
12-12 14:49:53.455   247   247 F DEBUG   :     ip 00000000  sp bedc75d8  lr b6ca8e81  pc b6cab5e4  cpsr 20070010
12-12 14:49:53.477   247   247 F DEBUG   : 
12-12 14:49:53.477   247   247 F DEBUG   : backtrace:
12-12 14:49:53.477   247   247 F DEBUG   :     #00 pc 0004a5e4  /system/lib/libc.so (tgkill+12)
12-12 14:49:53.477   247   247 F DEBUG   :     #01 pc 00047e7d  /system/lib/libc.so (pthread_kill+36)
12-12 14:49:53.477   247   247 F DEBUG   :     #02 pc 0001bc03  /system/lib/libc.so (raise+10)
12-12 14:49:53.477   247   247 F DEBUG   :     #03 pc 000184ad  /system/lib/libc.so (__libc_android_abort+36)
12-12 14:49:53.477   247   247 F DEBUG   :     #04 pc 0001650c  /system/lib/libc.so (abort+4)
12-12 14:49:53.477   247   247 F DEBUG   :     #05 pc 00315d81  /system/lib/libart.so (_ZN3art7Runtime5AbortEv+212)
12-12 14:49:53.477   247   247 F DEBUG   :     #06 pc 000f3bed  /system/lib/libart.so (_ZN3art10LogMessageD2Ev+1296)
12-12 14:49:53.477   247   247 F DEBUG   :     #07 pc 000f0c53  /system/lib/libart.so (_ZN3art7BarrierD2Ev+182)
12-12 14:49:53.477   247   247 F DEBUG   :     #08 pc 0033c279  /system/lib/libart.so (_ZN3art10ThreadList4DumpERNSt3__113basic_ostreamIcNS1_11char_traitsIcEEEE+144)
12-12 14:49:53.477   247   247 F DEBUG   :     #09 pc 00315e43  /system/lib/libart.so (_ZN3art7Runtime5AbortEv+406)
12-12 14:49:53.477   247   247 F DEBUG   :     #10 pc 000f3bed  /system/lib/libart.so (_ZN3art10LogMessageD2Ev+1296)
12-12 14:49:53.477   247   247 F DEBUG   :     #11 pc 001cffc9  /system/lib/libart.so (_ZN3art22IndirectReferenceTable3AddEjPNS_6mirror6ObjectE+228)
12-12 14:49:53.477   247   247 F DEBUG   :     #12 pc 0019fd37  /system/lib/libart.so (_ZN3art2gc4Heap21AddFinalizerReferenceEPNS_6ThreadEPPNS_6mirror6ObjectE+338)
12-12 14:49:53.477   247   247 F DEBUG   :     #13 pc 003abc9b  /system/lib/libart.so (artAllocObjectFromCodeRosAlloc+318)
12-12 14:49:53.477   247   247 F DEBUG   :     #14 pc 000e7dfd  /system/lib/libart.so (art_quick_alloc_object_rosalloc+28)
12-12 14:49:53.478   247   247 F DEBUG   :     #15 pc 73dc2d45  /data/dalvik-cache/arm/system@framework@boot.oat (offset 0x1fe2000)
12-12 14:49:53.908   247   247 F DEBUG   : 
12-12 14:49:53.908   247   247 F DEBUG   : Tombstone written to: /data/tombstones/tombstone_07
12-12 14:49:55.558  6997  6997 F libc    : Fatal signal 6 (SIGABRT), code -6 in tid 6997 (ndroid.systemui)
12-12 14:49:55.661   247   247 F DEBUG   : *** *** *** *** *** *** *** *** *** *** *** *** *** *** *** ***
12-12 14:49:55.661   247   247 F DEBUG   : CM Version: 'unknown'
12-12 14:49:55.661   247   247 F DEBUG   : Build fingerprint: 'OnePlus/OnePlus/OnePlus:5.1.1/LMY47V/1441677661:user/release-keys'
12-12 14:49:55.661   247   247 F DEBUG   : Revision: '0'
12-12 14:49:55.661   247   247 F DEBUG   : ABI: 'arm'
12-12 14:49:55.662   247   247 F DEBUG   : pid: 6997, tid: 6997, name: ndroid.systemui  >>> com.android.systemui <<<
12-12 14:49:55.662   247   247 F DEBUG   : signal 6 (SIGABRT), code -6 (SI_TKILL), fault addr --------
12-12 14:49:55.731   247   247 F DEBUG   : Abort message: 'art/runtime/indirect_reference_table.cc:115] JNI ERROR (app bug): local reference table overflow (max=512)'
12-12 14:49:55.731   247   247 F DEBUG   :     r0 00000000  r1 00001b55  r2 00000006  r3 00000000
12-12 14:49:55.731   247   247 F DEBUG   :     r4 b6f51b88  r5 00000006  r6 b6f51b38  r7 0000010c
12-12 14:49:55.731   247   247 F DEBUG   :     r8 b4e3f828  r9 b4e3de58  sl 6bd59560  fp b4e255a4
12-12 14:49:55.731   247   247 F DEBUG   :     ip 00000000  sp bedc75d8  lr b6ca8e81  pc b6cab5e4  cpsr 20070010
12-12 14:49:55.759   247   247 F DEBUG   : 
12-12 14:49:55.759   247   247 F DEBUG   : backtrace:
12-12 14:49:55.759   247   247 F DEBUG   :     #00 pc 0004a5e4  /system/lib/libc.so (tgkill+12)
12-12 14:49:55.759   247   247 F DEBUG   :     #01 pc 00047e7d  /system/lib/libc.so (pthread_kill+36)
12-12 14:49:55.759   247   247 F DEBUG   :     #02 pc 0001bc03  /system/lib/libc.so (raise+10)
12-12 14:49:55.759   247   247 F DEBUG   :     #03 pc 000184ad  /system/lib/libc.so (__libc_android_abort+36)
12-12 14:49:55.759   247   247 F DEBUG   :     #04 pc 0001650c  /system/lib/libc.so (abort+4)
12-12 14:49:55.759   247   247 F DEBUG   :     #05 pc 00315d81  /system/lib/libart.so (_ZN3art7Runtime5AbortEv+212)
12-12 14:49:55.759   247   247 F DEBUG   :     #06 pc 000f3bed  /system/lib/libart.so (_ZN3art10LogMessageD2Ev+1296)
12-12 14:49:55.759   247   247 F DEBUG   :     #07 pc 000f0c53  /system/lib/libart.so (_ZN3art7BarrierD2Ev+182)
12-12 14:49:55.759   247   247 F DEBUG   :     #08 pc 0033c279  /system/lib/libart.so (_ZN3art10ThreadList4DumpERNSt3__113basic_ostreamIcNS1_11char_traitsIcEEEE+144)
12-12 14:49:55.759   247   247 F DEBUG   :     #09 pc 00315e43  /system/lib/libart.so (_ZN3art7Runtime5AbortEv+406)
12-12 14:49:55.759   247   247 F DEBUG   :     #10 pc 000f3bed  /system/lib/libart.so (_ZN3art10LogMessageD2Ev+1296)
12-12 14:49:55.759   247   247 F DEBUG   :     #11 pc 001cffc9  /system/lib/libart.so (_ZN3art22IndirectReferenceTable3AddEjPNS_6mirror6ObjectE+228)
12-12 14:49:55.759   247   247 F DEBUG   :     #12 pc 0019fd37  /system/lib/libart.so (_ZN3art2gc4Heap21AddFinalizerReferenceEPNS_6ThreadEPPNS_6mirror6ObjectE+338)
12-12 14:49:55.759   247   247 F DEBUG   :     #13 pc 003abc9b  /system/lib/libart.so (artAllocObjectFromCodeRosAlloc+318)
12-12 14:49:55.759   247   247 F DEBUG   :     #14 pc 000e7dfd  /system/lib/libart.so (art_quick_alloc_object_rosalloc+28)
12-12 14:49:55.759   247   247 F DEBUG   :     #15 pc 73dc2d45  /data/dalvik-cache/arm/system@framework@boot.oat (offset 0x1fe2000)
12-12 14:49:56.167   247   247 F DEBUG   : 
12-12 14:49:56.167   247   247 F DEBUG   : Tombstone written to: /data/tombstones/tombstone_08
--------- beginning of main
12-12 14:49:57.819  7041  7041 F libc    : Fatal signal 6 (SIGABRT), code -6 in tid 7041 (ndroid.systemui)
12-12 14:49:57.920   247   247 F DEBUG   : *** *** *** *** *** *** *** *** *** *** *** *** *** *** *** ***
12-12 14:49:57.920   247   247 F DEBUG   : CM Version: 'unknown'
12-12 14:49:57.920   247   247 F DEBUG   : Build fingerprint: 'OnePlus/OnePlus/OnePlus:5.1.1/LMY47V/1441677661:user/release-keys'
12-12 14:49:57.920   247   247 F DEBUG   : Revision: '0'
12-12 14:49:57.920   247   247 F DEBUG   : ABI: 'arm'
12-12 14:49:57.920   247   247 F DEBUG   : pid: 7041, tid: 7041, name: ndroid.systemui  >>> com.android.systemui <<<
12-12 14:49:57.920   247   247 E DEBUG   : AM write failed: Broken pipe
12-12 14:49:57.920   247   247 F DEBUG   : signal 6 (SIGABRT), code -6 (SI_TKILL), fault addr --------
12-12 14:49:57.951   247   247 F DEBUG   : Abort message: 'art/runtime/indirect_reference_table.cc:115] JNI ERROR (app bug): local reference table overflow (max=512)'
12-12 14:49:57.951   247   247 F DEBUG   :     r0 00000000  r1 00001b81  r2 00000006  r3 00000000
12-12 14:49:57.951   247   247 F DEBUG   :     r4 b6f51b88  r5 00000006  r6 b6f51b38  r7 0000010c
12-12 14:49:57.951   247   247 F DEBUG   :     r8 b4e3f828  r9 b4e3de58  sl ffffbf40  fp b4e255a4
12-12 14:49:57.951   247   247 F DEBUG   :     ip 00000000  sp bedc75d8  lr b6ca8e81  pc b6cab5e4  cpsr 20070010
12-12 14:49:57.983   247   247 F DEBUG   : 
12-12 14:49:57.983   247   247 F DEBUG   : backtrace:
12-12 14:49:57.983   247   247 F DEBUG   :     #00 pc 0004a5e4  /system/lib/libc.so (tgkill+12)
12-12 14:49:57.983   247   247 F DEBUG   :     #01 pc 00047e7d  /system/lib/libc.so (pthread_kill+36)
12-12 14:49:57.983   247   247 F DEBUG   :     #02 pc 0001bc03  /system/lib/libc.so (raise+10)
12-12 14:49:57.983   247   247 F DEBUG   :     #03 pc 000184ad  /system/lib/libc.so (__libc_android_abort+36)
12-12 14:49:57.983   247   247 F DEBUG   :     #04 pc 0001650c  /system/lib/libc.so (abort+4)
12-12 14:49:57.983   247   247 F DEBUG   :     #05 pc 00315d81  /system/lib/libart.so (_ZN3art7Runtime5AbortEv+212)
12-12 14:49:57.983   247   247 F DEBUG   :     #06 pc 000f3bed  /system/lib/libart.so (_ZN3art10LogMessageD2Ev+1296)
12-12 14:49:57.983   247   247 F DEBUG   :     #07 pc 000f0c53  /system/lib/libart.so (_ZN3art7BarrierD2Ev+182)
12-12 14:49:57.983   247   247 F DEBUG   :     #08 pc 0033c279  /system/lib/libart.so (_ZN3art10ThreadList4DumpERNSt3__113basic_ostreamIcNS1_11char_traitsIcEEEE+144)
12-12 14:49:57.984   247   247 F DEBUG   :     #09 pc 00315e43  /system/lib/libart.so (_ZN3art7Runtime5AbortEv+406)
12-12 14:49:57.984   247   247 F DEBUG   :     #10 pc 000f3bed  /system/lib/libart.so (_ZN3art10LogMessageD2Ev+1296)
12-12 14:49:57.984   247   247 F DEBUG   :     #11 pc 001cffc9  /system/lib/libart.so (_ZN3art22IndirectReferenceTable3AddEjPNS_6mirror6ObjectE+228)
12-12 14:49:57.984   247   247 F DEBUG   :     #12 pc 0019fd37  /system/lib/libart.so (_ZN3art2gc4Heap21AddFinalizerReferenceEPNS_6ThreadEPPNS_6mirror6ObjectE+338)
12-12 14:49:57.984   247   247 F DEBUG   :     #13 pc 003abc9b  /system/lib/libart.so (artAllocObjectFromCodeRosAlloc+318)
12-12 14:49:57.984   247   247 F DEBUG   :     #14 pc 000e7dfd  /system/lib/libart.so (art_quick_alloc_object_rosalloc+28)
12-12 14:49:57.984   247   247 F DEBUG   :     #15 pc 73dc2d45  /data/dalvik-cache/arm/system@framework@boot.oat (offset 0x1fe2000)
12-12 14:49:58.394   247   247 F DEBUG   : 
12-12 14:49:58.394   247   247 F DEBUG   : Tombstone written to: /data/tombstones/tombstone_09
12-12 14:50:00.079  7087  7087 F libc    : Fatal signal 6 (SIGABRT), code -6 in tid 7087 (ndroid.systemui)
12-12 14:50:00.180   247   247 F DEBUG   : *** *** *** *** *** *** *** *** *** *** *** *** *** *** *** ***
12-12 14:50:00.180   247   247 F DEBUG   : CM Version: 'unknown'
12-12 14:50:00.180   247   247 F DEBUG   : Build fingerprint: 'OnePlus/OnePlus/OnePlus:5.1.1/LMY47V/1441677661:user/release-keys'
12-12 14:50:00.180   247   247 F DEBUG   : Revision: '0'
12-12 14:50:00.180   247   247 F DEBUG   : ABI: 'arm'
12-12 14:50:00.180   247   247 F DEBUG   : pid: 7087, tid: 7087, name: ndroid.systemui  >>> com.android.systemui <<<
12-12 14:50:00.180   247   247 E DEBUG   : AM write failed: Broken pipe
12-12 14:50:00.180   247   247 F DEBUG   : signal 6 (SIGABRT), code -6 (SI_TKILL), fault addr --------
12-12 14:50:00.202   247   247 F DEBUG   : Abort message: 'art/runtime/indirect_reference_table.cc:115] JNI ERROR (app bug): local reference table overflow (max=512)'
12-12 14:50:00.202   247   247 F DEBUG   :     r0 00000000  r1 00001baf  r2 00000006  r3 00000000
12-12 14:50:00.202   247   247 F DEBUG   :     r4 b6f51b88  r5 00000006  r6 b6f51b38  r7 0000010c
12-12 14:50:00.202   247   247 F DEBUG   :     r8 b4e3f828  r9 b4e3de58  sl b3bfd3e0  fp b4e255a4
12-12 14:50:00.202   247   247 F DEBUG   :     ip 00000000  sp bedc75d8  lr b6ca8e81  pc b6cab5e4  cpsr 20070010
12-12 14:50:00.220   247   247 F DEBUG   : 
12-12 14:50:00.220   247   247 F DEBUG   : backtrace:
12-12 14:50:00.220   247   247 F DEBUG   :     #00 pc 0004a5e4  /system/lib/libc.so (tgkill+12)
12-12 14:50:00.220   247   247 F DEBUG   :     #01 pc 00047e7d  /system/lib/libc.so (pthread_kill+36)
12-12 14:50:00.220   247   247 F DEBUG   :     #02 pc 0001bc03  /system/lib/libc.so (raise+10)
12-12 14:50:00.220   247   247 F DEBUG   :     #03 pc 000184ad  /system/lib/libc.so (__libc_android_abort+36)
12-12 14:50:00.220   247   247 F DEBUG   :     #04 pc 0001650c  /system/lib/libc.so (abort+4)
12-12 14:50:00.220   247   247 F DEBUG   :     #05 pc 00315d81  /system/lib/libart.so (_ZN3art7Runtime5AbortEv+212)
12-12 14:50:00.220   247   247 F DEBUG   :     #06 pc 000f3bed  /system/lib/libart.so (_ZN3art10LogMessageD2Ev+1296)
12-12 14:50:00.220   247   247 F DEBUG   :     #07 pc 000f0c53  /system/lib/libart.so (_ZN3art7BarrierD2Ev+182)
12-12 14:50:00.220   247   247 F DEBUG   :     #08 pc 0033c279  /system/lib/libart.so (_ZN3art10ThreadList4DumpERNSt3__113basic_ostreamIcNS1_11char_traitsIcEEEE+144)
12-12 14:50:00.220   247   247 F DEBUG   :     #09 pc 00315e43  /system/lib/libart.so (_ZN3art7Runtime5AbortEv+406)
12-12 14:50:00.220   247   247 F DEBUG   :     #10 pc 000f3bed  /system/lib/libart.so (_ZN3art10LogMessageD2Ev+1296)
12-12 14:50:00.221   247   247 F DEBUG   :     #11 pc 001cffc9  /system/lib/libart.so (_ZN3art22IndirectReferenceTable3AddEjPNS_6mirror6ObjectE+228)
12-12 14:50:00.221   247   247 F DEBUG   :     #12 pc 0019fd37  /system/lib/libart.so (_ZN3art2gc4Heap21AddFinalizerReferenceEPNS_6ThreadEPPNS_6mirror6ObjectE+338)
12-12 14:50:00.221   247   247 F DEBUG   :     #13 pc 003abc9b  /system/lib/libart.so (artAllocObjectFromCodeRosAlloc+318)
12-12 14:50:00.221   247   247 F DEBUG   :     #14 pc 000e7dfd  /system/lib/libart.so (art_quick_alloc_object_rosalloc+28)
12-12 14:50:00.221   247   247 F DEBUG   :     #15 pc 73dc2d45  /data/dalvik-cache/arm/system@framework@boot.oat (offset 0x1fe2000)
12-12 14:50:00.741   247   247 F DEBUG   : 
12-12 14:50:00.741   247   247 F DEBUG   : Tombstone written to: /data/tombstones/tombstone_00
12-12 14:50:02.842  7164  7164 F libc    : Fatal signal 6 (SIGABRT), code -6 in tid 7164 (ndroid.systemui)
12-12 14:50:02.943   247   247 F DEBUG   : *** *** *** *** *** *** *** *** *** *** *** *** *** *** *** ***
12-12 14:50:02.943   247   247 F DEBUG   : CM Version: 'unknown'
12-12 14:50:02.943   247   247 F DEBUG   : Build fingerprint: 'OnePlus/OnePlus/OnePlus:5.1.1/LMY47V/1441677661:user/release-keys'
12-12 14:50:02.943   247   247 F DEBUG   : Revision: '0'
12-12 14:50:02.943   247   247 F DEBUG   : ABI: 'arm'
12-12 14:50:02.944   247   247 F DEBUG   : pid: 7164, tid: 7164, name: ndroid.systemui  >>> com.android.systemui <<<
12-12 14:50:02.944   247   247 F DEBUG   : signal 6 (SIGABRT), code -6 (SI_TKILL), fault addr --------
12-12 14:50:02.973   247   247 F DEBUG   : Abort message: 'art/runtime/indirect_reference_table.cc:115] JNI ERROR (app bug): local reference table overflow (max=512)'
12-12 14:50:02.973   247   247 E DEBUG   : AM write failed: Broken pipe
12-12 14:50:02.973   247   247 F DEBUG   :     r0 00000000  r1 00001bfc  r2 00000006  r3 00000000
12-12 14:50:02.973   247   247 F DEBUG   :     r4 b6f51b88  r5 00000006  r6 b6f51b38  r7 0000010c
12-12 14:50:02.973   247   247 F DEBUG   :     r8 b4e3f828  r9 b4e3de58  sl b4ffb6a0  fp b4e255a4
12-12 14:50:02.973   247   247 F DEBUG   :     ip 00000000  sp bedc75d8  lr b6ca8e81  pc b6cab5e4  cpsr 20070010
12-12 14:50:02.992   247   247 F DEBUG   : 
12-12 14:50:02.992   247   247 F DEBUG   : backtrace:
12-12 14:50:02.992   247   247 F DEBUG   :     #00 pc 0004a5e4  /system/lib/libc.so (tgkill+12)
12-12 14:50:02.992   247   247 F DEBUG   :     #01 pc 00047e7d  /system/lib/libc.so (pthread_kill+36)
12-12 14:50:02.992   247   247 F DEBUG   :     #02 pc 0001bc03  /system/lib/libc.so (raise+10)
12-12 14:50:02.992   247   247 F DEBUG   :     #03 pc 000184ad  /system/lib/libc.so (__libc_android_abort+36)
12-12 14:50:02.992   247   247 F DEBUG   :     #04 pc 0001650c  /system/lib/libc.so (abort+4)
12-12 14:50:02.992   247   247 F DEBUG   :     #05 pc 00315d81  /system/lib/libart.so (_ZN3art7Runtime5AbortEv+212)
12-12 14:50:02.992   247   247 F DEBUG   :     #06 pc 000f3bed  /system/lib/libart.so (_ZN3art10LogMessageD2Ev+1296)
12-12 14:50:02.992   247   247 F DEBUG   :     #07 pc 000f0c53  /system/lib/libart.so (_ZN3art7BarrierD2Ev+182)
12-12 14:50:02.992   247   247 F DEBUG   :     #08 pc 0033c279  /system/lib/libart.so (_ZN3art10ThreadList4DumpERNSt3__113basic_ostreamIcNS1_11char_traitsIcEEEE+144)
12-12 14:50:02.993   247   247 F DEBUG   :     #09 pc 00315e43  /system/lib/libart.so (_ZN3art7Runtime5AbortEv+406)
12-12 14:50:02.993   247   247 F DEBUG   :     #10 pc 000f3bed  /system/lib/libart.so (_ZN3art10LogMessageD2Ev+1296)
12-12 14:50:02.993   247   247 F DEBUG   :     #11 pc 001cffc9  /system/lib/libart.so (_ZN3art22IndirectReferenceTable3AddEjPNS_6mirror6ObjectE+228)
12-12 14:50:02.993   247   247 F DEBUG   :     #12 pc 0019fd37  /system/lib/libart.so (_ZN3art2gc4Heap21AddFinalizerReferenceEPNS_6ThreadEPPNS_6mirror6ObjectE+338)
12-12 14:50:02.993   247   247 F DEBUG   :     #13 pc 003abc9b  /system/lib/libart.so (artAllocObjectFromCodeRosAlloc+318)
12-12 14:50:02.993   247   247 F DEBUG   :     #14 pc 000e7dfd  /system/lib/libart.so (art_quick_alloc_object_rosalloc+28)
12-12 14:50:02.993   247   247 F DEBUG   :     #15 pc 73dc2d45  /data/dalvik-cache/arm/system@framework@boot.oat (offset 0x1fe2000)
12-12 14:50:03.161  4553  4607 E AudioEffects-JNI: effectCallback: Client died, no need to send callback
12-12 14:50:03.161  4553  4607 E AudioEffects-JNI: effectCallback: Client died, no need to send callback
12-12 14:50:03.162  4553  4607 E AudioEffects-JNI: effectCallback: Client died, no need to send callback
12-12 14:50:03.162  4553  4607 E AudioEffects-JNI: effectCallback: Client died, no need to send callback
12-12 14:50:03.162  5620  5633 E MediaPlayer: error (100, 0)
12-12 14:50:03.163  5620  5620 E MediaPlayer: Error (100,0)
12-12 14:50:03.592   247   247 F DEBUG   : 
12-12 14:50:03.592   247   247 F DEBUG   : Tombstone written to: /data/tombstones/tombstone_01
12-12 14:50:04.214   265  7335 E mm-camera: isp_tintless_get_version: lib returned version 3.61 err=0
12-12 14:50:04.217   265  7340 E mm-camera: isp_tintless_main_loop thread_id is 7340
12-12 14:50:04.223   265  7343 E hdr     : Session id 0x2 started
12-12 14:50:04.226   265  7338 E mm-camera-CORE: af_init: updated HAF func table
12-12 14:50:04.227   265  7338 E mm-camera: gyro_port_init: Init DSPS
12-12 14:50:04.229   265  7338 E mm-camera: gyro_port_init: DSPS inited
12-12 14:50:04.230   265  7333 E mm-camera-sensor: eeprom_load_library:709 e_ctrl->eeprom_lib.func_tbl =0xb3f07004
12-12 14:50:04.230   265  7333 E mm-camera-sensor: sunny_f13s01l_eeprom_format_calibration_data:592 Verified WB
12-12 14:50:04.230   265  7333 E mm-camera-sensor: sunny_f13s01l_eeprom_format_calibration_data:603 Verified LSC
12-12 14:50:04.230   265  7333 E mm-camera-sensor: sunny_f13s01l_eeprom_format_calibration_data:614 Verified AF
