12-12 14:50:52.174 10270 10270 F libc    : Fatal signal 6 (SIGABRT), code -6 in tid 10270 (ndroid.systemui)
12-12 14:50:52.280   247   247 F DEBUG   : *** *** *** *** *** *** *** *** *** *** *** *** *** *** *** ***
12-12 14:50:52.280   247   247 E DEBUG   : AM write failed: Broken pipe
12-12 14:50:52.280   247   247 F DEBUG   : CM Version: 'unknown'
12-12 14:50:52.280   247   247 F DEBUG   : Build fingerprint: 'OnePlus/OnePlus/OnePlus:5.1.1/LMY47V/1441677661:user/release-keys'
12-12 14:50:52.280   247   247 F DEBUG   : Revision: '0'
12-12 14:50:52.280   247   247 F DEBUG   : ABI: 'arm'
12-12 14:50:52.281   247   247 F DEBUG   : pid: 10270, tid: 10270, name: ndroid.systemui  >>> com.android.systemui <<<
12-12 14:50:52.281   247   247 F DEBUG   : signal 6 (SIGABRT), code -6 (SI_TKILL), fault addr --------
12-12 14:50:52.331   247   247 F DEBUG   : Abort message: 'art/runtime/indirect_reference_table.cc:115] JNI ERROR (app bug): local reference table overflow (max=512)'
12-12 14:50:52.331   247   247 F DEBUG   :     r0 00000000  r1 0000281e  r2 00000006  r3 00000000
12-12 14:50:52.331   247   247 F DEBUG   :     r4 b6f51b88  r5 00000006  r6 b6f51b38  r7 0000010c
12-12 14:50:52.331   247   247 F DEBUG   :     r8 b4e3f828  r9 b4e3de58  sl b59f5e60  fp b4e255a4
12-12 14:50:52.331   247   247 F DEBUG   :     ip 00000000  sp bedc75d8  lr b6ca8e81  pc b6cab5e4  cpsr 20070010
12-12 14:50:52.343  8194  8258 E CrashlyticsCore: Error occurred sending report com.crashlytics.android.core.SessionReport@4cc084e
12-12 14:50:52.343  8194  8258 E CrashlyticsCore: io.fabric.sdk.android.services.network.HttpRequest$HttpRequestException: java.net.ConnectException: failed to connect to reports.crashlytics.com/107.22.240.139 (port 443) after 10000ms: isConnected failed: ECONNREFUSED (Connection refused)
12-12 14:50:52.343  8194  8258 E CrashlyticsCore: 	at io.fabric.sdk.android.services.network.HttpRequest.a(HttpRequest.java:2658)
12-12 14:50:52.343  8194  8258 E CrashlyticsCore: 	at io.fabric.sdk.android.services.network.HttpRequest.a(HttpRequest.java:2616)
12-12 14:50:52.343  8194  8258 E CrashlyticsCore: 	at com.crashlytics.android.core.DefaultCreateReportSpiCall.b(DefaultCreateReportSpiCall.java:90)
12-12 14:50:52.343  8194  8258 E CrashlyticsCore: 	at com.crashlytics.android.core.DefaultCreateReportSpiCall.a(DefaultCreateReportSpiCall.java:60)
12-12 14:50:52.343  8194  8258 E CrashlyticsCore: 	at com.crashlytics.android.core.ReportUploader.a(ReportUploader.java:81)
12-12 14:50:52.343  8194  8258 E CrashlyticsCore: 	at com.crashlytics.android.core.ReportUploader$Worker.b(ReportUploader.java:190)
12-12 14:50:52.343  8194  8258 E CrashlyticsCore: 	at com.crashlytics.android.core.ReportUploader$Worker.a(ReportUploader.java:131)
12-12 14:50:52.343  8194  8258 E CrashlyticsCore: 	at io.fabric.sdk.android.services.common.BackgroundPriorityRunnable.run(BackgroundPriorityRunnable.java:30)
12-12 14:50:52.343  8194  8258 E CrashlyticsCore: 	at java.lang.Thread.run(Thread.java:818)
12-12 14:50:52.343  8194  8258 E CrashlyticsCore: Caused by: java.net.ConnectException: failed to connect to reports.crashlytics.com/107.22.240.139 (port 443) after 10000ms: isConnected failed: ECONNREFUSED (Connection refused)
12-12 14:50:52.343  8194  8258 E CrashlyticsCore: 	at libcore.io.IoBridge.isConnected(IoBridge.java:234)
12-12 14:50:52.343  8194  8258 E CrashlyticsCore: 	at libcore.io.IoBridge.connectErrno(IoBridge.java:171)
12-12 14:50:52.343  8194  8258 E CrashlyticsCore: 	at libcore.io.IoBridge.connect(IoBridge.java:122)
12-12 14:50:52.343  8194  8258 E CrashlyticsCore: 	at java.net.PlainSocketImpl.connect(PlainSocketImpl.java:183)
12-12 14:50:52.343  8194  8258 E CrashlyticsCore: 	at java.net.PlainSocketImpl.connect(PlainSocketImpl.java:452)
12-12 14:50:52.343  8194  8258 E CrashlyticsCore: 	at java.net.Socket.connect(Socket.java:884)
12-12 14:50:52.343  8194  8258 E CrashlyticsCore: 	at com.android.okhttp.internal.Platform.connectSocket(Platform.java:117)
12-12 14:50:52.343  8194  8258 E CrashlyticsCore: 	at com.android.okhttp.internal.http.SocketConnector.connectRawSocket(SocketConnector.java:160)
12-12 14:50:52.343  8194  8258 E CrashlyticsCore: 	at com.android.okhttp.internal.http.SocketConnector.connectTls(SocketConnector.java:79)
12-12 14:50:52.343  8194  8258 E CrashlyticsCore: 	at com.android.okhttp.Connection.connect(Connection.java:143)
12-12 14:50:52.343  8194  8258 E CrashlyticsCore: 	at com.android.okhttp.Connection.connectAndSetOwner(Connection.java:185)
12-12 14:50:52.343  8194  8258 E CrashlyticsCore: 	at com.android.okhttp.OkHttpClient$1.connectAndSetOwner(OkHttpClient.java:128)
12-12 14:50:52.343  8194  8258 E CrashlyticsCore: 	at com.android.okhttp.internal.http.HttpEngine.nextConnection(HttpEngine.java:341)
12-12 14:50:52.343  8194  8258 E CrashlyticsCore: 	at com.android.okhttp.internal.http.HttpEngine.connect(HttpEngine.java:330)
12-12 14:50:52.343  8194  8258 E CrashlyticsCore: 	at com.android.okhttp.internal.http.HttpEngine.sendRequest(HttpEngine.java:248)
12-12 14:50:52.343  8194  8258 E CrashlyticsCore: 	at com.android.okhttp.internal.huc.HttpURLConnectionImpl.execute(HttpURLConnectionImpl.java:437)
12-12 14:50:52.343  8194  8258 E CrashlyticsCore: 	at com.android.okhttp.internal.huc.HttpURLConnectionImpl.connect(HttpURLConnectionImpl.java:114)
12-12 14:50:52.343  8194  8258 E CrashlyticsCore: 	at com.android.okhttp.internal.huc.HttpURLConnectionImpl.getOutputStream(HttpURLConnectionImpl.java:245)
12-12 14:50:52.343  8194  8258 E CrashlyticsCore: 	at com.android.okhttp.internal.huc.DelegatingHttpsURLConnection.getOutputStream(DelegatingHttpsURLConnection.java:218)
12-12 14:50:52.343  8194  8258 E CrashlyticsCore: 	at com.android.okhttp.internal.huc.HttpsURLConnectionImpl.getOutputStream(HttpsURLConnectionImpl.java)
12-12 14:50:52.343  8194  8258 E CrashlyticsCore: 	at io.fabric.sdk.android.services.network.HttpRequest.m(HttpRequest.java:2449)
12-12 14:50:52.343  8194  8258 E CrashlyticsCore: 	at io.fabric.sdk.android.services.network.HttpRequest.n(HttpRequest.java:2462)
12-12 14:50:52.343  8194  8258 E CrashlyticsCore: 	at io.fabric.sdk.android.services.network.HttpRequest.a(HttpRequest.java:2654)
12-12 14:50:52.343  8194  8258 E CrashlyticsCore: 	... 8 more
12-12 14:50:52.343  8194  8258 E CrashlyticsCore: Caused by: android.system.ErrnoException: isConnected failed: ECONNREFUSED (Connection refused)
12-12 14:50:52.343  8194  8258 E CrashlyticsCore: 	at libcore.io.IoBridge.isConnected(IoBridge.java:223)
12-12 14:50:52.343  8194  8258 E CrashlyticsCore: 	... 30 more
12-12 14:50:52.353   247   247 F DEBUG   : 
12-12 14:50:52.353   247   247 F DEBUG   : backtrace:
12-12 14:50:52.353   247   247 F DEBUG   :     #00 pc 0004a5e4  /system/lib/libc.so (tgkill+12)
12-12 14:50:52.353   247   247 F DEBUG   :     #01 pc 00047e7d  /system/lib/libc.so (pthread_kill+36)
12-12 14:50:52.354   247   247 F DEBUG   :     #02 pc 0001bc03  /system/lib/libc.so (raise+10)
12-12 14:50:52.354   247   247 F DEBUG   :     #03 pc 000184ad  /system/lib/libc.so (__libc_android_abort+36)
12-12 14:50:52.354   247   247 F DEBUG   :     #04 pc 0001650c  /system/lib/libc.so (abort+4)
12-12 14:50:52.354   247   247 F DEBUG   :     #05 pc 00315d81  /system/lib/libart.so (_ZN3art7Runtime5AbortEv+212)
12-12 14:50:52.354   247   247 F DEBUG   :     #06 pc 000f3bed  /system/lib/libart.so (_ZN3art10LogMessageD2Ev+1296)
12-12 14:50:52.354   247   247 F DEBUG   :     #07 pc 000f0c53  /system/lib/libart.so (_ZN3art7BarrierD2Ev+182)
12-12 14:50:52.354   247   247 F DEBUG   :     #08 pc 0033c279  /system/lib/libart.so (_ZN3art10ThreadList4DumpERNSt3__113basic_ostreamIcNS1_11char_traitsIcEEEE+144)
12-12 14:50:52.354   247   247 F DEBUG   :     #09 pc 00315e43  /system/lib/libart.so (_ZN3art7Runtime5AbortEv+406)
12-12 14:50:52.354   247   247 F DEBUG   :     #10 pc 000f3bed  /system/lib/libart.so (_ZN3art10LogMessageD2Ev+1296)
12-12 14:50:52.354   247   247 F DEBUG   :     #11 pc 001cffc9  /system/lib/libart.so (_ZN3art22IndirectReferenceTable3AddEjPNS_6mirror6ObjectE+228)
12-12 14:50:52.354   247   247 F DEBUG   :     #12 pc 0019fd37  /system/lib/libart.so (_ZN3art2gc4Heap21AddFinalizerReferenceEPNS_6ThreadEPPNS_6mirror6ObjectE+338)
12-12 14:50:52.354   247   247 F DEBUG   :     #13 pc 003abc9b  /system/lib/libart.so (artAllocObjectFromCodeRosAlloc+318)
12-12 14:50:52.354   247   247 F DEBUG   :     #14 pc 000e7dfd  /system/lib/libart.so (art_quick_alloc_object_rosalloc+28)
12-12 14:50:52.354   247   247 F DEBUG   :     #15 pc 73dc2d45  /data/dalvik-cache/arm/system@framework@boot.oat (offset 0x1fe2000)
12-12 14:50:52.758   247   247 F DEBUG   : 
12-12 14:50:52.758   247   247 F DEBUG   : Tombstone written to: /data/tombstones/tombstone_08
12-12 14:50:54.401  4230  5500 E NetworkScheduler.SR: Invalid parameter app
12-12 14:50:54.401  4230  5500 E NetworkScheduler.SR: Invalid package name : Perhaps you didn't include a PendingIntent in the extras?
12-12 14:50:54.832 10361 10361 F libc    : Fatal signal 6 (SIGABRT), code -6 in tid 10361 (ndroid.systemui)
12-12 14:50:54.934   247   247 F DEBUG   : *** *** *** *** *** *** *** *** *** *** *** *** *** *** *** ***
12-12 14:50:54.934   247   247 F DEBUG   : CM Version: 'unknown'
12-12 14:50:54.934   247   247 F DEBUG   : Build fingerprint: 'OnePlus/OnePlus/OnePlus:5.1.1/LMY47V/1441677661:user/release-keys'
12-12 14:50:54.934   247   247 F DEBUG   : Revision: '0'
12-12 14:50:54.934   247   247 F DEBUG   : ABI: 'arm'
12-12 14:50:54.934   247   247 F DEBUG   : pid: 10361, tid: 10361, name: ndroid.systemui  >>> com.android.systemui <<<
12-12 14:50:54.935   247   247 F DEBUG   : signal 6 (SIGABRT), code -6 (SI_TKILL), fault addr --------
12-12 14:50:54.968   247   247 F DEBUG   : Abort message: 'art/runtime/indirect_reference_table.cc:115] JNI ERROR (app bug): local reference table overflow (max=512)'
12-12 14:50:54.968   247   247 E DEBUG   : AM write failed: Broken pipe
12-12 14:50:54.968   247   247 F DEBUG   :     r0 00000000  r1 00002879  r2 00000006  r3 00000000
12-12 14:50:54.968   247   247 F DEBUG   :     r4 b6f51b88  r5 00000006  r6 b6f51b38  r7 0000010c
12-12 14:50:54.968   247   247 F DEBUG   :     r8 b4e3f828  r9 b4e3de58  sl b7f7fd80  fp b4e255a4
12-12 14:50:54.968   247   247 F DEBUG   :     ip 00000000  sp bedc75d8  lr b6ca8e81  pc b6cab5e4  cpsr 20070010
12-12 14:50:54.992   247   247 F DEBUG   : 
12-12 14:50:54.992   247   247 F DEBUG   : backtrace:
12-12 14:50:54.992   247   247 F DEBUG   :     #00 pc 0004a5e4  /system/lib/libc.so (tgkill+12)
12-12 14:50:54.992   247   247 F DEBUG   :     #01 pc 00047e7d  /system/lib/libc.so (pthread_kill+36)
12-12 14:50:54.992   247   247 F DEBUG   :     #02 pc 0001bc03  /system/lib/libc.so (raise+10)
12-12 14:50:54.992   247   247 F DEBUG   :     #03 pc 000184ad  /system/lib/libc.so (__libc_android_abort+36)
12-12 14:50:54.992   247   247 F DEBUG   :     #04 pc 0001650c  /system/lib/libc.so (abort+4)
12-12 14:50:54.992   247   247 F DEBUG   :     #05 pc 00315d81  /system/lib/libart.so (_ZN3art7Runtime5AbortEv+212)
12-12 14:50:54.992   247   247 F DEBUG   :     #06 pc 000f3bed  /system/lib/libart.so (_ZN3art10LogMessageD2Ev+1296)
12-12 14:50:54.992   247   247 F DEBUG   :     #07 pc 000f0c53  /system/lib/libart.so (_ZN3art7BarrierD2Ev+182)
12-12 14:50:54.992   247   247 F DEBUG   :     #08 pc 0033c279  /system/lib/libart.so (_ZN3art10ThreadList4DumpERNSt3__113basic_ostreamIcNS1_11char_traitsIcEEEE+144)
12-12 14:50:54.992   247   247 F DEBUG   :     #09 pc 00315e43  /system/lib/libart.so (_ZN3art7Runtime5AbortEv+406)
12-12 14:50:54.992   247   247 F DEBUG   :     #10 pc 000f3bed  /system/lib/libart.so (_ZN3art10LogMessageD2Ev+1296)
12-12 14:50:54.992   247   247 F DEBUG   :     #11 pc 001cffc9  /system/lib/libart.so (_ZN3art22IndirectReferenceTable3AddEjPNS_6mirror6ObjectE+228)
12-12 14:50:54.992   247   247 F DEBUG   :     #12 pc 0019fd37  /system/lib/libart.so (_ZN3art2gc4Heap21AddFinalizerReferenceEPNS_6ThreadEPPNS_6mirror6ObjectE+338)
12-12 14:50:54.992   247   247 F DEBUG   :     #13 pc 003abc9b  /system/lib/libart.so (artAllocObjectFromCodeRosAlloc+318)
12-12 14:50:54.992   247   247 F DEBUG   :     #14 pc 000e7dfd  /system/lib/libart.so (art_quick_alloc_object_rosalloc+28)
12-12 14:50:54.992   247   247 F DEBUG   :     #15 pc 73dc2d45  /data/dalvik-cache/arm/system@framework@boot.oat (offset 0x1fe2000)
12-12 14:50:55.413   247   247 F DEBUG   : 
12-12 14:50:55.413   247   247 F DEBUG   : Tombstone written to: /data/tombstones/tombstone_09
12-12 14:50:56.987 10474 10474 F libc    : Fatal signal 6 (SIGABRT), code -6 in tid 10474 (ndroid.systemui)
12-12 14:50:57.039   247   247 F DEBUG   : *** *** *** *** *** *** *** *** *** *** *** *** *** *** *** ***
12-12 14:50:57.039   247   247 F DEBUG   : CM Version: 'unknown'
12-12 14:50:57.039   247   247 F DEBUG   : Build fingerprint: 'OnePlus/OnePlus/OnePlus:5.1.1/LMY47V/1441677661:user/release-keys'
12-12 14:50:57.040   247   247 F DEBUG   : Revision: '0'
12-12 14:50:57.040   247   247 F DEBUG   : ABI: 'arm'
12-12 14:50:57.040   247   247 F DEBUG   : pid: 10474, tid: 10474, name: ndroid.systemui  >>> com.android.systemui <<<
12-12 14:50:57.040   247   247 F DEBUG   : signal 6 (SIGABRT), code -6 (SI_TKILL), fault addr --------
12-12 14:50:57.077   247   247 F DEBUG   : Abort message: 'art/runtime/indirect_reference_table.cc:115] JNI ERROR (app bug): local reference table overflow (max=512)'
12-12 14:50:57.077   247   247 E DEBUG   : AM write failed: Broken pipe
12-12 14:50:57.077   247   247 F DEBUG   :     r0 00000000  r1 000028ea  r2 00000006  r3 00000000
12-12 14:50:57.077   247   247 F DEBUG   :     r4 b6f51b88  r5 00000006  r6 b6f51b38  r7 0000010c
12-12 14:50:57.077   247   247 F DEBUG   :     r8 b4e3f828  r9 b4e3de58  sl b7fbed80  fp b4e255a4
12-12 14:50:57.077   247   247 F DEBUG   :     ip 00000000  sp bedc75d8  lr b6ca8e81  pc b6cab5e4  cpsr 20070010
12-12 14:50:57.109   247   247 F DEBUG   : 
12-12 14:50:57.109   247   247 F DEBUG   : backtrace:
12-12 14:50:57.109   247   247 F DEBUG   :     #00 pc 0004a5e4  /system/lib/libc.so (tgkill+12)
12-12 14:50:57.109   247   247 F DEBUG   :     #01 pc 00047e7d  /system/lib/libc.so (pthread_kill+36)
12-12 14:50:57.109   247   247 F DEBUG   :     #02 pc 0001bc03  /system/lib/libc.so (raise+10)
12-12 14:50:57.109   247   247 F DEBUG   :     #03 pc 000184ad  /system/lib/libc.so (__libc_android_abort+36)
12-12 14:50:57.109   247   247 F DEBUG   :     #04 pc 0001650c  /system/lib/libc.so (abort+4)
12-12 14:50:57.109   247   247 F DEBUG   :     #05 pc 00315d81  /system/lib/libart.so (_ZN3art7Runtime5AbortEv+212)
12-12 14:50:57.109   247   247 F DEBUG   :     #06 pc 000f3bed  /system/lib/libart.so (_ZN3art10LogMessageD2Ev+1296)
12-12 14:50:57.109   247   247 F DEBUG   :     #07 pc 000f0c53  /system/lib/libart.so (_ZN3art7BarrierD2Ev+182)
12-12 14:50:57.109   247   247 F DEBUG   :     #08 pc 0033c279  /system/lib/libart.so (_ZN3art10ThreadList4DumpERNSt3__113basic_ostreamIcNS1_11char_traitsIcEEEE+144)
12-12 14:50:57.109   247   247 F DEBUG   :     #09 pc 00315e43  /system/lib/libart.so (_ZN3art7Runtime5AbortEv+406)
12-12 14:50:57.109   247   247 F DEBUG   :     #10 pc 000f3bed  /system/lib/libart.so (_ZN3art10LogMessageD2Ev+1296)
12-12 14:50:57.109   247   247 F DEBUG   :     #11 pc 001cffc9  /system/lib/libart.so (_ZN3art22IndirectReferenceTable3AddEjPNS_6mirror6ObjectE+228)
12-12 14:50:57.110   247   247 F DEBUG   :     #12 pc 0019fd37  /system/lib/libart.so (_ZN3art2gc4Heap21AddFinalizerReferenceEPNS_6ThreadEPPNS_6mirror6ObjectE+338)
12-12 14:50:57.110   247   247 F DEBUG   :     #13 pc 003abc9b  /system/lib/libart.so (artAllocObjectFromCodeRosAlloc+318)
12-12 14:50:57.110   247   247 F DEBUG   :     #14 pc 000e7dfd  /system/lib/libart.so (art_quick_alloc_object_rosalloc+28)
12-12 14:50:57.110   247   247 F DEBUG   :     #15 pc 73dc2d45  /data/dalvik-cache/arm/system@framework@boot.oat (offset 0x1fe2000)
12-12 14:50:57.415   239   239 E SELinux : avc:  denied  { find } for service=batterymanager scontext=u:r:untrusted_app:s0:c512,c768 tcontext=u:object_r:battery_service:s0 tclass=service_manager
12-12 14:50:57.649   247   247 F DEBUG   : 
12-12 14:50:57.649   247   247 F DEBUG   : Tombstone written to: /data/tombstones/tombstone_00
12-12 14:50:58.054 10539 10539 E CAR.TEL.Service: Failed to bind to InCallService
12-12 14:50:58.682  7934  7934 E Finsky  : [1] com.google.android.finsky.wear.bp.a(847): onConnectionFailed: ConnectionResult{statusCode=API_UNAVAILABLE, resolution=null, message=null}
12-12 14:50:58.744  7934  7980 E PlayCommon: [349] com.google.android.play.a.g.a(1004): Failed to connect to server: java.net.ConnectException: failed to connect to play.googleapis.com/74.125.68.95 (port 443) after 10000ms: isConnected failed: ECONNREFUSED (Connection refused)
12-12 14:50:59.232 10552 10552 F libc    : Fatal signal 6 (SIGABRT), code -6 in tid 10552 (ndroid.systemui)
12-12 14:50:59.286   247   247 F DEBUG   : *** *** *** *** *** *** *** *** *** *** *** *** *** *** *** ***
12-12 14:50:59.286   247   247 F DEBUG   : CM Version: 'unknown'
12-12 14:50:59.287   247   247 E DEBUG   : AM write failed: Broken pipe
12-12 14:50:59.287   247   247 F DEBUG   : Build fingerprint: 'OnePlus/OnePlus/OnePlus:5.1.1/LMY47V/1441677661:user/release-keys'
12-12 14:50:59.287   247   247 F DEBUG   : Revision: '0'
12-12 14:50:59.287   247   247 F DEBUG   : ABI: 'arm'
12-12 14:50:59.288   247   247 F DEBUG   : pid: 10552, tid: 10552, name: ndroid.systemui  >>> com.android.systemui <<<
12-12 14:50:59.288   247   247 F DEBUG   : signal 6 (SIGABRT), code -6 (SI_TKILL), fault addr --------
12-12 14:50:59.354   247   247 F DEBUG   : Abort message: 'art/runtime/indirect_reference_table.cc:115] JNI ERROR (app bug): local reference table overflow (max=512)'
12-12 14:50:59.354   247   247 F DEBUG   :     r0 00000000  r1 00002938  r2 00000006  r3 00000000
12-12 14:50:59.354   247   247 F DEBUG   :     r4 b6f51b88  r5 00000006  r6 b6f51b38  r7 0000010c
12-12 14:50:59.354   247   247 F DEBUG   :     r8 b4e3f828  r9 b4e3de58  sl ffedfb60  fp b4e255a4
12-12 14:50:59.354   247   247 F DEBUG   :     ip 00000000  sp bedc75d8  lr b6ca8e81  pc b6cab5e4  cpsr 20070010
12-12 14:50:59.392   247   247 F DEBUG   : 
12-12 14:50:59.392   247   247 F DEBUG   : backtrace:
12-12 14:50:59.392   247   247 F DEBUG   :     #00 pc 0004a5e4  /system/lib/libc.so (tgkill+12)
12-12 14:50:59.392   247   247 F DEBUG   :     #01 pc 00047e7d  /system/lib/libc.so (pthread_kill+36)
12-12 14:50:59.392   247   247 F DEBUG   :     #02 pc 0001bc03  /system/lib/libc.so (raise+10)
12-12 14:50:59.392   247   247 F DEBUG   :     #03 pc 000184ad  /system/lib/libc.so (__libc_android_abort+36)
12-12 14:50:59.392   247   247 F DEBUG   :     #04 pc 0001650c  /system/lib/libc.so (abort+4)
12-12 14:50:59.392   247   247 F DEBUG   :     #05 pc 00315d81  /system/lib/libart.so (_ZN3art7Runtime5AbortEv+212)
12-12 14:50:59.392   247   247 F DEBUG   :     #06 pc 000f3bed  /system/lib/libart.so (_ZN3art10LogMessageD2Ev+1296)
12-12 14:50:59.392   247   247 F DEBUG   :     #07 pc 000f0c53  /system/lib/libart.so (_ZN3art7BarrierD2Ev+182)
12-12 14:50:59.392   247   247 F DEBUG   :     #08 pc 0033c279  /system/lib/libart.so (_ZN3art10ThreadList4DumpERNSt3__113basic_ostreamIcNS1_11char_traitsIcEEEE+144)
12-12 14:50:59.392   247   247 F DEBUG   :     #09 pc 00315e43  /system/lib/libart.so (_ZN3art7Runtime5AbortEv+406)
12-12 14:50:59.392   247   247 F DEBUG   :     #10 pc 000f3bed  /system/lib/libart.so (_ZN3art10LogMessageD2Ev+1296)
12-12 14:50:59.392   247   247 F DEBUG   :     #11 pc 001cffc9  /system/lib/libart.so (_ZN3art22IndirectReferenceTable3AddEjPNS_6mirror6ObjectE+228)
12-12 14:50:59.392   247   247 F DEBUG   :     #12 pc 0019fd37  /system/lib/libart.so (_ZN3art2gc4Heap21AddFinalizerReferenceEPNS_6ThreadEPPNS_6mirror6ObjectE+338)
12-12 14:50:59.392   247   247 F DEBUG   :     #13 pc 003abc9b  /system/lib/libart.so (artAllocObjectFromCodeRosAlloc+318)
12-12 14:50:59.392   247   247 F DEBUG   :     #14 pc 000e7dfd  /system/lib/libart.so (art_quick_alloc_object_rosalloc+28)
12-12 14:50:59.392   247   247 F DEBUG   :     #15 pc 73dc2d45  /data/dalvik-cache/arm/system@framework@boot.oat (offset 0x1fe2000)
12-12 14:50:59.860   247   247 F DEBUG   : 
12-12 14:50:59.860   247   247 F DEBUG   : Tombstone written to: /data/tombstones/tombstone_01
12-12 14:51:01.521 10643 10643 F libc    : Fatal signal 6 (SIGABRT), code -6 in tid 10643 (ndroid.systemui)
12-12 14:51:01.627   247   247 F DEBUG   : *** *** *** *** *** *** *** *** *** *** *** *** *** *** *** ***
12-12 14:51:01.627   247   247 E DEBUG   : AM write failed: Broken pipe
12-12 14:51:01.627   247   247 F DEBUG   : CM Version: 'unknown'
12-12 14:51:01.627   247   247 F DEBUG   : Build fingerprint: 'OnePlus/OnePlus/OnePlus:5.1.1/LMY47V/1441677661:user/release-keys'
12-12 14:51:01.627   247   247 F DEBUG   : Revision: '0'
12-12 14:51:01.627   247   247 F DEBUG   : ABI: 'arm'
12-12 14:51:01.628   247   247 F DEBUG   : pid: 10643, tid: 10643, name: ndroid.systemui  >>> com.android.systemui <<<
12-12 14:51:01.628   247   247 F DEBUG   : signal 6 (SIGABRT), code -6 (SI_TKILL), fault addr --------
12-12 14:51:01.677   247   247 F DEBUG   : Abort message: 'art/runtime/indirect_reference_table.cc:115] JNI ERROR (app bug): local reference table overflow (max=512)'
12-12 14:51:01.677   247   247 F DEBUG   :     r0 00000000  r1 00002993  r2 00000006  r3 00000000
12-12 14:51:01.677   247   247 F DEBUG   :     r4 b6f51b88  r5 00000006  r6 b6f51b38  r7 0000010c
12-12 14:51:01.677   247   247 F DEBUG   :     r8 b4e3f828  r9 b4e3de58  sl b7f7ece0  fp b4e255a4
12-12 14:51:01.677   247   247 F DEBUG   :     ip 00000000  sp bedc75d8  lr b6ca8e81  pc b6cab5e4  cpsr 20070010
12-12 14:51:01.704   247   247 F DEBUG   : 
12-12 14:51:01.704   247   247 F DEBUG   : backtrace:
12-12 14:51:01.704   247   247 F DEBUG   :     #00 pc 0004a5e4  /system/lib/libc.so (tgkill+12)
12-12 14:51:01.704   247   247 F DEBUG   :     #01 pc 00047e7d  /system/lib/libc.so (pthread_kill+36)
12-12 14:51:01.704   247   247 F DEBUG   :     #02 pc 0001bc03  /system/lib/libc.so (raise+10)
12-12 14:51:01.704   247   247 F DEBUG   :     #03 pc 000184ad  /system/lib/libc.so (__libc_android_abort+36)
12-12 14:51:01.704   247   247 F DEBUG   :     #04 pc 0001650c  /system/lib/libc.so (abort+4)
12-12 14:51:01.704   247   247 F DEBUG   :     #05 pc 00315d81  /system/lib/libart.so (_ZN3art7Runtime5AbortEv+212)
12-12 14:51:01.704   247   247 F DEBUG   :     #06 pc 000f3bed  /system/lib/libart.so (_ZN3art10LogMessageD2Ev+1296)
12-12 14:51:01.704   247   247 F DEBUG   :     #07 pc 000f0c53  /system/lib/libart.so (_ZN3art7BarrierD2Ev+182)
12-12 14:51:01.704   247   247 F DEBUG   :     #08 pc 0033c279  /system/lib/libart.so (_ZN3art10ThreadList4DumpERNSt3__113basic_ostreamIcNS1_11char_traitsIcEEEE+144)
12-12 14:51:01.704   247   247 F DEBUG   :     #09 pc 00315e43  /system/lib/libart.so (_ZN3art7Runtime5AbortEv+406)
12-12 14:51:01.704   247   247 F DEBUG   :     #10 pc 000f3bed  /system/lib/libart.so (_ZN3art10LogMessageD2Ev+1296)
12-12 14:51:01.704   247   247 F DEBUG   :     #11 pc 001cffc9  /system/lib/libart.so (_ZN3art22IndirectReferenceTable3AddEjPNS_6mirror6ObjectE+228)
12-12 14:51:01.704   247   247 F DEBUG   :     #12 pc 0019fd37  /system/lib/libart.so (_ZN3art2gc4Heap21AddFinalizerReferenceEPNS_6ThreadEPPNS_6mirror6ObjectE+338)
12-12 14:51:01.704   247   247 F DEBUG   :     #13 pc 003abc9b  /system/lib/libart.so (artAllocObjectFromCodeRosAlloc+318)
12-12 14:51:01.704   247   247 F DEBUG   :     #14 pc 000e7dfd  /system/lib/libart.so (art_quick_alloc_object_rosalloc+28)
12-12 14:51:01.704   247   247 F DEBUG   :     #15 pc 73dc2d45  /data/dalvik-cache/arm/system@framework@boot.oat (offset 0x1fe2000)
12-12 14:51:02.095   247   247 F DEBUG   : 
12-12 14:51:02.095   247   247 F DEBUG   : Tombstone written to: /data/tombstones/tombstone_02
12-12 14:51:03.719 10707 10707 F libc    : Fatal signal 6 (SIGABRT), code -6 in tid 10707 (ndroid.systemui)
12-12 14:51:03.820   247   247 F DEBUG   : *** *** *** *** *** *** *** *** *** *** *** *** *** *** *** ***
12-12 14:51:03.820   247   247 F DEBUG   : CM Version: 'unknown'
12-12 14:51:03.820   247   247 F DEBUG   : Build fingerprint: 'OnePlus/OnePlus/OnePlus:5.1.1/LMY47V/1441677661:user/release-keys'
12-12 14:51:03.820   247   247 F DEBUG   : Revision: '0'
12-12 14:51:03.820   247   247 F DEBUG   : ABI: 'arm'
12-12 14:51:03.820   247   247 F DEBUG   : pid: 10707, tid: 10707, name: ndroid.systemui  >>> com.android.systemui <<<
12-12 14:51:03.820   247   247 F DEBUG   : signal 6 (SIGABRT), code -6 (SI_TKILL), fault addr --------
12-12 14:51:03.842   247   247 F DEBUG   : Abort message: 'art/runtime/indirect_reference_table.cc:115] JNI ERROR (app bug): local reference table overflow (max=512)'
12-12 14:51:03.842   247   247 E DEBUG   : AM write failed: Broken pipe
12-12 14:51:03.843   247   247 F DEBUG   :     r0 00000000  r1 000029d3  r2 00000006  r3 00000000
12-12 14:51:03.843   247   247 F DEBUG   :     r4 b6f51b88  r5 00000006  r6 b6f51b38  r7 0000010c
12-12 14:51:03.843   247   247 F DEBUG   :     r8 b4e3f828  r9 b4e3de58  sl b4fdefe0  fp b4e255a4
12-12 14:51:03.843   247   247 F DEBUG   :     ip 00000000  sp bedc75d8  lr b6ca8e81  pc b6cab5e4  cpsr 20070010
12-12 14:51:03.863   247   247 F DEBUG   : 
12-12 14:51:03.863   247   247 F DEBUG   : backtrace:
12-12 14:51:03.863   247   247 F DEBUG   :     #00 pc 0004a5e4  /system/lib/libc.so (tgkill+12)
12-12 14:51:03.863   247   247 F DEBUG   :     #01 pc 00047e7d  /system/lib/libc.so (pthread_kill+36)
12-12 14:51:03.863   247   247 F DEBUG   :     #02 pc 0001bc03  /system/lib/libc.so (raise+10)
12-12 14:51:03.863   247   247 F DEBUG   :     #03 pc 000184ad  /system/lib/libc.so (__libc_android_abort+36)
12-12 14:51:03.863   247   247 F DEBUG   :     #04 pc 0001650c  /system/lib/libc.so (abort+4)
12-12 14:51:03.863   247   247 F DEBUG   :     #05 pc 00315d81  /system/lib/libart.so (_ZN3art7Runtime5AbortEv+212)
12-12 14:51:03.863   247   247 F DEBUG   :     #06 pc 000f3bed  /system/lib/libart.so (_ZN3art10LogMessageD2Ev+1296)
12-12 14:51:03.863   247   247 F DEBUG   :     #07 pc 000f0c53  /system/lib/libart.so (_ZN3art7BarrierD2Ev+182)
12-12 14:51:03.863   247   247 F DEBUG   :     #08 pc 0033c279  /system/lib/libart.so (_ZN3art10ThreadList4DumpERNSt3__113basic_ostreamIcNS1_11char_traitsIcEEEE+144)
12-12 14:51:03.863   247   247 F DEBUG   :     #09 pc 00315e43  /system/lib/libart.so (_ZN3art7Runtime5AbortEv+406)
12-12 14:51:03.863   247   247 F DEBUG   :     #10 pc 000f3bed  /system/lib/libart.so (_ZN3art10LogMessageD2Ev+1296)
12-12 14:51:03.863   247   247 F DEBUG   :     #11 pc 001cffc9  /system/lib/libart.so (_ZN3art22IndirectReferenceTable3AddEjPNS_6mirror6ObjectE+228)
12-12 14:51:03.863   247   247 F DEBUG   :     #12 pc 0019fd37  /system/lib/libart.so (_ZN3art2gc4Heap21AddFinalizerReferenceEPNS_6ThreadEPPNS_6mirror6ObjectE+338)
12-12 14:51:03.863   247   247 F DEBUG   :     #13 pc 003abc9b  /system/lib/libart.so (artAllocObjectFromCodeRosAlloc+318)
12-12 14:51:03.863   247   247 F DEBUG   :     #14 pc 000e7dfd  /system/lib/libart.so (art_quick_alloc_object_rosalloc+28)
12-12 14:51:03.863   247   247 F DEBUG   :     #15 pc 73dc2d45  /data/dalvik-cache/arm/system@framework@boot.oat (offset 0x1fe2000)
12-12 14:51:04.312   247   247 F DEBUG   : 
12-12 14:51:04.312   247   247 F DEBUG   : Tombstone written to: /data/tombstones/tombstone_03
12-12 14:51:06.077 10756 10756 F libc    : Fatal signal 6 (SIGABRT), code -6 in tid 10756 (ndroid.systemui)
12-12 14:51:06.185   247   247 F DEBUG   : *** *** *** *** *** *** *** *** *** *** *** *** *** *** *** ***
12-12 14:51:06.185   247   247 E DEBUG   : AM write failed: Broken pipe
12-12 14:51:06.185   247   247 F DEBUG   : CM Version: 'unknown'
12-12 14:51:06.185   247   247 F DEBUG   : Build fingerprint: 'OnePlus/OnePlus/OnePlus:5.1.1/LMY47V/1441677661:user/release-keys'
12-12 14:51:06.185   247   247 F DEBUG   : Revision: '0'
12-12 14:51:06.185   247   247 F DEBUG   : ABI: 'arm'
12-12 14:51:06.186   247   247 F DEBUG   : pid: 10756, tid: 10756, name: ndroid.systemui  >>> com.android.systemui <<<
12-12 14:51:06.186   247   247 F DEBUG   : signal 6 (SIGABRT), code -6 (SI_TKILL), fault addr --------
12-12 14:51:06.237   247   247 F DEBUG   : Abort message: 'art/runtime/indirect_reference_table.cc:115] JNI ERROR (app bug): local reference table overflow (max=512)'
12-12 14:51:06.237   247   247 F DEBUG   :     r0 00000000  r1 00002a04  r2 00000006  r3 00000000
12-12 14:51:06.237   247   247 F DEBUG   :     r4 b6f51b88  r5 00000006  r6 b6f51b38  r7 0000010c
12-12 14:51:06.237   247   247 F DEBUG   :     r8 b4e3f828  r9 b4e3de58  sl fbfbd460  fp b4e255a4
12-12 14:51:06.237   247   247 F DEBUG   :     ip 00000000  sp bedc75d8  lr b6ca8e81  pc b6cab5e4  cpsr 20070010
12-12 14:51:06.268   247   247 F DEBUG   : 
12-12 14:51:06.268   247   247 F DEBUG   : backtrace:
12-12 14:51:06.268   247   247 F DEBUG   :     #00 pc 0004a5e4  /system/lib/libc.so (tgkill+12)
12-12 14:51:06.268   247   247 F DEBUG   :     #01 pc 00047e7d  /system/lib/libc.so (pthread_kill+36)
12-12 14:51:06.268   247   247 F DEBUG   :     #02 pc 0001bc03  /system/lib/libc.so (raise+10)
12-12 14:51:06.268   247   247 F DEBUG   :     #03 pc 000184ad  /system/lib/libc.so (__libc_android_abort+36)
12-12 14:51:06.268   247   247 F DEBUG   :     #04 pc 0001650c  /system/lib/libc.so (abort+4)
12-12 14:51:06.268   247   247 F DEBUG   :     #05 pc 00315d81  /system/lib/libart.so (_ZN3art7Runtime5AbortEv+212)
12-12 14:51:06.269   247   247 F DEBUG   :     #06 pc 000f3bed  /system/lib/libart.so (_ZN3art10LogMessageD2Ev+1296)
12-12 14:51:06.269   247   247 F DEBUG   :     #07 pc 000f0c53  /system/lib/libart.so (_ZN3art7BarrierD2Ev+182)
12-12 14:51:06.269   247   247 F DEBUG   :     #08 pc 0033c279  /system/lib/libart.so (_ZN3art10ThreadList4DumpERNSt3__113basic_ostreamIcNS1_11char_traitsIcEEEE+144)
12-12 14:51:06.269   247   247 F DEBUG   :     #09 pc 00315e43  /system/lib/libart.so (_ZN3art7Runtime5AbortEv+406)
12-12 14:51:06.269   247   247 F DEBUG   :     #10 pc 000f3bed  /system/lib/libart.so (_ZN3art10LogMessageD2Ev+1296)
12-12 14:51:06.269   247   247 F DEBUG   :     #11 pc 001cffc9  /system/lib/libart.so (_ZN3art22IndirectReferenceTable3AddEjPNS_6mirror6ObjectE+228)
12-12 14:51:06.269   247   247 F DEBUG   :     #12 pc 0019fd37  /system/lib/libart.so (_ZN3art2gc4Heap21AddFinalizerReferenceEPNS_6ThreadEPPNS_6mirror6ObjectE+338)
12-12 14:51:06.269   247   247 F DEBUG   :     #13 pc 003abc9b  /system/lib/libart.so (artAllocObjectFromCodeRosAlloc+318)
12-12 14:51:06.269   247   247 F DEBUG   :     #14 pc 000e7dfd  /system/lib/libart.so (art_quick_alloc_object_rosalloc+28)
12-12 14:51:06.269   247   247 F DEBUG   :     #15 pc 73dc2d45  /data/dalvik-cache/arm/system@framework@boot.oat (offset 0x1fe2000)
12-12 14:51:06.708   247   247 F DEBUG   : 
12-12 14:51:06.708   247   247 F DEBUG   : Tombstone written to: /data/tombstones/tombstone_04
12-12 14:51:08.406 10818 10818 F libc    : Fatal signal 6 (SIGABRT), code -6 in tid 10818 (ndroid.systemui)
12-12 14:51:08.512   247   247 F DEBUG   : *** *** *** *** *** *** *** *** *** *** *** *** *** *** *** ***
12-12 14:51:08.512   247   247 E DEBUG   : AM write failed: Broken pipe
12-12 14:51:08.512   247   247 F DEBUG   : CM Version: 'unknown'
12-12 14:51:08.512   247   247 F DEBUG   : Build fingerprint: 'OnePlus/OnePlus/OnePlus:5.1.1/LMY47V/1441677661:user/release-keys'
12-12 14:51:08.513   247   247 F DEBUG   : Revision: '0'
12-12 14:51:08.513   247   247 F DEBUG   : ABI: 'arm'
12-12 14:51:08.514   247   247 F DEBUG   : pid: 10818, tid: 10818, name: ndroid.systemui  >>> com.android.systemui <<<
12-12 14:51:08.514   247   247 F DEBUG   : signal 6 (SIGABRT), code -6 (SI_TKILL), fault addr --------
12-12 14:51:08.578   247   247 F DEBUG   : Abort message: 'art/runtime/indirect_reference_table.cc:115] JNI ERROR (app bug): local reference table overflow (max=512)'
12-12 14:51:08.579   247   247 F DEBUG   :     r0 00000000  r1 00002a42  r2 00000006  r3 00000000
12-12 14:51:08.579   247   247 F DEBUG   :     r4 b6f51b88  r5 00000006  r6 b6f51b38  r7 0000010c
12-12 14:51:08.579   247   247 F DEBUG   :     r8 b4e3f828  r9 b4e3de58  sl b7fdfe60  fp b4e255a4
12-12 14:51:08.579   247   247 F DEBUG   :     ip 00000000  sp bedc75d8  lr b6ca8e81  pc b6cab5e4  cpsr 20070010
12-12 14:51:08.608   247   247 F DEBUG   : 
12-12 14:51:08.608   247   247 F DEBUG   : backtrace:
12-12 14:51:08.608   247   247 F DEBUG   :     #00 pc 0004a5e4  /system/lib/libc.so (tgkill+12)
12-12 14:51:08.608   247   247 F DEBUG   :     #01 pc 00047e7d  /system/lib/libc.so (pthread_kill+36)
12-12 14:51:08.608   247   247 F DEBUG   :     #02 pc 0001bc03  /system/lib/libc.so (raise+10)
12-12 14:51:08.608   247   247 F DEBUG   :     #03 pc 000184ad  /system/lib/libc.so (__libc_android_abort+36)
12-12 14:51:08.608   247   247 F DEBUG   :     #04 pc 0001650c  /system/lib/libc.so (abort+4)
12-12 14:51:08.608   247   247 F DEBUG   :     #05 pc 00315d81  /system/lib/libart.so (_ZN3art7Runtime5AbortEv+212)
12-12 14:51:08.608   247   247 F DEBUG   :     #06 pc 000f3bed  /system/lib/libart.so (_ZN3art10LogMessageD2Ev+1296)
12-12 14:51:08.608   247   247 F DEBUG   :     #07 pc 000f0c53  /system/lib/libart.so (_ZN3art7BarrierD2Ev+182)
12-12 14:51:08.608   247   247 F DEBUG   :     #08 pc 0033c279  /system/lib/libart.so (_ZN3art10ThreadList4DumpERNSt3__113basic_ostreamIcNS1_11char_traitsIcEEEE+144)
12-12 14:51:08.608   247   247 F DEBUG   :     #09 pc 00315e43  /system/lib/libart.so (_ZN3art7Runtime5AbortEv+406)
12-12 14:51:08.608   247   247 F DEBUG   :     #10 pc 000f3bed  /system/lib/libart.so (_ZN3art10LogMessageD2Ev+1296)
12-12 14:51:08.608   247   247 F DEBUG   :     #11 pc 001cffc9  /system/lib/libart.so (_ZN3art22IndirectReferenceTable3AddEjPNS_6mirror6ObjectE+228)
12-12 14:51:08.608   247   247 F DEBUG   :     #12 pc 0019fd37  /system/lib/libart.so (_ZN3art2gc4Heap21AddFinalizerReferenceEPNS_6ThreadEPPNS_6mirror6ObjectE+338)
12-12 14:51:08.608   247   247 F DEBUG   :     #13 pc 003abc9b  /system/lib/libart.so (artAllocObjectFromCodeRosAlloc+318)
12-12 14:51:08.609   247   247 F DEBUG   :     #14 pc 000e7dfd  /system/lib/libart.so (art_quick_alloc_object_rosalloc+28)
12-12 14:51:08.609   247   247 F DEBUG   :     #15 pc 73dc2d45  /data/dalvik-cache/arm/system@framework@boot.oat (offset 0x1fe2000)
12-12 14:51:09.017   247   247 F DEBUG   : 
12-12 14:51:09.017   247   247 F DEBUG   : Tombstone written to: /data/tombstones/tombstone_05
12-12 14:51:10.666 10885 10885 F libc    : Fatal signal 6 (SIGABRT), code -6 in tid 10885 (ndroid.systemui)
12-12 14:51:10.768   247   247 F DEBUG   : *** *** *** *** *** *** *** *** *** *** *** *** *** *** *** ***
12-12 14:51:10.768   247   247 F DEBUG   : CM Version: 'unknown'
12-12 14:51:10.768   247   247 F DEBUG   : Build fingerprint: 'OnePlus/OnePlus/OnePlus:5.1.1/LMY47V/1441677661:user/release-keys'
12-12 14:51:10.768   247   247 F DEBUG   : Revision: '0'
12-12 14:51:10.768   247   247 F DEBUG   : ABI: 'arm'
12-12 14:51:10.768   247   247 F DEBUG   : pid: 10885, tid: 10885, name: ndroid.systemui  >>> com.android.systemui <<<
12-12 14:51:10.768   247   247 F DEBUG   : signal 6 (SIGABRT), code -6 (SI_TKILL), fault addr --------
12-12 14:51:10.791   247   247 F DEBUG   : Abort message: 'art/runtime/indirect_reference_table.cc:115] JNI ERROR (app bug): local reference table overflow (max=512)'
12-12 14:51:10.791   247   247 E DEBUG   : AM write failed: Broken pipe
12-12 14:51:10.791   247   247 F DEBUG   :     r0 00000000  r1 00002a85  r2 00000006  r3 00000000
12-12 14:51:10.791   247   247 F DEBUG   :     r4 b6f51b88  r5 00000006  r6 b6f51b38  r7 0000010c
12-12 14:51:10.792   247   247 F DEBUG   :     r8 b4e3f828  r9 b4e3de58  sl fcffee60  fp b4e255a4
12-12 14:51:10.792   247   247 F DEBUG   :     ip 00000000  sp bedc75d8  lr b6ca8e81  pc b6cab5e4  cpsr 20070010
12-12 14:51:10.810   247   247 F DEBUG   : 
12-12 14:51:10.810   247   247 F DEBUG   : backtrace:
12-12 14:51:10.810   247   247 F DEBUG   :     #00 pc 0004a5e4  /system/lib/libc.so (tgkill+12)
12-12 14:51:10.810   247   247 F DEBUG   :     #01 pc 00047e7d  /system/lib/libc.so (pthread_kill+36)
12-12 14:51:10.810   247   247 F DEBUG   :     #02 pc 0001bc03  /system/lib/libc.so (raise+10)
12-12 14:51:10.810   247   247 F DEBUG   :     #03 pc 000184ad  /system/lib/libc.so (__libc_android_abort+36)
12-12 14:51:10.810   247   247 F DEBUG   :     #04 pc 0001650c  /system/lib/libc.so (abort+4)
12-12 14:51:10.810   247   247 F DEBUG   :     #05 pc 00315d81  /system/lib/libart.so (_ZN3art7Runtime5AbortEv+212)
12-12 14:51:10.810   247   247 F DEBUG   :     #06 pc 000f3bed  /system/lib/libart.so (_ZN3art10LogMessageD2Ev+1296)
12-12 14:51:10.810   247   247 F DEBUG   :     #07 pc 000f0c53  /system/lib/libart.so (_ZN3art7BarrierD2Ev+182)
12-12 14:51:10.810   247   247 F DEBUG   :     #08 pc 0033c279  /system/lib/libart.so (_ZN3art10ThreadList4DumpERNSt3__113basic_ostreamIcNS1_11char_traitsIcEEEE+144)
12-12 14:51:10.810   247   247 F DEBUG   :     #09 pc 00315e43  /system/lib/libart.so (_ZN3art7Runtime5AbortEv+406)
12-12 14:51:10.810   247   247 F DEBUG   :     #10 pc 000f3bed  /system/lib/libart.so (_ZN3art10LogMessageD2Ev+1296)
12-12 14:51:10.810   247   247 F DEBUG   :     #11 pc 001cffc9  /system/lib/libart.so (_ZN3art22IndirectReferenceTable3AddEjPNS_6mirror6ObjectE+228)
12-12 14:51:10.810   247   247 F DEBUG   :     #12 pc 0019fd37  /system/lib/libart.so (_ZN3art2gc4Heap21AddFinalizerReferenceEPNS_6ThreadEPPNS_6mirror6ObjectE+338)
12-12 14:51:10.810   247   247 F DEBUG   :     #13 pc 003abc9b  /system/lib/libart.so (artAllocObjectFromCodeRosAlloc+318)
12-12 14:51:10.810   247   247 F DEBUG   :     #14 pc 000e7dfd  /system/lib/libart.so (art_quick_alloc_object_rosalloc+28)
12-12 14:51:10.810   247   247 F DEBUG   :     #15 pc 73dc2d45  /data/dalvik-cache/arm/system@framework@boot.oat (offset 0x1fe2000)
12-12 14:51:11.230   247   247 F DEBUG   : 
12-12 14:51:11.230   247   247 F DEBUG   : Tombstone written to: /data/tombstones/tombstone_06
12-12 14:51:13.316 10937 10937 F libc    : Fatal signal 6 (SIGABRT), code -6 in tid 10937 (ndroid.systemui)
12-12 14:51:13.418   247   247 F DEBUG   : *** *** *** *** *** *** *** *** *** *** *** *** *** *** *** ***
12-12 14:51:13.418   247   247 F DEBUG   : CM Version: 'unknown'
12-12 14:51:13.418   247   247 F DEBUG   : Build fingerprint: 'OnePlus/OnePlus/OnePlus:5.1.1/LMY47V/1441677661:user/release-keys'
12-12 14:51:13.418   247   247 F DEBUG   : Revision: '0'
12-12 14:51:13.418   247   247 F DEBUG   : ABI: 'arm'
12-12 14:51:13.418   247   247 F DEBUG   : pid: 10937, tid: 10937, name: ndroid.systemui  >>> com.android.systemui <<<
12-12 14:51:13.418   247   247 F DEBUG   : signal 6 (SIGABRT), code -6 (SI_TKILL), fault addr --------
12-12 14:51:13.460   247   247 F DEBUG   : Abort message: 'art/runtime/indirect_reference_table.cc:115] JNI ERROR (app bug): local reference table overflow (max=512)'
12-12 14:51:13.460   247   247 E DEBUG   : AM write failed: Broken pipe
12-12 14:51:13.460   247   247 F DEBUG   :     r0 00000000  r1 00002ab9  r2 00000006  r3 00000000
12-12 14:51:13.460   247   247 F DEBUG   :     r4 b6f51b88  r5 00000006  r6 b6f51b38  r7 0000010c
12-12 14:51:13.460   247   247 F DEBUG   :     r8 b4e3f828  r9 b4e3de58  sl ebbf6560  fp b4e255a4
12-12 14:51:13.460   247   247 F DEBUG   :     ip 00000000  sp bedc75d8  lr b6ca8e81  pc b6cab5e4  cpsr 20070010
12-12 14:51:13.485   247   247 F DEBUG   : 
12-12 14:51:13.485   247   247 F DEBUG   : backtrace:
12-12 14:51:13.485   247   247 F DEBUG   :     #00 pc 0004a5e4  /system/lib/libc.so (tgkill+12)
12-12 14:51:13.485   247   247 F DEBUG   :     #01 pc 00047e7d  /system/lib/libc.so (pthread_kill+36)
12-12 14:51:13.485   247   247 F DEBUG   :     #02 pc 0001bc03  /system/lib/libc.so (raise+10)
12-12 14:51:13.485   247   247 F DEBUG   :     #03 pc 000184ad  /system/lib/libc.so (__libc_android_abort+36)
12-12 14:51:13.485   247   247 F DEBUG   :     #04 pc 0001650c  /system/lib/libc.so (abort+4)
12-12 14:51:13.485   247   247 F DEBUG   :     #05 pc 00315d81  /system/lib/libart.so (_ZN3art7Runtime5AbortEv+212)
12-12 14:51:13.485   247   247 F DEBUG   :     #06 pc 000f3bed  /system/lib/libart.so (_ZN3art10LogMessageD2Ev+1296)
12-12 14:51:13.485   247   247 F DEBUG   :     #07 pc 000f0c53  /system/lib/libart.so (_ZN3art7BarrierD2Ev+182)
12-12 14:51:13.485   247   247 F DEBUG   :     #08 pc 0033c279  /system/lib/libart.so (_ZN3art10ThreadList4DumpERNSt3__113basic_ostreamIcNS1_11char_traitsIcEEEE+144)
12-12 14:51:13.485   247   247 F DEBUG   :     #09 pc 00315e43  /system/lib/libart.so (_ZN3art7Runtime5AbortEv+406)
12-12 14:51:13.485   247   247 F DEBUG   :     #10 pc 000f3bed  /system/lib/libart.so (_ZN3art10LogMessageD2Ev+1296)
12-12 14:51:13.485   247   247 F DEBUG   :     #11 pc 001cffc9  /system/lib/libart.so (_ZN3art22IndirectReferenceTable3AddEjPNS_6mirror6ObjectE+228)
12-12 14:51:13.485   247   247 F DEBUG   :     #12 pc 0019fd37  /system/lib/libart.so (_ZN3art2gc4Heap21AddFinalizerReferenceEPNS_6ThreadEPPNS_6mirror6ObjectE+338)
12-12 14:51:13.485   247   247 F DEBUG   :     #13 pc 003abc9b  /system/lib/libart.so (artAllocObjectFromCodeRosAlloc+318)
12-12 14:51:13.485   247   247 F DEBUG   :     #14 pc 000e7dfd  /system/lib/libart.so (art_quick_alloc_object_rosalloc+28)
12-12 14:51:13.485   247   247 F DEBUG   :     #15 pc 73dc2d45  /data/dalvik-cache/arm/system@framework@boot.oat (offset 0x1fe2000)
12-12 14:51:13.921   247   247 F DEBUG   : 
12-12 14:51:13.921   247   247 F DEBUG   : Tombstone written to: /data/tombstones/tombstone_07
12-12 14:51:16.059 10993 10993 F libc    : Fatal signal 6 (SIGABRT), code -6 in tid 10993 (ndroid.systemui)
12-12 14:51:16.161   247   247 F DEBUG   : *** *** *** *** *** *** *** *** *** *** *** *** *** *** *** ***
12-12 14:51:16.161   247   247 F DEBUG   : CM Version: 'unknown'
12-12 14:51:16.161   247   247 F DEBUG   : Build fingerprint: 'OnePlus/OnePlus/OnePlus:5.1.1/LMY47V/1441677661:user/release-keys'
12-12 14:51:16.161   247   247 F DEBUG   : Revision: '0'
12-12 14:51:16.161   247   247 F DEBUG   : ABI: 'arm'
12-12 14:51:16.161   247   247 F DEBUG   : pid: 10993, tid: 10993, name: ndroid.systemui  >>> com.android.systemui <<<
12-12 14:51:16.162   247   247 F DEBUG   : signal 6 (SIGABRT), code -6 (SI_TKILL), fault addr --------
12-12 14:51:16.190   247   247 F DEBUG   : Abort message: 'art/runtime/indirect_reference_table.cc:115] JNI ERROR (app bug): local reference table overflow (max=512)'
12-12 14:51:16.190   247   247 E DEBUG   : AM write failed: Broken pipe
12-12 14:51:16.190   247   247 F DEBUG   :     r0 00000000  r1 00002af1  r2 00000006  r3 00000000
12-12 14:51:16.190   247   247 F DEBUG   :     r4 b6f51b88  r5 00000006  r6 b6f51b38  r7 0000010c
12-12 14:51:16.191   247   247 F DEBUG   :     r8 b4e3f828  r9 b4e3de58  sl bfbedde0  fp b4e255a4
12-12 14:51:16.191   247   247 F DEBUG   :     ip 00000000  sp bedc75d8  lr b6ca8e81  pc b6cab5e4  cpsr 20070010
12-12 14:51:16.212   247   247 F DEBUG   : 
12-12 14:51:16.212   247   247 F DEBUG   : backtrace:
12-12 14:51:16.212   247   247 F DEBUG   :     #00 pc 0004a5e4  /system/lib/libc.so (tgkill+12)
12-12 14:51:16.212   247   247 F DEBUG   :     #01 pc 00047e7d  /system/lib/libc.so (pthread_kill+36)
12-12 14:51:16.212   247   247 F DEBUG   :     #02 pc 0001bc03  /system/lib/libc.so (raise+10)
12-12 14:51:16.212   247   247 F DEBUG   :     #03 pc 000184ad  /system/lib/libc.so (__libc_android_abort+36)
12-12 14:51:16.212   247   247 F DEBUG   :     #04 pc 0001650c  /system/lib/libc.so (abort+4)
12-12 14:51:16.213   247   247 F DEBUG   :     #05 pc 00315d81  /system/lib/libart.so (_ZN3art7Runtime5AbortEv+212)
12-12 14:51:16.213   247   247 F DEBUG   :     #06 pc 000f3bed  /system/lib/libart.so (_ZN3art10LogMessageD2Ev+1296)
12-12 14:51:16.213   247   247 F DEBUG   :     #07 pc 000f0c53  /system/lib/libart.so (_ZN3art7BarrierD2Ev+182)
12-12 14:51:16.213   247   247 F DEBUG   :     #08 pc 0033c279  /system/lib/libart.so (_ZN3art10ThreadList4DumpERNSt3__113basic_ostreamIcNS1_11char_traitsIcEEEE+144)
12-12 14:51:16.213   247   247 F DEBUG   :     #09 pc 00315e43  /system/lib/libart.so (_ZN3art7Runtime5AbortEv+406)
12-12 14:51:16.213   247   247 F DEBUG   :     #10 pc 000f3bed  /system/lib/libart.so (_ZN3art10LogMessageD2Ev+1296)
12-12 14:51:16.213   247   247 F DEBUG   :     #11 pc 001cffc9  /system/lib/libart.so (_ZN3art22IndirectReferenceTable3AddEjPNS_6mirror6ObjectE+228)
12-12 14:51:16.213   247   247 F DEBUG   :     #12 pc 0019fd37  /system/lib/libart.so (_ZN3art2gc4Heap21AddFinalizerReferenceEPNS_6ThreadEPPNS_6mirror6ObjectE+338)
12-12 14:51:16.213   247   247 F DEBUG   :     #13 pc 003abc9b  /system/lib/libart.so (artAllocObjectFromCodeRosAlloc+318)
12-12 14:51:16.213   247   247 F DEBUG   :     #14 pc 000e7dfd  /system/lib/libart.so (art_quick_alloc_object_rosalloc+28)
12-12 14:51:16.213   247   247 F DEBUG   :     #15 pc 73dc2d45  /data/dalvik-cache/arm/system@framework@boot.oat (offset 0x1fe2000)
12-12 14:51:16.646   247   247 F DEBUG   : 
12-12 14:51:16.646   247   247 F DEBUG   : Tombstone written to: /data/tombstones/tombstone_08
12-12 14:51:18.317 11044 11044 F libc    : Fatal signal 6 (SIGABRT), code -6 in tid 11044 (ndroid.systemui)
12-12 14:51:18.423   247   247 F DEBUG   : *** *** *** *** *** *** *** *** *** *** *** *** *** *** *** ***
12-12 14:51:18.423   247   247 F DEBUG   : CM Version: 'unknown'
12-12 14:51:18.423   247   247 F DEBUG   : Build fingerprint: 'OnePlus/OnePlus/OnePlus:5.1.1/LMY47V/1441677661:user/release-keys'
12-12 14:51:18.423   247   247 F DEBUG   : Revision: '0'
12-12 14:51:18.423   247   247 E DEBUG   : AM write failed: Broken pipe
12-12 14:51:18.423   247   247 F DEBUG   : ABI: 'arm'
12-12 14:51:18.424   247   247 F DEBUG   : pid: 11044, tid: 11044, name: ndroid.systemui  >>> com.android.systemui <<<
12-12 14:51:18.424   247   247 F DEBUG   : signal 6 (SIGABRT), code -6 (SI_TKILL), fault addr --------
12-12 14:51:18.455   247   247 F DEBUG   : Abort message: 'art/runtime/indirect_reference_table.cc:115] JNI ERROR (app bug): local reference table overflow (max=512)'
12-12 14:51:18.455   247   247 F DEBUG   :     r0 00000000  r1 00002b24  r2 00000006  r3 00000000
12-12 14:51:18.455   247   247 F DEBUG   :     r4 b6f51b88  r5 00000006  r6 b6f51b38  r7 0000010c
12-12 14:51:18.455   247   247 F DEBUG   :     r8 b4e3f828  r9 b4e3de58  sl b4f3fc60  fp b4e255a4
12-12 14:51:18.455   247   247 F DEBUG   :     ip 00000000  sp bedc75d8  lr b6ca8e81  pc b6cab5e4  cpsr 20070010
12-12 14:51:18.483   247   247 F DEBUG   : 
12-12 14:51:18.483   247   247 F DEBUG   : backtrace:
12-12 14:51:18.483   247   247 F DEBUG   :     #00 pc 0004a5e4  /system/lib/libc.so (tgkill+12)
12-12 14:51:18.483   247   247 F DEBUG   :     #01 pc 00047e7d  /system/lib/libc.so (pthread_kill+36)
12-12 14:51:18.483   247   247 F DEBUG   :     #02 pc 0001bc03  /system/lib/libc.so (raise+10)
12-12 14:51:18.483   247   247 F DEBUG   :     #03 pc 000184ad  /system/lib/libc.so (__libc_android_abort+36)
12-12 14:51:18.483   247   247 F DEBUG   :     #04 pc 0001650c  /system/lib/libc.so (abort+4)
12-12 14:51:18.483   247   247 F DEBUG   :     #05 pc 00315d81  /system/lib/libart.so (_ZN3art7Runtime5AbortEv+212)
12-12 14:51:18.483   247   247 F DEBUG   :     #06 pc 000f3bed  /system/lib/libart.so (_ZN3art10LogMessageD2Ev+1296)
12-12 14:51:18.483   247   247 F DEBUG   :     #07 pc 000f0c53  /system/lib/libart.so (_ZN3art7BarrierD2Ev+182)
12-12 14:51:18.483   247   247 F DEBUG   :     #08 pc 0033c279  /system/lib/libart.so (_ZN3art10ThreadList4DumpERNSt3__113basic_ostreamIcNS1_11char_traitsIcEEEE+144)
12-12 14:51:18.483   247   247 F DEBUG   :     #09 pc 00315e43  /system/lib/libart.so (_ZN3art7Runtime5AbortEv+406)
12-12 14:51:18.483   247   247 F DEBUG   :     #10 pc 000f3bed  /system/lib/libart.so (_ZN3art10LogMessageD2Ev+1296)
12-12 14:51:18.483   247   247 F DEBUG   :     #11 pc 001cffc9  /system/lib/libart.so (_ZN3art22IndirectReferenceTable3AddEjPNS_6mirror6ObjectE+228)
12-12 14:51:18.483   247   247 F DEBUG   :     #12 pc 0019fd37  /system/lib/libart.so (_ZN3art2gc4Heap21AddFinalizerReferenceEPNS_6ThreadEPPNS_6mirror6ObjectE+338)
12-12 14:51:18.483   247   247 F DEBUG   :     #13 pc 003abc9b  /system/lib/libart.so (artAllocObjectFromCodeRosAlloc+318)
12-12 14:51:18.483   247   247 F DEBUG   :     #14 pc 000e7dfd  /system/lib/libart.so (art_quick_alloc_object_rosalloc+28)
12-12 14:51:18.483   247   247 F DEBUG   :     #15 pc 73dc2d45  /data/dalvik-cache/arm/system@framework@boot.oat (offset 0x1fe2000)
12-12 14:51:18.958   247   247 F DEBUG   : 
12-12 14:51:18.958   247   247 F DEBUG   : Tombstone written to: /data/tombstones/tombstone_09
12-12 14:51:20.698 11096 11096 F libc    : Fatal signal 6 (SIGABRT), code -6 in tid 11096 (ndroid.systemui)
12-12 14:51:20.804   247   247 F DEBUG   : *** *** *** *** *** *** *** *** *** *** *** *** *** *** *** ***
12-12 14:51:20.804   247   247 E DEBUG   : AM write failed: Broken pipe
12-12 14:51:20.804   247   247 F DEBUG   : CM Version: 'unknown'
12-12 14:51:20.805   247   247 F DEBUG   : Build fingerprint: 'OnePlus/OnePlus/OnePlus:5.1.1/LMY47V/1441677661:user/release-keys'
12-12 14:51:20.805   247   247 F DEBUG   : Revision: '0'
12-12 14:51:20.805   247   247 F DEBUG   : ABI: 'arm'
12-12 14:51:20.805   247   247 F DEBUG   : pid: 11096, tid: 11096, name: ndroid.systemui  >>> com.android.systemui <<<
12-12 14:51:20.805   247   247 F DEBUG   : signal 6 (SIGABRT), code -6 (SI_TKILL), fault addr --------
12-12 14:51:20.855   247   247 F DEBUG   : Abort message: 'art/runtime/indirect_reference_table.cc:115] JNI ERROR (app bug): local reference table overflow (max=512)'
12-12 14:51:20.855   247   247 F DEBUG   :     r0 00000000  r1 00002b58  r2 00000006  r3 00000000
