12-12 14:51:20.855   247   247 F DEBUG   :     r4 b6f51b88  r5 00000006  r6 b6f51b38  r7 0000010c
12-12 14:51:20.855   247   247 F DEBUG   :     r8 b4e3f828  r9 b4e3de58  sl b4ffee60  fp b4e255a4
12-12 14:51:20.855   247   247 F DEBUG   :     ip 00000000  sp bedc75d8  lr b6ca8e81  pc b6cab5e4  cpsr 20070010
12-12 14:51:20.885   247   247 F DEBUG   : 
12-12 14:51:20.885   247   247 F DEBUG   : backtrace:
12-12 14:51:20.886   247   247 F DEBUG   :     #00 pc 0004a5e4  /system/lib/libc.so (tgkill+12)
12-12 14:51:20.886   247   247 F DEBUG   :     #01 pc 00047e7d  /system/lib/libc.so (pthread_kill+36)
12-12 14:51:20.886   247   247 F DEBUG   :     #02 pc 0001bc03  /system/lib/libc.so (raise+10)
12-12 14:51:20.886   247   247 F DEBUG   :     #03 pc 000184ad  /system/lib/libc.so (__libc_android_abort+36)
12-12 14:51:20.886   247   247 F DEBUG   :     #04 pc 0001650c  /system/lib/libc.so (abort+4)
12-12 14:51:20.886   247   247 F DEBUG   :     #05 pc 00315d81  /system/lib/libart.so (_ZN3art7Runtime5AbortEv+212)
12-12 14:51:20.886   247   247 F DEBUG   :     #06 pc 000f3bed  /system/lib/libart.so (_ZN3art10LogMessageD2Ev+1296)
12-12 14:51:20.886   247   247 F DEBUG   :     #07 pc 000f0c53  /system/lib/libart.so (_ZN3art7BarrierD2Ev+182)
12-12 14:51:20.886   247   247 F DEBUG   :     #08 pc 0033c279  /system/lib/libart.so (_ZN3art10ThreadList4DumpERNSt3__113basic_ostreamIcNS1_11char_traitsIcEEEE+144)
12-12 14:51:20.886   247   247 F DEBUG   :     #09 pc 00315e43  /system/lib/libart.so (_ZN3art7Runtime5AbortEv+406)
12-12 14:51:20.886   247   247 F DEBUG   :     #10 pc 000f3bed  /system/lib/libart.so (_ZN3art10LogMessageD2Ev+1296)
12-12 14:51:20.886   247   247 F DEBUG   :     #11 pc 001cffc9  /system/lib/libart.so (_ZN3art22IndirectReferenceTable3AddEjPNS_6mirror6ObjectE+228)
12-12 14:51:20.886   247   247 F DEBUG   :     #12 pc 0019fd37  /system/lib/libart.so (_ZN3art2gc4Heap21AddFinalizerReferenceEPNS_6ThreadEPPNS_6mirror6ObjectE+338)
12-12 14:51:20.886   247   247 F DEBUG   :     #13 pc 003abc9b  /system/lib/libart.so (artAllocObjectFromCodeRosAlloc+318)
12-12 14:51:20.886   247   247 F DEBUG   :     #14 pc 000e7dfd  /system/lib/libart.so (art_quick_alloc_object_rosalloc+28)
12-12 14:51:20.886   247   247 F DEBUG   :     #15 pc 73dc2d45  /data/dalvik-cache/arm/system@framework@boot.oat (offset 0x1fe2000)
12-12 14:51:21.341   247   247 F DEBUG   : 
12-12 14:51:21.341   247   247 F DEBUG   : Tombstone written to: /data/tombstones/tombstone_00
12-12 14:51:23.508 11167 11167 F libc    : Fatal signal 6 (SIGABRT), code -6 in tid 11167 (ndroid.systemui)
12-12 14:51:23.616   247   247 F DEBUG   : *** *** *** *** *** *** *** *** *** *** *** *** *** *** *** ***
12-12 14:51:23.616   247   247 E DEBUG   : AM write failed: Broken pipe
12-12 14:51:23.616   247   247 F DEBUG   : CM Version: 'unknown'
12-12 14:51:23.616   247   247 F DEBUG   : Build fingerprint: 'OnePlus/OnePlus/OnePlus:5.1.1/LMY47V/1441677661:user/release-keys'
12-12 14:51:23.616   247   247 F DEBUG   : Revision: '0'
12-12 14:51:23.617   247   247 F DEBUG   : ABI: 'arm'
12-12 14:51:23.617   247   247 F DEBUG   : pid: 11167, tid: 11167, name: ndroid.systemui  >>> com.android.systemui <<<
12-12 14:51:23.618   247   247 F DEBUG   : signal 6 (SIGABRT), code -6 (SI_TKILL), fault addr --------
12-12 14:51:23.687   247   247 F DEBUG   : Abort message: 'art/runtime/indirect_reference_table.cc:115] JNI ERROR (app bug): local reference table overflow (max=512)'
12-12 14:51:23.688   247   247 F DEBUG   :     r0 00000000  r1 00002b9f  r2 00000006  r3 00000000
12-12 14:51:23.688   247   247 F DEBUG   :     r4 b6f51b88  r5 00000006  r6 b6f51b38  r7 0000010c
12-12 14:51:23.688   247   247 F DEBUG   :     r8 b4e3f828  r9 b4e3de58  sl b75ffce0  fp b4e255a4
12-12 14:51:23.688   247   247 F DEBUG   :     ip 00000000  sp bedc75d8  lr b6ca8e81  pc b6cab5e4  cpsr 20070010
12-12 14:51:23.719   247   247 F DEBUG   : 
12-12 14:51:23.719   247   247 F DEBUG   : backtrace:
12-12 14:51:23.719   247   247 F DEBUG   :     #00 pc 0004a5e4  /system/lib/libc.so (tgkill+12)
12-12 14:51:23.719   247   247 F DEBUG   :     #01 pc 00047e7d  /system/lib/libc.so (pthread_kill+36)
12-12 14:51:23.719   247   247 F DEBUG   :     #02 pc 0001bc03  /system/lib/libc.so (raise+10)
12-12 14:51:23.719   247   247 F DEBUG   :     #03 pc 000184ad  /system/lib/libc.so (__libc_android_abort+36)
12-12 14:51:23.719   247   247 F DEBUG   :     #04 pc 0001650c  /system/lib/libc.so (abort+4)
12-12 14:51:23.719   247   247 F DEBUG   :     #05 pc 00315d81  /system/lib/libart.so (_ZN3art7Runtime5AbortEv+212)
12-12 14:51:23.719   247   247 F DEBUG   :     #06 pc 000f3bed  /system/lib/libart.so (_ZN3art10LogMessageD2Ev+1296)
12-12 14:51:23.719   247   247 F DEBUG   :     #07 pc 000f0c53  /system/lib/libart.so (_ZN3art7BarrierD2Ev+182)
12-12 14:51:23.720   247   247 F DEBUG   :     #08 pc 0033c279  /system/lib/libart.so (_ZN3art10ThreadList4DumpERNSt3__113basic_ostreamIcNS1_11char_traitsIcEEEE+144)
12-12 14:51:23.720   247   247 F DEBUG   :     #09 pc 00315e43  /system/lib/libart.so (_ZN3art7Runtime5AbortEv+406)
12-12 14:51:23.720   247   247 F DEBUG   :     #10 pc 000f3bed  /system/lib/libart.so (_ZN3art10LogMessageD2Ev+1296)
12-12 14:51:23.720   247   247 F DEBUG   :     #11 pc 001cffc9  /system/lib/libart.so (_ZN3art22IndirectReferenceTable3AddEjPNS_6mirror6ObjectE+228)
12-12 14:51:23.720   247   247 F DEBUG   :     #12 pc 0019fd37  /system/lib/libart.so (_ZN3art2gc4Heap21AddFinalizerReferenceEPNS_6ThreadEPPNS_6mirror6ObjectE+338)
12-12 14:51:23.720   247   247 F DEBUG   :     #13 pc 003abc9b  /system/lib/libart.so (artAllocObjectFromCodeRosAlloc+318)
12-12 14:51:23.720   247   247 F DEBUG   :     #14 pc 000e7dfd  /system/lib/libart.so (art_quick_alloc_object_rosalloc+28)
12-12 14:51:23.720   247   247 F DEBUG   :     #15 pc 73dc2d45  /data/dalvik-cache/arm/system@framework@boot.oat (offset 0x1fe2000)
12-12 14:51:24.155   247   247 F DEBUG   : 
12-12 14:51:24.155   247   247 F DEBUG   : Tombstone written to: /data/tombstones/tombstone_01
12-12 14:51:25.959 11227 11227 F libc    : Fatal signal 6 (SIGABRT), code -6 in tid 11227 (ndroid.systemui)
12-12 14:51:26.064   247   247 F DEBUG   : *** *** *** *** *** *** *** *** *** *** *** *** *** *** *** ***
12-12 14:51:26.065   247   247 E DEBUG   : AM write failed: Broken pipe
12-12 14:51:26.065   247   247 F DEBUG   : CM Version: 'unknown'
12-12 14:51:26.065   247   247 F DEBUG   : Build fingerprint: 'OnePlus/OnePlus/OnePlus:5.1.1/LMY47V/1441677661:user/release-keys'
12-12 14:51:26.065   247   247 F DEBUG   : Revision: '0'
12-12 14:51:26.065   247   247 F DEBUG   : ABI: 'arm'
12-12 14:51:26.066   247   247 F DEBUG   : pid: 11227, tid: 11227, name: ndroid.systemui  >>> com.android.systemui <<<
12-12 14:51:26.067   247   247 F DEBUG   : signal 6 (SIGABRT), code -6 (SI_TKILL), fault addr --------
12-12 14:51:26.125   247   247 F DEBUG   : Abort message: 'art/runtime/indirect_reference_table.cc:115] JNI ERROR (app bug): local reference table overflow (max=512)'
12-12 14:51:26.126   247   247 F DEBUG   :     r0 00000000  r1 00002bdb  r2 00000006  r3 00000000
12-12 14:51:26.126   247   247 F DEBUG   :     r4 b6f51b88  r5 00000006  r6 b6f51b38  r7 0000010c
12-12 14:51:26.126   247   247 F DEBUG   :     r8 b4e3f828  r9 b4e3de58  sl fff3d0e0  fp b4e255a4
12-12 14:51:26.126   247   247 F DEBUG   :     ip 00000000  sp bedc75d8  lr b6ca8e81  pc b6cab5e4  cpsr 20070010
12-12 14:51:26.153   247   247 F DEBUG   : 
12-12 14:51:26.153   247   247 F DEBUG   : backtrace:
12-12 14:51:26.153   247   247 F DEBUG   :     #00 pc 0004a5e4  /system/lib/libc.so (tgkill+12)
12-12 14:51:26.153   247   247 F DEBUG   :     #01 pc 00047e7d  /system/lib/libc.so (pthread_kill+36)
12-12 14:51:26.153   247   247 F DEBUG   :     #02 pc 0001bc03  /system/lib/libc.so (raise+10)
12-12 14:51:26.153   247   247 F DEBUG   :     #03 pc 000184ad  /system/lib/libc.so (__libc_android_abort+36)
12-12 14:51:26.153   247   247 F DEBUG   :     #04 pc 0001650c  /system/lib/libc.so (abort+4)
12-12 14:51:26.153   247   247 F DEBUG   :     #05 pc 00315d81  /system/lib/libart.so (_ZN3art7Runtime5AbortEv+212)
12-12 14:51:26.153   247   247 F DEBUG   :     #06 pc 000f3bed  /system/lib/libart.so (_ZN3art10LogMessageD2Ev+1296)
12-12 14:51:26.153   247   247 F DEBUG   :     #07 pc 000f0c53  /system/lib/libart.so (_ZN3art7BarrierD2Ev+182)
12-12 14:51:26.154   247   247 F DEBUG   :     #08 pc 0033c279  /system/lib/libart.so (_ZN3art10ThreadList4DumpERNSt3__113basic_ostreamIcNS1_11char_traitsIcEEEE+144)
12-12 14:51:26.154   247   247 F DEBUG   :     #09 pc 00315e43  /system/lib/libart.so (_ZN3art7Runtime5AbortEv+406)
12-12 14:51:26.154   247   247 F DEBUG   :     #10 pc 000f3bed  /system/lib/libart.so (_ZN3art10LogMessageD2Ev+1296)
12-12 14:51:26.154   247   247 F DEBUG   :     #11 pc 001cffc9  /system/lib/libart.so (_ZN3art22IndirectReferenceTable3AddEjPNS_6mirror6ObjectE+228)
12-12 14:51:26.154   247   247 F DEBUG   :     #12 pc 0019fd37  /system/lib/libart.so (_ZN3art2gc4Heap21AddFinalizerReferenceEPNS_6ThreadEPPNS_6mirror6ObjectE+338)
12-12 14:51:26.154   247   247 F DEBUG   :     #13 pc 003abc9b  /system/lib/libart.so (artAllocObjectFromCodeRosAlloc+318)
12-12 14:51:26.154   247   247 F DEBUG   :     #14 pc 000e7dfd  /system/lib/libart.so (art_quick_alloc_object_rosalloc+28)
12-12 14:51:26.154   247   247 F DEBUG   :     #15 pc 73dc2d45  /data/dalvik-cache/arm/system@framework@boot.oat (offset 0x1fe2000)
12-12 14:51:26.606   247   247 F DEBUG   : 
12-12 14:51:26.606   247   247 F DEBUG   : Tombstone written to: /data/tombstones/tombstone_02
12-12 14:51:28.376 11288 11288 F libc    : Fatal signal 6 (SIGABRT), code -6 in tid 11288 (ndroid.systemui)
12-12 14:51:28.478   247   247 F DEBUG   : *** *** *** *** *** *** *** *** *** *** *** *** *** *** *** ***
12-12 14:51:28.478   247   247 F DEBUG   : CM Version: 'unknown'
12-12 14:51:28.478   247   247 F DEBUG   : Build fingerprint: 'OnePlus/OnePlus/OnePlus:5.1.1/LMY47V/1441677661:user/release-keys'
12-12 14:51:28.478   247   247 F DEBUG   : Revision: '0'
12-12 14:51:28.478   247   247 F DEBUG   : ABI: 'arm'
12-12 14:51:28.478   247   247 F DEBUG   : pid: 11288, tid: 11288, name: ndroid.systemui  >>> com.android.systemui <<<
12-12 14:51:28.478   247   247 F DEBUG   : signal 6 (SIGABRT), code -6 (SI_TKILL), fault addr --------
12-12 14:51:28.502   247   247 F DEBUG   : Abort message: 'art/runtime/indirect_reference_table.cc:115] JNI ERROR (app bug): local reference table overflow (max=512)'
12-12 14:51:28.502   247   247 E DEBUG   : AM write failed: Broken pipe
12-12 14:51:28.502   247   247 F DEBUG   :     r0 00000000  r1 00002c18  r2 00000006  r3 00000000
12-12 14:51:28.502   247   247 F DEBUG   :     r4 b6f51b88  r5 00000006  r6 b6f51b38  r7 0000010c
12-12 14:51:28.502   247   247 F DEBUG   :     r8 b4e3f828  r9 b4e3de58  sl b4f77c60  fp b4e255a4
12-12 14:51:28.502   247   247 F DEBUG   :     ip 00000000  sp bedc75d8  lr b6ca8e81  pc b6cab5e4  cpsr 20070010
12-12 14:51:28.520   247   247 F DEBUG   : 
12-12 14:51:28.520   247   247 F DEBUG   : backtrace:
12-12 14:51:28.520   247   247 F DEBUG   :     #00 pc 0004a5e4  /system/lib/libc.so (tgkill+12)
12-12 14:51:28.520   247   247 F DEBUG   :     #01 pc 00047e7d  /system/lib/libc.so (pthread_kill+36)
12-12 14:51:28.520   247   247 F DEBUG   :     #02 pc 0001bc03  /system/lib/libc.so (raise+10)
12-12 14:51:28.520   247   247 F DEBUG   :     #03 pc 000184ad  /system/lib/libc.so (__libc_android_abort+36)
12-12 14:51:28.520   247   247 F DEBUG   :     #04 pc 0001650c  /system/lib/libc.so (abort+4)
12-12 14:51:28.520   247   247 F DEBUG   :     #05 pc 00315d81  /system/lib/libart.so (_ZN3art7Runtime5AbortEv+212)
12-12 14:51:28.520   247   247 F DEBUG   :     #06 pc 000f3bed  /system/lib/libart.so (_ZN3art10LogMessageD2Ev+1296)
12-12 14:51:28.520   247   247 F DEBUG   :     #07 pc 000f0c53  /system/lib/libart.so (_ZN3art7BarrierD2Ev+182)
12-12 14:51:28.520   247   247 F DEBUG   :     #08 pc 0033c279  /system/lib/libart.so (_ZN3art10ThreadList4DumpERNSt3__113basic_ostreamIcNS1_11char_traitsIcEEEE+144)
12-12 14:51:28.520   247   247 F DEBUG   :     #09 pc 00315e43  /system/lib/libart.so (_ZN3art7Runtime5AbortEv+406)
12-12 14:51:28.520   247   247 F DEBUG   :     #10 pc 000f3bed  /system/lib/libart.so (_ZN3art10LogMessageD2Ev+1296)
12-12 14:51:28.520   247   247 F DEBUG   :     #11 pc 001cffc9  /system/lib/libart.so (_ZN3art22IndirectReferenceTable3AddEjPNS_6mirror6ObjectE+228)
12-12 14:51:28.520   247   247 F DEBUG   :     #12 pc 0019fd37  /system/lib/libart.so (_ZN3art2gc4Heap21AddFinalizerReferenceEPNS_6ThreadEPPNS_6mirror6ObjectE+338)
12-12 14:51:28.520   247   247 F DEBUG   :     #13 pc 003abc9b  /system/lib/libart.so (artAllocObjectFromCodeRosAlloc+318)
12-12 14:51:28.520   247   247 F DEBUG   :     #14 pc 000e7dfd  /system/lib/libart.so (art_quick_alloc_object_rosalloc+28)
12-12 14:51:28.520   247   247 F DEBUG   :     #15 pc 73dc2d45  /data/dalvik-cache/arm/system@framework@boot.oat (offset 0x1fe2000)
12-12 14:51:28.995   247   247 F DEBUG   : 
12-12 14:51:28.995   247   247 F DEBUG   : Tombstone written to: /data/tombstones/tombstone_03
12-12 14:51:30.580 11365 11365 F libc    : Fatal signal 6 (SIGABRT), code -6 in tid 11365 (ndroid.systemui)
12-12 14:51:30.686   247   247 F DEBUG   : *** *** *** *** *** *** *** *** *** *** *** *** *** *** *** ***
12-12 14:51:30.686   247   247 E DEBUG   : AM write failed: Broken pipe
12-12 14:51:30.687   247   247 F DEBUG   : CM Version: 'unknown'
12-12 14:51:30.687   247   247 F DEBUG   : Build fingerprint: 'OnePlus/OnePlus/OnePlus:5.1.1/LMY47V/1441677661:user/release-keys'
12-12 14:51:30.687   247   247 F DEBUG   : Revision: '0'
12-12 14:51:30.687   247   247 F DEBUG   : ABI: 'arm'
12-12 14:51:30.688   247   247 F DEBUG   : pid: 11365, tid: 11365, name: ndroid.systemui  >>> com.android.systemui <<<
12-12 14:51:30.688   247   247 F DEBUG   : signal 6 (SIGABRT), code -6 (SI_TKILL), fault addr --------
12-12 14:51:30.743   247   247 F DEBUG   : Abort message: 'art/runtime/indirect_reference_table.cc:115] JNI ERROR (app bug): local reference table overflow (max=512)'
12-12 14:51:30.743   247   247 F DEBUG   :     r0 00000000  r1 00002c65  r2 00000006  r3 00000000
12-12 14:51:30.743   247   247 F DEBUG   :     r4 b6f51b88  r5 00000006  r6 b6f51b38  r7 0000010c
12-12 14:51:30.743   247   247 F DEBUG   :     r8 b4e3f828  r9 b4e3de58  sl b4f77e60  fp b4e255a4
12-12 14:51:30.743   247   247 F DEBUG   :     ip 00000000  sp bedc75d8  lr b6ca8e81  pc b6cab5e4  cpsr 20070010
12-12 14:51:30.773   247   247 F DEBUG   : 
12-12 14:51:30.773   247   247 F DEBUG   : backtrace:
12-12 14:51:30.773   247   247 F DEBUG   :     #00 pc 0004a5e4  /system/lib/libc.so (tgkill+12)
12-12 14:51:30.773   247   247 F DEBUG   :     #01 pc 00047e7d  /system/lib/libc.so (pthread_kill+36)
12-12 14:51:30.773   247   247 F DEBUG   :     #02 pc 0001bc03  /system/lib/libc.so (raise+10)
12-12 14:51:30.773   247   247 F DEBUG   :     #03 pc 000184ad  /system/lib/libc.so (__libc_android_abort+36)
12-12 14:51:30.773   247   247 F DEBUG   :     #04 pc 0001650c  /system/lib/libc.so (abort+4)
12-12 14:51:30.773   247   247 F DEBUG   :     #05 pc 00315d81  /system/lib/libart.so (_ZN3art7Runtime5AbortEv+212)
12-12 14:51:30.773   247   247 F DEBUG   :     #06 pc 000f3bed  /system/lib/libart.so (_ZN3art10LogMessageD2Ev+1296)
12-12 14:51:30.773   247   247 F DEBUG   :     #07 pc 000f0c53  /system/lib/libart.so (_ZN3art7BarrierD2Ev+182)
12-12 14:51:30.773   247   247 F DEBUG   :     #08 pc 0033c279  /system/lib/libart.so (_ZN3art10ThreadList4DumpERNSt3__113basic_ostreamIcNS1_11char_traitsIcEEEE+144)
12-12 14:51:30.773   247   247 F DEBUG   :     #09 pc 00315e43  /system/lib/libart.so (_ZN3art7Runtime5AbortEv+406)
12-12 14:51:30.773   247   247 F DEBUG   :     #10 pc 000f3bed  /system/lib/libart.so (_ZN3art10LogMessageD2Ev+1296)
12-12 14:51:30.773   247   247 F DEBUG   :     #11 pc 001cffc9  /system/lib/libart.so (_ZN3art22IndirectReferenceTable3AddEjPNS_6mirror6ObjectE+228)
12-12 14:51:30.773   247   247 F DEBUG   :     #12 pc 0019fd37  /system/lib/libart.so (_ZN3art2gc4Heap21AddFinalizerReferenceEPNS_6ThreadEPPNS_6mirror6ObjectE+338)
12-12 14:51:30.773   247   247 F DEBUG   :     #13 pc 003abc9b  /system/lib/libart.so (artAllocObjectFromCodeRosAlloc+318)
12-12 14:51:30.773   247   247 F DEBUG   :     #14 pc 000e7dfd  /system/lib/libart.so (art_quick_alloc_object_rosalloc+28)
12-12 14:51:30.773   247   247 F DEBUG   :     #15 pc 73dc2d45  /data/dalvik-cache/arm/system@framework@boot.oat (offset 0x1fe2000)
12-12 14:51:31.245   247   247 F DEBUG   : 
12-12 14:51:31.245   247   247 F DEBUG   : Tombstone written to: /data/tombstones/tombstone_04
12-12 14:51:33.017 11408 11408 F libc    : Fatal signal 6 (SIGABRT), code -6 in tid 11408 (ndroid.systemui)
12-12 14:51:33.119   247   247 F DEBUG   : *** *** *** *** *** *** *** *** *** *** *** *** *** *** *** ***
12-12 14:51:33.120   247   247 F DEBUG   : CM Version: 'unknown'
12-12 14:51:33.120   247   247 F DEBUG   : Build fingerprint: 'OnePlus/OnePlus/OnePlus:5.1.1/LMY47V/1441677661:user/release-keys'
12-12 14:51:33.120   247   247 F DEBUG   : Revision: '0'
12-12 14:51:33.120   247   247 F DEBUG   : ABI: 'arm'
12-12 14:51:33.120   247   247 F DEBUG   : pid: 11408, tid: 11408, name: ndroid.systemui  >>> com.android.systemui <<<
12-12 14:51:33.120   247   247 F DEBUG   : signal 6 (SIGABRT), code -6 (SI_TKILL), fault addr --------
12-12 14:51:33.175   247   247 F DEBUG   : Abort message: 'art/runtime/indirect_reference_table.cc:115] JNI ERROR (app bug): local reference table overflow (max=512)'
12-12 14:51:33.175   247   247 E DEBUG   : AM write failed: Broken pipe
12-12 14:51:33.175   247   247 F DEBUG   :     r0 00000000  r1 00002c90  r2 00000006  r3 00000000
12-12 14:51:33.175   247   247 F DEBUG   :     r4 b6f51b88  r5 00000006  r6 b6f51b38  r7 0000010c
12-12 14:51:33.175   247   247 F DEBUG   :     r8 b4e3f828  r9 b4e3de58  sl b77ff7e0  fp b4e255a4
12-12 14:51:33.175   247   247 F DEBUG   :     ip 00000000  sp bedc75d8  lr b6ca8e81  pc b6cab5e4  cpsr 20070010
12-12 14:51:33.211   247   247 F DEBUG   : 
12-12 14:51:33.211   247   247 F DEBUG   : backtrace:
12-12 14:51:33.211   247   247 F DEBUG   :     #00 pc 0004a5e4  /system/lib/libc.so (tgkill+12)
12-12 14:51:33.211   247   247 F DEBUG   :     #01 pc 00047e7d  /system/lib/libc.so (pthread_kill+36)
12-12 14:51:33.211   247   247 F DEBUG   :     #02 pc 0001bc03  /system/lib/libc.so (raise+10)
12-12 14:51:33.211   247   247 F DEBUG   :     #03 pc 000184ad  /system/lib/libc.so (__libc_android_abort+36)
12-12 14:51:33.211   247   247 F DEBUG   :     #04 pc 0001650c  /system/lib/libc.so (abort+4)
12-12 14:51:33.211   247   247 F DEBUG   :     #05 pc 00315d81  /system/lib/libart.so (_ZN3art7Runtime5AbortEv+212)
12-12 14:51:33.211   247   247 F DEBUG   :     #06 pc 000f3bed  /system/lib/libart.so (_ZN3art10LogMessageD2Ev+1296)
12-12 14:51:33.211   247   247 F DEBUG   :     #07 pc 000f0c53  /system/lib/libart.so (_ZN3art7BarrierD2Ev+182)
12-12 14:51:33.211   247   247 F DEBUG   :     #08 pc 0033c279  /system/lib/libart.so (_ZN3art10ThreadList4DumpERNSt3__113basic_ostreamIcNS1_11char_traitsIcEEEE+144)
12-12 14:51:33.211   247   247 F DEBUG   :     #09 pc 00315e43  /system/lib/libart.so (_ZN3art7Runtime5AbortEv+406)
12-12 14:51:33.211   247   247 F DEBUG   :     #10 pc 000f3bed  /system/lib/libart.so (_ZN3art10LogMessageD2Ev+1296)
12-12 14:51:33.211   247   247 F DEBUG   :     #11 pc 001cffc9  /system/lib/libart.so (_ZN3art22IndirectReferenceTable3AddEjPNS_6mirror6ObjectE+228)
12-12 14:51:33.211   247   247 F DEBUG   :     #12 pc 0019fd37  /system/lib/libart.so (_ZN3art2gc4Heap21AddFinalizerReferenceEPNS_6ThreadEPPNS_6mirror6ObjectE+338)
12-12 14:51:33.211   247   247 F DEBUG   :     #13 pc 003abc9b  /system/lib/libart.so (artAllocObjectFromCodeRosAlloc+318)
12-12 14:51:33.211   247   247 F DEBUG   :     #14 pc 000e7dfd  /system/lib/libart.so (art_quick_alloc_object_rosalloc+28)
12-12 14:51:33.212   247   247 F DEBUG   :     #15 pc 73dc2d45  /data/dalvik-cache/arm/system@framework@boot.oat (offset 0x1fe2000)
12-12 14:51:33.619   247   247 F DEBUG   : 
12-12 14:51:33.619   247   247 F DEBUG   : Tombstone written to: /data/tombstones/tombstone_05
12-12 14:51:35.291 11467 11467 F libc    : Fatal signal 6 (SIGABRT), code -6 in tid 11467 (ndroid.systemui)
12-12 14:51:35.398   247   247 F DEBUG   : *** *** *** *** *** *** *** *** *** *** *** *** *** *** *** ***
12-12 14:51:35.398   247   247 E DEBUG   : AM write failed: Broken pipe
12-12 14:51:35.398   247   247 F DEBUG   : CM Version: 'unknown'
12-12 14:51:35.398   247   247 F DEBUG   : Build fingerprint: 'OnePlus/OnePlus/OnePlus:5.1.1/LMY47V/1441677661:user/release-keys'
12-12 14:51:35.399   247   247 F DEBUG   : Revision: '0'
12-12 14:51:35.399   247   247 F DEBUG   : ABI: 'arm'
12-12 14:51:35.400   247   247 F DEBUG   : pid: 11467, tid: 11467, name: ndroid.systemui  >>> com.android.systemui <<<
12-12 14:51:35.400   247   247 F DEBUG   : signal 6 (SIGABRT), code -6 (SI_TKILL), fault addr --------
12-12 14:51:35.464   247   247 F DEBUG   : Abort message: 'art/runtime/indirect_reference_table.cc:115] JNI ERROR (app bug): local reference table overflow (max=512)'
12-12 14:51:35.464   247   247 F DEBUG   :     r0 00000000  r1 00002ccb  r2 00000006  r3 00000000
12-12 14:51:35.464   247   247 F DEBUG   :     r4 b6f51b88  r5 00000006  r6 b6f51b38  r7 0000010c
12-12 14:51:35.464   247   247 F DEBUG   :     r8 b4e3f828  r9 b4e3de58  sl b7f7efe0  fp b4e255a4
12-12 14:51:35.464   247   247 F DEBUG   :     ip 00000000  sp bedc75d8  lr b6ca8e81  pc b6cab5e4  cpsr 20070010
12-12 14:51:35.492   247   247 F DEBUG   : 
12-12 14:51:35.492   247   247 F DEBUG   : backtrace:
12-12 14:51:35.492   247   247 F DEBUG   :     #00 pc 0004a5e4  /system/lib/libc.so (tgkill+12)
12-12 14:51:35.492   247   247 F DEBUG   :     #01 pc 00047e7d  /system/lib/libc.so (pthread_kill+36)
12-12 14:51:35.492   247   247 F DEBUG   :     #02 pc 0001bc03  /system/lib/libc.so (raise+10)
12-12 14:51:35.492   247   247 F DEBUG   :     #03 pc 000184ad  /system/lib/libc.so (__libc_android_abort+36)
12-12 14:51:35.492   247   247 F DEBUG   :     #04 pc 0001650c  /system/lib/libc.so (abort+4)
12-12 14:51:35.492   247   247 F DEBUG   :     #05 pc 00315d81  /system/lib/libart.so (_ZN3art7Runtime5AbortEv+212)
12-12 14:51:35.492   247   247 F DEBUG   :     #06 pc 000f3bed  /system/lib/libart.so (_ZN3art10LogMessageD2Ev+1296)
12-12 14:51:35.492   247   247 F DEBUG   :     #07 pc 000f0c53  /system/lib/libart.so (_ZN3art7BarrierD2Ev+182)
12-12 14:51:35.492   247   247 F DEBUG   :     #08 pc 0033c279  /system/lib/libart.so (_ZN3art10ThreadList4DumpERNSt3__113basic_ostreamIcNS1_11char_traitsIcEEEE+144)
12-12 14:51:35.492   247   247 F DEBUG   :     #09 pc 00315e43  /system/lib/libart.so (_ZN3art7Runtime5AbortEv+406)
12-12 14:51:35.492   247   247 F DEBUG   :     #10 pc 000f3bed  /system/lib/libart.so (_ZN3art10LogMessageD2Ev+1296)
12-12 14:51:35.492   247   247 F DEBUG   :     #11 pc 001cffc9  /system/lib/libart.so (_ZN3art22IndirectReferenceTable3AddEjPNS_6mirror6ObjectE+228)
12-12 14:51:35.492   247   247 F DEBUG   :     #12 pc 0019fd37  /system/lib/libart.so (_ZN3art2gc4Heap21AddFinalizerReferenceEPNS_6ThreadEPPNS_6mirror6ObjectE+338)
12-12 14:51:35.492   247   247 F DEBUG   :     #13 pc 003abc9b  /system/lib/libart.so (artAllocObjectFromCodeRosAlloc+318)
12-12 14:51:35.492   247   247 F DEBUG   :     #14 pc 000e7dfd  /system/lib/libart.so (art_quick_alloc_object_rosalloc+28)
12-12 14:51:35.492   247   247 F DEBUG   :     #15 pc 73dc2d45  /data/dalvik-cache/arm/system@framework@boot.oat (offset 0x1fe2000)
12-12 14:51:35.964   247   247 F DEBUG   : 
12-12 14:51:35.964   247   247 F DEBUG   : Tombstone written to: /data/tombstones/tombstone_06
12-12 14:51:37.597 11537 11537 F libc    : Fatal signal 6 (SIGABRT), code -6 in tid 11537 (ndroid.systemui)
12-12 14:51:37.700   247   247 F DEBUG   : *** *** *** *** *** *** *** *** *** *** *** *** *** *** *** ***
12-12 14:51:37.702   247   247 F DEBUG   : CM Version: 'unknown'
12-12 14:51:37.702   247   247 E DEBUG   : AM write failed: Broken pipe
12-12 14:51:37.702   247   247 F DEBUG   : Build fingerprint: 'OnePlus/OnePlus/OnePlus:5.1.1/LMY47V/1441677661:user/release-keys'
12-12 14:51:37.702   247   247 F DEBUG   : Revision: '0'
12-12 14:51:37.703   247   247 F DEBUG   : ABI: 'arm'
12-12 14:51:37.703   247   247 F DEBUG   : pid: 11537, tid: 11537, name: ndroid.systemui  >>> com.android.systemui <<<
12-12 14:51:37.704   247   247 F DEBUG   : signal 6 (SIGABRT), code -6 (SI_TKILL), fault addr --------
12-12 14:51:37.733   247   247 F DEBUG   : Abort message: 'art/runtime/indirect_reference_table.cc:115] JNI ERROR (app bug): local reference table overflow (max=512)'
12-12 14:51:37.733   247   247 F DEBUG   :     r0 00000000  r1 00002d11  r2 00000006  r3 00000000
12-12 14:51:37.733   247   247 F DEBUG   :     r4 b6f51b88  r5 00000006  r6 b6f51b38  r7 0000010c
12-12 14:51:37.733   247   247 F DEBUG   :     r8 b4e3f828  r9 b4e3de58  sl b4f7ee60  fp b4e255a4
12-12 14:51:37.733   247   247 F DEBUG   :     ip 00000000  sp bedc75d8  lr b6ca8e81  pc b6cab5e4  cpsr 20070010
12-12 14:51:37.754   247   247 F DEBUG   : 
12-12 14:51:37.754   247   247 F DEBUG   : backtrace:
12-12 14:51:37.754   247   247 F DEBUG   :     #00 pc 0004a5e4  /system/lib/libc.so (tgkill+12)
12-12 14:51:37.754   247   247 F DEBUG   :     #01 pc 00047e7d  /system/lib/libc.so (pthread_kill+36)
12-12 14:51:37.754   247   247 F DEBUG   :     #02 pc 0001bc03  /system/lib/libc.so (raise+10)
12-12 14:51:37.755   247   247 F DEBUG   :     #03 pc 000184ad  /system/lib/libc.so (__libc_android_abort+36)
12-12 14:51:37.755   247   247 F DEBUG   :     #04 pc 0001650c  /system/lib/libc.so (abort+4)
12-12 14:51:37.755   247   247 F DEBUG   :     #05 pc 00315d81  /system/lib/libart.so (_ZN3art7Runtime5AbortEv+212)
12-12 14:51:37.755   247   247 F DEBUG   :     #06 pc 000f3bed  /system/lib/libart.so (_ZN3art10LogMessageD2Ev+1296)
12-12 14:51:37.755   247   247 F DEBUG   :     #07 pc 000f0c53  /system/lib/libart.so (_ZN3art7BarrierD2Ev+182)
12-12 14:51:37.755   247   247 F DEBUG   :     #08 pc 0033c279  /system/lib/libart.so (_ZN3art10ThreadList4DumpERNSt3__113basic_ostreamIcNS1_11char_traitsIcEEEE+144)
12-12 14:51:37.755   247   247 F DEBUG   :     #09 pc 00315e43  /system/lib/libart.so (_ZN3art7Runtime5AbortEv+406)
12-12 14:51:37.755   247   247 F DEBUG   :     #10 pc 000f3bed  /system/lib/libart.so (_ZN3art10LogMessageD2Ev+1296)
12-12 14:51:37.755   247   247 F DEBUG   :     #11 pc 001cffc9  /system/lib/libart.so (_ZN3art22IndirectReferenceTable3AddEjPNS_6mirror6ObjectE+228)
12-12 14:51:37.755   247   247 F DEBUG   :     #12 pc 0019fd37  /system/lib/libart.so (_ZN3art2gc4Heap21AddFinalizerReferenceEPNS_6ThreadEPPNS_6mirror6ObjectE+338)
12-12 14:51:37.755   247   247 F DEBUG   :     #13 pc 003abc9b  /system/lib/libart.so (artAllocObjectFromCodeRosAlloc+318)
12-12 14:51:37.755   247   247 F DEBUG   :     #14 pc 000e7dfd  /system/lib/libart.so (art_quick_alloc_object_rosalloc+28)
12-12 14:51:37.755   247   247 F DEBUG   :     #15 pc 73dc2d45  /data/dalvik-cache/arm/system@framework@boot.oat (offset 0x1fe2000)
12-12 14:51:38.206   247   247 F DEBUG   : 
12-12 14:51:38.206   247   247 F DEBUG   : Tombstone written to: /data/tombstones/tombstone_07
12-12 14:51:39.817 11591 11591 F libc    : Fatal signal 6 (SIGABRT), code -6 in tid 11591 (ndroid.systemui)
12-12 14:51:39.918   247   247 F DEBUG   : *** *** *** *** *** *** *** *** *** *** *** *** *** *** *** ***
12-12 14:51:39.919   247   247 F DEBUG   : CM Version: 'unknown'
12-12 14:51:39.919   247   247 F DEBUG   : Build fingerprint: 'OnePlus/OnePlus/OnePlus:5.1.1/LMY47V/1441677661:user/release-keys'
12-12 14:51:39.919   247   247 F DEBUG   : Revision: '0'
12-12 14:51:39.919   247   247 F DEBUG   : ABI: 'arm'
12-12 14:51:39.919   247   247 F DEBUG   : pid: 11591, tid: 11591, name: ndroid.systemui  >>> com.android.systemui <<<
12-12 14:51:39.919   247   247 F DEBUG   : signal 6 (SIGABRT), code -6 (SI_TKILL), fault addr --------
12-12 14:51:39.948   247   247 F DEBUG   : Abort message: 'art/runtime/indirect_reference_table.cc:115] JNI ERROR (app bug): local reference table overflow (max=512)'
12-12 14:51:39.948   247   247 E DEBUG   : AM write failed: Broken pipe
12-12 14:51:39.948   247   247 F DEBUG   :     r0 00000000  r1 00002d47  r2 00000006  r3 00000000
12-12 14:51:39.948   247   247 F DEBUG   :     r4 b6f51b88  r5 00000006  r6 b6f51b38  r7 0000010c
12-12 14:51:39.948   247   247 F DEBUG   :     r8 b4e3f828  r9 b4e3de58  sl b7f7fd60  fp b4e255a4
12-12 14:51:39.948   247   247 F DEBUG   :     ip 00000000  sp bedc75d8  lr b6ca8e81  pc b6cab5e4  cpsr 20070010
12-12 14:51:39.971   247   247 F DEBUG   : 
12-12 14:51:39.971   247   247 F DEBUG   : backtrace:
12-12 14:51:39.971   247   247 F DEBUG   :     #00 pc 0004a5e4  /system/lib/libc.so (tgkill+12)
12-12 14:51:39.971   247   247 F DEBUG   :     #01 pc 00047e7d  /system/lib/libc.so (pthread_kill+36)
12-12 14:51:39.971   247   247 F DEBUG   :     #02 pc 0001bc03  /system/lib/libc.so (raise+10)
12-12 14:51:39.971   247   247 F DEBUG   :     #03 pc 000184ad  /system/lib/libc.so (__libc_android_abort+36)
12-12 14:51:39.971   247   247 F DEBUG   :     #04 pc 0001650c  /system/lib/libc.so (abort+4)
12-12 14:51:39.971   247   247 F DEBUG   :     #05 pc 00315d81  /system/lib/libart.so (_ZN3art7Runtime5AbortEv+212)
12-12 14:51:39.971   247   247 F DEBUG   :     #06 pc 000f3bed  /system/lib/libart.so (_ZN3art10LogMessageD2Ev+1296)
12-12 14:51:39.971   247   247 F DEBUG   :     #07 pc 000f0c53  /system/lib/libart.so (_ZN3art7BarrierD2Ev+182)
12-12 14:51:39.971   247   247 F DEBUG   :     #08 pc 0033c279  /system/lib/libart.so (_ZN3art10ThreadList4DumpERNSt3__113basic_ostreamIcNS1_11char_traitsIcEEEE+144)
12-12 14:51:39.971   247   247 F DEBUG   :     #09 pc 00315e43  /system/lib/libart.so (_ZN3art7Runtime5AbortEv+406)
12-12 14:51:39.971   247   247 F DEBUG   :     #10 pc 000f3bed  /system/lib/libart.so (_ZN3art10LogMessageD2Ev+1296)
12-12 14:51:39.971   247   247 F DEBUG   :     #11 pc 001cffc9  /system/lib/libart.so (_ZN3art22IndirectReferenceTable3AddEjPNS_6mirror6ObjectE+228)
12-12 14:51:39.971   247   247 F DEBUG   :     #12 pc 0019fd37  /system/lib/libart.so (_ZN3art2gc4Heap21AddFinalizerReferenceEPNS_6ThreadEPPNS_6mirror6ObjectE+338)
12-12 14:51:39.972   247   247 F DEBUG   :     #13 pc 003abc9b  /system/lib/libart.so (artAllocObjectFromCodeRosAlloc+318)
12-12 14:51:39.972   247   247 F DEBUG   :     #14 pc 000e7dfd  /system/lib/libart.so (art_quick_alloc_object_rosalloc+28)
12-12 14:51:39.972   247   247 F DEBUG   :     #15 pc 73dc2d45  /data/dalvik-cache/arm/system@framework@boot.oat (offset 0x1fe2000)
12-12 14:51:40.367   247   247 F DEBUG   : 
12-12 14:51:40.367   247   247 F DEBUG   : Tombstone written to: /data/tombstones/tombstone_08
12-12 14:51:41.667 11651 11651 F art     : art/runtime/indirect_reference_table.cc:115]       196 of com.android.internal.policy.PhoneLayoutInflater (1 unique instances)
12-12 14:51:41.667 11651 11651 F art     : art/runtime/indirect_reference_table.cc:115]       100 of android.content.res.XmlBlock$Parser (97 unique instances)
12-12 14:51:41.667 11651 11651 F art     : art/runtime/indirect_reference_table.cc:115] 
12-12 14:51:42.007 11651 11651 F art     : art/runtime/barrier.cc:90] Check failed: count_ == 0 (count_=-1, 0=0) Attempted to destroy barrier with non zero count
12-12 14:51:42.007 11651 11651 F art     : art/runtime/runtime.cc:372] Runtime aborting --- recursively, so no thread-specific detail!
12-12 14:51:42.007 11651 11651 F art     : art/runtime/runtime.cc:372] 
12-12 14:51:42.007 11651 11651 F libc    : Fatal signal 6 (SIGABRT), code -6 in tid 11651 (ndroid.systemui)
12-12 14:51:42.111   247   247 F DEBUG   : *** *** *** *** *** *** *** *** *** *** *** *** *** *** *** ***
12-12 14:51:42.111   247   247 F DEBUG   : CM Version: 'unknown'
12-12 14:51:42.111   247   247 F DEBUG   : Build fingerprint: 'OnePlus/OnePlus/OnePlus:5.1.1/LMY47V/1441677661:user/release-keys'
12-12 14:51:42.111   247   247 F DEBUG   : Revision: '0'
12-12 14:51:42.111   247   247 F DEBUG   : ABI: 'arm'
12-12 14:51:42.112   247   247 F DEBUG   : pid: 11651, tid: 11651, name: ndroid.systemui  >>> com.android.systemui <<<
12-12 14:51:42.112   247   247 F DEBUG   : signal 6 (SIGABRT), code -6 (SI_TKILL), fault addr --------
12-12 14:51:42.140   247   247 F DEBUG   : Abort message: 'art/runtime/indirect_reference_table.cc:115] JNI ERROR (app bug): local reference table overflow (max=512)'
12-12 14:51:42.140   247   247 E DEBUG   : AM write failed: Broken pipe
12-12 14:51:42.140   247   247 F DEBUG   :     r0 00000000  r1 00002d83  r2 00000006  r3 00000000
12-12 14:51:42.140   247   247 F DEBUG   :     r4 b6f51b88  r5 00000006  r6 b6f51b38  r7 0000010c
12-12 14:51:42.140   247   247 F DEBUG   :     r8 b4e3f828  r9 b4e3de58  sl b4f5fde0  fp b4e255a4
12-12 14:51:42.140   247   247 F DEBUG   :     ip 00000000  sp bedc75d8  lr b6ca8e81  pc b6cab5e4  cpsr 20070010
12-12 14:51:42.161   247   247 F DEBUG   : 
12-12 14:51:42.161   247   247 F DEBUG   : backtrace:
12-12 14:51:42.161   247   247 F DEBUG   :     #00 pc 0004a5e4  /system/lib/libc.so (tgkill+12)
12-12 14:51:42.162   247   247 F DEBUG   :     #01 pc 00047e7d  /system/lib/libc.so (pthread_kill+36)
12-12 14:51:42.162   247   247 F DEBUG   :     #02 pc 0001bc03  /system/lib/libc.so (raise+10)
12-12 14:51:42.162   247   247 F DEBUG   :     #03 pc 000184ad  /system/lib/libc.so (__libc_android_abort+36)
12-12 14:51:42.162   247   247 F DEBUG   :     #04 pc 0001650c  /system/lib/libc.so (abort+4)
12-12 14:51:42.162   247   247 F DEBUG   :     #05 pc 00315d81  /system/lib/libart.so (_ZN3art7Runtime5AbortEv+212)
12-12 14:51:42.162   247   247 F DEBUG   :     #06 pc 000f3bed  /system/lib/libart.so (_ZN3art10LogMessageD2Ev+1296)
12-12 14:51:42.162   247   247 F DEBUG   :     #07 pc 000f0c53  /system/lib/libart.so (_ZN3art7BarrierD2Ev+182)
12-12 14:51:42.162   247   247 F DEBUG   :     #08 pc 0033c279  /system/lib/libart.so (_ZN3art10ThreadList4DumpERNSt3__113basic_ostreamIcNS1_11char_traitsIcEEEE+144)
12-12 14:51:42.162   247   247 F DEBUG   :     #09 pc 00315e43  /system/lib/libart.so (_ZN3art7Runtime5AbortEv+406)
12-12 14:51:42.162   247   247 F DEBUG   :     #10 pc 000f3bed  /system/lib/libart.so (_ZN3art10LogMessageD2Ev+1296)
12-12 14:51:42.162   247   247 F DEBUG   :     #11 pc 001cffc9  /system/lib/libart.so (_ZN3art22IndirectReferenceTable3AddEjPNS_6mirror6ObjectE+228)
12-12 14:51:42.162   247   247 F DEBUG   :     #12 pc 0019fd37  /system/lib/libart.so (_ZN3art2gc4Heap21AddFinalizerReferenceEPNS_6ThreadEPPNS_6mirror6ObjectE+338)
12-12 14:51:42.162   247   247 F DEBUG   :     #13 pc 003abc9b  /system/lib/libart.so (artAllocObjectFromCodeRosAlloc+318)
12-12 14:51:42.162   247   247 F DEBUG   :     #14 pc 000e7dfd  /system/lib/libart.so (art_quick_alloc_object_rosalloc+28)
12-12 14:51:42.162   247   247 F DEBUG   :     #15 pc 73dc2d45  /data/dalvik-cache/arm/system@framework@boot.oat (offset 0x1fe2000)
12-12 14:51:42.598   247   247 F DEBUG   : 
12-12 14:51:42.598   247   247 F DEBUG   : Tombstone written to: /data/tombstones/tombstone_09
12-12 14:51:43.939 11703 11703 F art     : art/runtime/indirect_reference_table.cc:115] JNI ERROR (app bug): local reference table overflow (max=512)
12-12 14:51:43.940 11703 11703 F art     : art/runtime/indirect_reference_table.cc:115] local reference table dump:
12-12 14:51:43.940 11703 11703 F art     : art/runtime/indirect_reference_table.cc:115]   Last 10 entries (of 512):
12-12 14:51:43.940 11703 11703 F art     : art/runtime/indirect_reference_table.cc:115]       511: 0x12fad7d0 java.lang.Object[] (1 elements)
12-12 14:51:43.940 11703 11703 F art     : art/runtime/indirect_reference_table.cc:115]       510: 0x12ea3640 com.android.systemui.SystemUIApplication
12-12 14:51:43.940 11703 11703 F art     : art/runtime/indirect_reference_table.cc:115]       509: 0x13237000 android.widget.CheckBox
12-12 14:51:43.940 11703 11703 F art     : art/runtime/indirect_reference_table.cc:115]       508: 0x13237000 android.widget.CheckBox
12-12 14:51:43.940 11703 11703 F art     : art/runtime/indirect_reference_table.cc:115]       507: 0x131b53c0 java.lang.Object[] (4 elements)
12-12 14:51:43.940 11703 11703 F art     : art/runtime/indirect_reference_table.cc:115]       506: 0x130397f0 android.content.res.XmlBlock$Parser
12-12 14:51:43.940 11703 11703 F art     : art/runtime/indirect_reference_table.cc:115]       505: 0x12ea3640 com.android.systemui.SystemUIApplication
12-12 14:51:43.940 11703 11703 F art     : art/runtime/indirect_reference_table.cc:115]       504: 0x13237000 android.widget.CheckBox
12-12 14:51:43.940 11703 11703 F art     : art/runtime/indirect_reference_table.cc:115]       503: 0x13237000 android.widget.CheckBox
12-12 14:51:43.940 11703 11703 F art     : art/runtime/indirect_reference_table.cc:115]       502: 0x13237000 android.widget.CheckBox
12-12 14:51:43.940 11703 11703 F art     : art/runtime/indirect_reference_table.cc:115]   Summary:
12-12 14:51:43.940 11703 11703 F art     : art/runtime/indirect_reference_table.cc:115]         2 of com.android.systemui.settings.ToggleSlider (1 unique instances)
12-12 14:51:43.940 11703 11703 F art     : art/runtime/indirect_reference_table.cc:115]         5 of android.widget.CheckBox (1 unique instances)
12-12 14:51:43.940 11703 11703 F art     : art/runtime/indirect_reference_table.cc:115]         3 of com.android.systemui.SystemUIApplication (1 unique instances)
12-12 14:51:43.940 11703 11703 F art     : art/runtime/indirect_reference_table.cc:115]         1 of java.lang.Object[] (1 elements)
12-12 14:51:43.940 11703 11703 F art     : art/runtime/indirect_reference_table.cc:115]        97 of java.lang.Object[] (3 elements) (97 unique instances)
12-12 14:51:43.940 11703 11703 F art     : art/runtime/indirect_reference_table.cc:115]         2 of java.lang.Object[] (4 elements) (2 unique instances)
12-12 14:51:43.940 11703 11703 F art     : art/runtime/indirect_reference_table.cc:115]         6 of java.lang.Class (5 unique instances)
12-12 14:51:43.940 11703 11703 F art     : art/runtime/indirect_reference_table.cc:115]         1 of java.lang.String[] (3 elements)
12-12 14:51:43.940 11703 11703 F art     : art/runtime/indirect_reference_table.cc:115]         3 of java.lang.String (3 unique instances)
12-12 14:51:43.940 11703 11703 F art     : art/runtime/indirect_reference_table.cc:115]        95 of android.widget.LinearLayout (95 unique instances)
12-12 14:51:43.940 11703 11703 F art     : art/runtime/indirect_reference_table.cc:115]         1 of android.widget.FrameLayout
12-12 14:51:43.940 11703 11703 F art     : art/runtime/indirect_reference_table.cc:115]       196 of com.android.internal.policy.PhoneLayoutInflater (1 unique instances)
12-12 14:51:43.940 11703 11703 F art     : art/runtime/indirect_reference_table.cc:115]       100 of android.content.res.XmlBlock$Parser (97 unique instances)
12-12 14:51:43.940 11703 11703 F art     : art/runtime/indirect_reference_table.cc:115] 
12-12 14:51:44.284 11703 11703 F art     : art/runtime/barrier.cc:90] Check failed: count_ == 0 (count_=-1, 0=0) Attempted to destroy barrier with non zero count
12-12 14:51:44.285 11703 11703 F art     : art/runtime/runtime.cc:372] Runtime aborting --- recursively, so no thread-specific detail!
12-12 14:51:44.285 11703 11703 F art     : art/runtime/runtime.cc:372] 
12-12 14:51:44.285 11703 11703 F libc    : Fatal signal 6 (SIGABRT), code -6 in tid 11703 (ndroid.systemui)
12-12 14:51:44.389   247   247 F DEBUG   : *** *** *** *** *** *** *** *** *** *** *** *** *** *** *** ***
12-12 14:51:44.389   247   247 F DEBUG   : CM Version: 'unknown'
12-12 14:51:44.389   247   247 F DEBUG   : Build fingerprint: 'OnePlus/OnePlus/OnePlus:5.1.1/LMY47V/1441677661:user/release-keys'
12-12 14:51:44.389   247   247 F DEBUG   : Revision: '0'
12-12 14:51:44.389   247   247 F DEBUG   : ABI: 'arm'
12-12 14:51:44.390   247   247 E DEBUG   : AM write failed: Broken pipe
12-12 14:51:44.391   247   247 F DEBUG   : pid: 11703, tid: 11703, name: ndroid.systemui  >>> com.android.systemui <<<
12-12 14:51:44.391   247   247 F DEBUG   : signal 6 (SIGABRT), code -6 (SI_TKILL), fault addr --------
12-12 14:51:44.460   247   247 F DEBUG   : Abort message: 'art/runtime/indirect_reference_table.cc:115] JNI ERROR (app bug): local reference table overflow (max=512)'
12-12 14:51:44.460   247   247 F DEBUG   :     r0 00000000  r1 00002db7  r2 00000006  r3 00000000
12-12 14:51:44.460   247   247 F DEBUG   :     r4 b6f51b88  r5 00000006  r6 b6f51b38  r7 0000010c
12-12 14:51:44.461   247   247 F DEBUG   :     r8 b4e3f828  r9 b4e3de58  sl fff36e60  fp b4e255a4
12-12 14:51:44.461   247   247 F DEBUG   :     ip 00000000  sp bedc75d8  lr b6ca8e81  pc b6cab5e4  cpsr 20070010
12-12 14:51:44.484   247   247 F DEBUG   : 
12-12 14:51:44.484   247   247 F DEBUG   : backtrace:
12-12 14:51:44.484   247   247 F DEBUG   :     #00 pc 0004a5e4  /system/lib/libc.so (tgkill+12)
12-12 14:51:44.485   247   247 F DEBUG   :     #01 pc 00047e7d  /system/lib/libc.so (pthread_kill+36)
12-12 14:51:44.485   247   247 F DEBUG   :     #02 pc 0001bc03  /system/lib/libc.so (raise+10)
12-12 14:51:44.485   247   247 F DEBUG   :     #03 pc 000184ad  /system/lib/libc.so (__libc_android_abort+36)
12-12 14:51:44.485   247   247 F DEBUG   :     #04 pc 0001650c  /system/lib/libc.so (abort+4)
12-12 14:51:44.485   247   247 F DEBUG   :     #05 pc 00315d81  /system/lib/libart.so (_ZN3art7Runtime5AbortEv+212)
12-12 14:51:44.485   247   247 F DEBUG   :     #06 pc 000f3bed  /system/lib/libart.so (_ZN3art10LogMessageD2Ev+1296)
12-12 14:51:44.485   247   247 F DEBUG   :     #07 pc 000f0c53  /system/lib/libart.so (_ZN3art7BarrierD2Ev+182)
12-12 14:51:44.485   247   247 F DEBUG   :     #08 pc 0033c279  /system/lib/libart.so (_ZN3art10ThreadList4DumpERNSt3__113basic_ostreamIcNS1_11char_traitsIcEEEE+144)
12-12 14:51:44.485   247   247 F DEBUG   :     #09 pc 00315e43  /system/lib/libart.so (_ZN3art7Runtime5AbortEv+406)
12-12 14:51:44.485   247   247 F DEBUG   :     #10 pc 000f3bed  /system/lib/libart.so (_ZN3art10LogMessageD2Ev+1296)
12-12 14:51:44.485   247   247 F DEBUG   :     #11 pc 001cffc9  /system/lib/libart.so (_ZN3art22IndirectReferenceTable3AddEjPNS_6mirror6ObjectE+228)
12-12 14:51:44.485   247   247 F DEBUG   :     #12 pc 0019fd37  /system/lib/libart.so (_ZN3art2gc4Heap21AddFinalizerReferenceEPNS_6ThreadEPPNS_6mirror6ObjectE+338)
12-12 14:51:44.485   247   247 F DEBUG   :     #13 pc 003abc9b  /system/lib/libart.so (artAllocObjectFromCodeRosAlloc+318)
12-12 14:51:44.485   247   247 F DEBUG   :     #14 pc 000e7dfd  /system/lib/libart.so (art_quick_alloc_object_rosalloc+28)
12-12 14:51:44.485   247   247 F DEBUG   :     #15 pc 73dc2d45  /data/dalvik-cache/arm/system@framework@boot.oat (offset 0x1fe2000)
12-12 14:51:44.941   247   247 F DEBUG   : 
12-12 14:51:44.941   247   247 F DEBUG   : Tombstone written to: /data/tombstones/tombstone_00
12-12 14:51:45.021 11761 11767 E art     : Failed sending reply to debugger: Broken pipe
12-12 14:51:46.785 11761 11761 F art     : art/runtime/indirect_reference_table.cc:115] JNI ERROR (app bug): local reference table overflow (max=512)
12-12 14:51:46.785 11761 11761 F art     : art/runtime/indirect_reference_table.cc:115] local reference table dump:
12-12 14:51:46.785 11761 11761 F art     : art/runtime/indirect_reference_table.cc:115]   Last 10 entries (of 512):
12-12 14:51:46.785 11761 11761 F art     : art/runtime/indirect_reference_table.cc:115]       511: 0x130dee70 java.lang.Object[] (1 elements)
12-12 14:51:46.785 11761 11761 F art     : art/runtime/indirect_reference_table.cc:115]       510: 0x12e967f0 com.android.systemui.SystemUIApplication
12-12 14:51:46.785 11761 11761 F art     : art/runtime/indirect_reference_table.cc:115]       509: 0x1319a400 android.widget.CheckBox
12-12 14:51:46.785 11761 11761 F art     : art/runtime/indirect_reference_table.cc:115]       508: 0x1319a400 android.widget.CheckBox
12-12 14:51:46.785 11761 11761 F art     : art/runtime/indirect_reference_table.cc:115]       507: 0x131b79e0 java.lang.Object[] (4 elements)
12-12 14:51:46.785 11761 11761 F art     : art/runtime/indirect_reference_table.cc:115]       506: 0x131b8430 android.content.res.XmlBlock$Parser
12-12 14:51:46.785 11761 11761 F art     : art/runtime/indirect_reference_table.cc:115]       505: 0x12e967f0 com.android.systemui.SystemUIApplication
12-12 14:51:46.785 11761 11761 F art     : art/runtime/indirect_reference_table.cc:115]       504: 0x1319a400 android.widget.CheckBox
12-12 14:51:46.785 11761 11761 F art     : art/runtime/indirect_reference_table.cc:115]       503: 0x1319a400 android.widget.CheckBox
12-12 14:51:46.785 11761 11761 F art     : art/runtime/indirect_reference_table.cc:115]       502: 0x1319a400 android.widget.CheckBox
12-12 14:51:46.785 11761 11761 F art     : art/runtime/indirect_reference_table.cc:115]   Summary:
12-12 14:51:46.785 11761 11761 F art     : art/runtime/indirect_reference_table.cc:115]         2 of com.android.systemui.settings.ToggleSlider (1 unique instances)
12-12 14:51:46.785 11761 11761 F art     : art/runtime/indirect_reference_table.cc:115]         5 of android.widget.CheckBox (1 unique instances)
12-12 14:51:46.785 11761 11761 F art     : art/runtime/indirect_reference_table.cc:115]         3 of com.android.systemui.SystemUIApplication (1 unique instances)
12-12 14:51:46.785 11761 11761 F art     : art/runtime/indirect_reference_table.cc:115]         1 of java.lang.Object[] (1 elements)
12-12 14:51:46.785 11761 11761 F art     : art/runtime/indirect_reference_table.cc:115]        97 of java.lang.Object[] (3 elements) (97 unique instances)
12-12 14:51:46.785 11761 11761 F art     : art/runtime/indirect_reference_table.cc:115]         2 of java.lang.Object[] (4 elements) (2 unique instances)
12-12 14:51:46.785 11761 11761 F art     : art/runtime/indirect_reference_table.cc:115]         6 of java.lang.Class (5 unique instances)
12-12 14:51:46.785 11761 11761 F art     : art/runtime/indirect_reference_table.cc:115]         1 of java.lang.String[] (3 elements)
12-12 14:51:46.785 11761 11761 F art     : art/runtime/indirect_reference_table.cc:115]         3 of java.lang.String (3 unique instances)
12-12 14:51:46.785 11761 11761 F art     : art/runtime/indirect_reference_table.cc:115]        95 of android.widget.LinearLayout (95 unique instances)
12-12 14:51:46.785 11761 11761 F art     : art/runtime/indirect_reference_table.cc:115]         1 of android.widget.FrameLayout
12-12 14:51:46.785 11761 11761 F art     : art/runtime/indirect_reference_table.cc:115]       196 of com.android.internal.policy.PhoneLayoutInflater (1 unique instances)
12-12 14:51:46.785 11761 11761 F art     : art/runtime/indirect_reference_table.cc:115]       100 of android.content.res.XmlBlock$Parser (97 unique instances)
12-12 14:51:46.785 11761 11761 F art     : art/runtime/indirect_reference_table.cc:115] 
12-12 14:51:47.123 11761 11761 F art     : art/runtime/barrier.cc:90] Check failed: count_ == 0 (count_=-1, 0=0) Attempted to destroy barrier with non zero count
12-12 14:51:47.123 11761 11761 F art     : art/runtime/runtime.cc:372] Runtime aborting --- recursively, so no thread-specific detail!
12-12 14:51:47.123 11761 11761 F art     : art/runtime/runtime.cc:372] 
12-12 14:51:47.123 11761 11761 F libc    : Fatal signal 6 (SIGABRT), code -6 in tid 11761 (ndroid.systemui)
12-12 14:51:47.231   247   247 F DEBUG   : *** *** *** *** *** *** *** *** *** *** *** *** *** *** *** ***
12-12 14:51:47.231   247   247 E DEBUG   : AM write failed: Broken pipe
12-12 14:51:47.231   247   247 F DEBUG   : CM Version: 'unknown'
12-12 14:51:47.231   247   247 F DEBUG   : Build fingerprint: 'OnePlus/OnePlus/OnePlus:5.1.1/LMY47V/1441677661:user/release-keys'
12-12 14:51:47.231   247   247 F DEBUG   : Revision: '0'
12-12 14:51:47.232   247   247 F DEBUG   : ABI: 'arm'
12-12 14:51:47.232   247   247 F DEBUG   : pid: 11761, tid: 11761, name: ndroid.systemui  >>> com.android.systemui <<<
12-12 14:51:47.232   247   247 F DEBUG   : signal 6 (SIGABRT), code -6 (SI_TKILL), fault addr --------
12-12 14:51:47.287   247   247 F DEBUG   : Abort message: 'art/runtime/indirect_reference_table.cc:115] JNI ERROR (app bug): local reference table overflow (max=512)'
12-12 14:51:47.287   247   247 F DEBUG   :     r0 00000000  r1 00002df1  r2 00000006  r3 00000000
12-12 14:51:47.287   247   247 F DEBUG   :     r4 b6f51b88  r5 00000006  r6 b6f51b38  r7 0000010c
12-12 14:51:47.287   247   247 F DEBUG   :     r8 b4e3f828  r9 b4e3de58  sl b5d5abe0  fp b4e255a4
12-12 14:51:47.287   247   247 F DEBUG   :     ip 00000000  sp bedc75d8  lr b6ca8e81  pc b6cab5e4  cpsr 20070010
12-12 14:51:47.317   247   247 F DEBUG   : 
12-12 14:51:47.317   247   247 F DEBUG   : backtrace:
12-12 14:51:47.317   247   247 F DEBUG   :     #00 pc 0004a5e4  /system/lib/libc.so (tgkill+12)
12-12 14:51:47.317   247   247 F DEBUG   :     #01 pc 00047e7d  /system/lib/libc.so (pthread_kill+36)
12-12 14:51:47.317   247   247 F DEBUG   :     #02 pc 0001bc03  /system/lib/libc.so (raise+10)
12-12 14:51:47.317   247   247 F DEBUG   :     #03 pc 000184ad  /system/lib/libc.so (__libc_android_abort+36)
12-12 14:51:47.317   247   247 F DEBUG   :     #04 pc 0001650c  /system/lib/libc.so (abort+4)
12-12 14:51:47.317   247   247 F DEBUG   :     #05 pc 00315d81  /system/lib/libart.so (_ZN3art7Runtime5AbortEv+212)
12-12 14:51:47.317   247   247 F DEBUG   :     #06 pc 000f3bed  /system/lib/libart.so (_ZN3art10LogMessageD2Ev+1296)
12-12 14:51:47.317   247   247 F DEBUG   :     #07 pc 000f0c53  /system/lib/libart.so (_ZN3art7BarrierD2Ev+182)
12-12 14:51:47.317   247   247 F DEBUG   :     #08 pc 0033c279  /system/lib/libart.so (_ZN3art10ThreadList4DumpERNSt3__113basic_ostreamIcNS1_11char_traitsIcEEEE+144)
